Archive member included to satisfy reference by file (symbol)

D:/STM32CubeIDE_1.15.0/STM32CubeIDE/plugins/com.st.stm32cube.ide.mcu.externaltools.gnu-tools-for-stm32.12.3.rel1.win32_1.1.0.202410251130/tools/bin/../lib/gcc/arm-none-eabi/12.3.1/../../../../arm-none-eabi/lib/thumb/v6-m/nofp\libc_nano.a(libc_a-exit.o)
                              D:/STM32CubeIDE_1.15.0/STM32CubeIDE/plugins/com.st.stm32cube.ide.mcu.externaltools.gnu-tools-for-stm32.12.3.rel1.win32_1.1.0.202410251130/tools/bin/../lib/gcc/arm-none-eabi/12.3.1/../../../../arm-none-eabi/lib/thumb/v6-m/nofp/crt0.o (exit)
D:/STM32CubeIDE_1.15.0/STM32CubeIDE/plugins/com.st.stm32cube.ide.mcu.externaltools.gnu-tools-for-stm32.12.3.rel1.win32_1.1.0.202410251130/tools/bin/../lib/gcc/arm-none-eabi/12.3.1/../../../../arm-none-eabi/lib/thumb/v6-m/nofp\libc_nano.a(libc_a-findfp.o)
                              D:/STM32CubeIDE_1.15.0/STM32CubeIDE/plugins/com.st.stm32cube.ide.mcu.externaltools.gnu-tools-for-stm32.12.3.rel1.win32_1.1.0.202410251130/tools/bin/../lib/gcc/arm-none-eabi/12.3.1/../../../../arm-none-eabi/lib/thumb/v6-m/nofp\libc_nano.a(libc_a-exit.o) (__stdio_exit_handler)
D:/STM32CubeIDE_1.15.0/STM32CubeIDE/plugins/com.st.stm32cube.ide.mcu.externaltools.gnu-tools-for-stm32.12.3.rel1.win32_1.1.0.202410251130/tools/bin/../lib/gcc/arm-none-eabi/12.3.1/../../../../arm-none-eabi/lib/thumb/v6-m/nofp\libc_nano.a(libc_a-fwalk.o)
                              D:/STM32CubeIDE_1.15.0/STM32CubeIDE/plugins/com.st.stm32cube.ide.mcu.externaltools.gnu-tools-for-stm32.12.3.rel1.win32_1.1.0.202410251130/tools/bin/../lib/gcc/arm-none-eabi/12.3.1/../../../../arm-none-eabi/lib/thumb/v6-m/nofp\libc_nano.a(libc_a-findfp.o) (_fwalk_sglue)
D:/STM32CubeIDE_1.15.0/STM32CubeIDE/plugins/com.st.stm32cube.ide.mcu.externaltools.gnu-tools-for-stm32.12.3.rel1.win32_1.1.0.202410251130/tools/bin/../lib/gcc/arm-none-eabi/12.3.1/../../../../arm-none-eabi/lib/thumb/v6-m/nofp\libc_nano.a(libc_a-puts.o)
                              ./Core/Src/main.o (puts)
D:/STM32CubeIDE_1.15.0/STM32CubeIDE/plugins/com.st.stm32cube.ide.mcu.externaltools.gnu-tools-for-stm32.12.3.rel1.win32_1.1.0.202410251130/tools/bin/../lib/gcc/arm-none-eabi/12.3.1/../../../../arm-none-eabi/lib/thumb/v6-m/nofp\libc_nano.a(libc_a-snprintf.o)
                              ./Core/SSD1306/ssd1306_tests.o (snprintf)
D:/STM32CubeIDE_1.15.0/STM32CubeIDE/plugins/com.st.stm32cube.ide.mcu.externaltools.gnu-tools-for-stm32.12.3.rel1.win32_1.1.0.202410251130/tools/bin/../lib/gcc/arm-none-eabi/12.3.1/../../../../arm-none-eabi/lib/thumb/v6-m/nofp\libc_nano.a(libc_a-stdio.o)
                              D:/STM32CubeIDE_1.15.0/STM32CubeIDE/plugins/com.st.stm32cube.ide.mcu.externaltools.gnu-tools-for-stm32.12.3.rel1.win32_1.1.0.202410251130/tools/bin/../lib/gcc/arm-none-eabi/12.3.1/../../../../arm-none-eabi/lib/thumb/v6-m/nofp\libc_nano.a(libc_a-findfp.o) (__sread)
D:/STM32CubeIDE_1.15.0/STM32CubeIDE/plugins/com.st.stm32cube.ide.mcu.externaltools.gnu-tools-for-stm32.12.3.rel1.win32_1.1.0.202410251130/tools/bin/../lib/gcc/arm-none-eabi/12.3.1/../../../../arm-none-eabi/lib/thumb/v6-m/nofp\libc_nano.a(libc_a-wbuf.o)
                              D:/STM32CubeIDE_1.15.0/STM32CubeIDE/plugins/com.st.stm32cube.ide.mcu.externaltools.gnu-tools-for-stm32.12.3.rel1.win32_1.1.0.202410251130/tools/bin/../lib/gcc/arm-none-eabi/12.3.1/../../../../arm-none-eabi/lib/thumb/v6-m/nofp\libc_nano.a(libc_a-puts.o) (__swbuf_r)
D:/STM32CubeIDE_1.15.0/STM32CubeIDE/plugins/com.st.stm32cube.ide.mcu.externaltools.gnu-tools-for-stm32.12.3.rel1.win32_1.1.0.202410251130/tools/bin/../lib/gcc/arm-none-eabi/12.3.1/../../../../arm-none-eabi/lib/thumb/v6-m/nofp\libc_nano.a(libc_a-wsetup.o)
                              D:/STM32CubeIDE_1.15.0/STM32CubeIDE/plugins/com.st.stm32cube.ide.mcu.externaltools.gnu-tools-for-stm32.12.3.rel1.win32_1.1.0.202410251130/tools/bin/../lib/gcc/arm-none-eabi/12.3.1/../../../../arm-none-eabi/lib/thumb/v6-m/nofp\libc_nano.a(libc_a-puts.o) (__swsetup_r)
D:/STM32CubeIDE_1.15.0/STM32CubeIDE/plugins/com.st.stm32cube.ide.mcu.externaltools.gnu-tools-for-stm32.12.3.rel1.win32_1.1.0.202410251130/tools/bin/../lib/gcc/arm-none-eabi/12.3.1/../../../../arm-none-eabi/lib/thumb/v6-m/nofp\libc_nano.a(libc_a-memmove.o)
                              ./Core/SSD1306/ssd1306_tests.o (memmove)
D:/STM32CubeIDE_1.15.0/STM32CubeIDE/plugins/com.st.stm32cube.ide.mcu.externaltools.gnu-tools-for-stm32.12.3.rel1.win32_1.1.0.202410251130/tools/bin/../lib/gcc/arm-none-eabi/12.3.1/../../../../arm-none-eabi/lib/thumb/v6-m/nofp\libc_nano.a(libc_a-memset.o)
                              D:/STM32CubeIDE_1.15.0/STM32CubeIDE/plugins/com.st.stm32cube.ide.mcu.externaltools.gnu-tools-for-stm32.12.3.rel1.win32_1.1.0.202410251130/tools/bin/../lib/gcc/arm-none-eabi/12.3.1/../../../../arm-none-eabi/lib/thumb/v6-m/nofp/crt0.o (memset)
[...]
Memory Configuration

Name             Origin             Length             Attributes
RAM              0x20000000         0x00002000         xrw
FLASH            0x08000000         0x00010000         xr
*default*        0x00000000         0xffffffff

Linker script and memory map

LOAD D:/STM32CubeIDE_1.15.0/STM32CubeIDE/plugins/com.st.stm32cube.ide.mcu.externaltools.gnu-tools-for-stm32.12.3.rel1.win32_1.1.0.202410251130/tools/bin/../lib/gcc/arm-none-eabi/12.3.1/thumb/v6-m/nofp/crti.o
LOAD D:/STM32CubeIDE_1.15.0/STM32CubeIDE/plugins/com.st.stm32cube.ide.mcu.externaltools.gnu-tools-for-stm32.12.3.rel1.win32_1.1.0.202410251130/tools/bin/../lib/gcc/arm-none-eabi/12.3.1/thumb/v6-m/nofp/crtbegin.o
LOAD D:/STM32CubeIDE_1.15.0/STM32CubeIDE/plugins/com.st.stm32cube.ide.mcu.externaltools.gnu-tools-for-stm32.12.3.rel1.win32_1.1.0.202410251130/tools/bin/../lib/gcc/arm-none-eabi/12.3.1/../../../../arm-none-eabi/lib/thumb/v6-m/nofp/crt0.o
LOAD ./Core/BSP/Components/gde021a1/font12epd.o
LOAD ./Core/BSP/Components/gde021a1/font16epd.o
LOAD ./Core/BSP/Components/gde021a1/font20epd.o
LOAD ./Core/BSP/Components/gde021a1/font8epd.o
LOAD ./Core/BSP/Components/gde021a1/gde021a1.o
LOAD ./Core/BSP/Components/gde021a1/stm32l0538_discovery.o
LOAD ./Core/BSP/Components/gde021a1/stm32l0538_discovery_epd.o
LOAD ./Core/SSD1306/ssd1306.o
LOAD ./Core/SSD1306/ssd1306_fonts.o
LOAD ./Core/SSD1306/ssd1306_tests.o
LOAD ./Core/Src/main.o
LOAD ./Core/Src/stm32l0xx_hal_msp.o
LOAD ./Core/Src/stm32l0xx_it.o
LOAD ./Core/Src/syscalls.o
LOAD ./Core/Src/sysmem.o
LOAD ./Core/Src/system_stm32l0xx.o
LOAD ./Core/Startup/startup_stm32l053c8tx.o
LOAD ./Drivers/STM32L0xx_HAL_Driver/Src/stm32l0xx_hal.o
LOAD ./Drivers/STM32L0xx_HAL_Driver/Src/stm32l0xx_hal_cortex.o
LOAD ./Drivers/STM32L0xx_HAL_Driver/Src/stm32l0xx_hal_dma.o
LOAD ./Drivers/STM32L0xx_HAL_Driver/Src/stm32l0xx_hal_exti.o
LOAD ./Drivers/STM32L0xx_HAL_Driver/Src/stm32l0xx_hal_flash.o
LOAD ./Drivers/STM32L0xx_HAL_Driver/Src/stm32l0xx_hal_flash_ex.o
LOAD ./Drivers/STM32L0xx_HAL_Driver/Src/stm32l0xx_hal_flash_ramfunc.o
LOAD ./Drivers/STM32L0xx_HAL_Driver/Src/stm32l0xx_hal_gpio.o
LOAD ./Drivers/STM32L0xx_HAL_Driver/Src/stm32l0xx_hal_i2c.o
LOAD ./Drivers/STM32L0xx_HAL_Driver/Src/stm32l0xx_hal_i2c_ex.o
LOAD ./Drivers/STM32L0xx_HAL_Driver/Src/stm32l0xx_hal_pwr.o
LOAD ./Drivers/STM32L0xx_HAL_Driver/Src/stm32l0xx_hal_pwr_ex.o
LOAD ./Drivers/STM32L0xx_HAL_Driver/Src/stm32l0xx_hal_rcc.o
LOAD ./Drivers/STM32L0xx_HAL_Driver/Src/stm32l0xx_hal_rcc_ex.o
LOAD ./Drivers/STM32L0xx_HAL_Driver/Src/stm32l0xx_hal_spi.o
LOAD ./Drivers/STM32L0xx_HAL_Driver/Src/stm32l0xx_hal_uart.o
LOAD ./Drivers/STM32L0xx_HAL_Driver/Src/stm32l0xx_hal_uart_ex.o
START GROUP
LOAD D:/STM32CubeIDE_1.15.0/STM32CubeIDE/plugins/com.st.stm32cube.ide.mcu.externaltools.gnu-tools-for-stm32.12.3.rel1.win32_1.1.0.202410251130/tools/bin/../lib/gcc/arm-none-eabi/12.3.1/../../../../arm-none-eabi/lib/thumb/v6-m/nofp\libc_nano.a
LOAD D:/STM32CubeIDE_1.15.0/STM32CubeIDE/plugins/com.st.stm32cube.ide.mcu.externaltools.gnu-tools-for-stm32.12.3.rel1.win32_1.1.0.202410251130/tools/bin/../lib/gcc/arm-none-eabi/12.3.1/../../../../arm-none-eabi/lib/thumb/v6-m/nofp\libm.a
END GROUP
START GROUP
LOAD D:/STM32CubeIDE_1.15.0/STM32CubeIDE/plugins/com.st.stm32cube.ide.mcu.externaltools.gnu-tools-for-stm32.12.3.rel1.win32_1.1.0.202410251130/tools/bin/../lib/gcc/arm-none-eabi/12.3.1/thumb/v6-m/nofp\libgcc.a
LOAD D:/STM32CubeIDE_1.15.0/STM32CubeIDE/plugins/com.st.stm32cube.ide.mcu.externaltools.gnu-tools-for-stm32.12.3.rel1.win32_1.1.0.202410251130/tools/bin/../lib/gcc/arm-none-eabi/12.3.1/../../../../arm-none-eabi/lib/thumb/v6-m/nofp\libc_nano.a
END GROUP
START GROUP
LOAD D:/STM32CubeIDE_1.15.0/STM32CubeIDE/plugins/com.st.stm32cube.ide.mcu.externaltools.gnu-tools-for-stm32.12.3.rel1.win32_1.1.0.202410251130/tools/bin/../lib/gcc/arm-none-eabi/12.3.1/thumb/v6-m/nofp\libgcc.a
LOAD D:/STM32CubeIDE_1.15.0/STM32CubeIDE/plugins/com.st.stm32cube.ide.mcu.externaltools.gnu-tools-for-stm32.12.3.rel1.win32_1.1.0.202410251130/tools/bin/../lib/gcc/arm-none-eabi/12.3.1/../../../../arm-none-eabi/lib/thumb/v6-m/nofp\libc_nano.a
LOAD D:/STM32CubeIDE_1.15.0/STM32CubeIDE/plugins/com.st.stm32cube.ide.mcu.externaltools.gnu-tools-for-stm32.12.3.rel1.win32_1.1.0.202410251130/tools/bin/../lib/gcc/arm-none-eabi/12.3.1/../../../../arm-none-eabi/lib/thumb/v6-m/nofp\libnosys.a
END GROUP
START GROUP
LOAD D:/STM32CubeIDE_1.15.0/STM32CubeIDE/plugins/com.st.stm32cube.ide.mcu.externaltools.gnu-tools-for-stm32.12.3.rel1.win32_1.1.0.202410251130/tools/bin/../lib/gcc/arm-none-eabi/12.3.1/thumb/v6-m/nofp\libgcc.a
LOAD D:/STM32CubeIDE_1.15.0/STM32CubeIDE/plugins/com.st.stm32cube.ide.mcu.externaltools.gnu-tools-for-stm32.12.3.rel1.win32_1.1.0.202410251130/tools/bin/../lib/gcc/arm-none-eabi/12.3.1/../../../../arm-none-eabi/lib/thumb/v6-m/nofp\libc_nano.a
LOAD D:/STM32CubeIDE_1.15.0/STM32CubeIDE/plugins/com.st.stm32cube.ide.mcu.externaltools.gnu-tools-for-stm32.12.3.rel1.win32_1.1.0.202410251130/tools/bin/../lib/gcc/arm-none-eabi/12.3.1/../../../../arm-none-eabi/lib/thumb/v6-m/nofp\libnosys.a
END GROUP
LOAD D:/STM32CubeIDE_1.15.0/STM32CubeIDE/plugins/com.st.stm32cube.ide.mcu.externaltools.gnu-tools-for-stm32.12.3.rel1.win32_1.1.0.202410251130/tools/bin/../lib/gcc/arm-none-eabi/12.3.1/thumb/v6-m/nofp/crtend.o
LOAD D:/STM32CubeIDE_1.15.0/STM32CubeIDE/plugins/com.st.stm32cube.ide.mcu.externaltools.gnu-tools-for-stm32.12.3.rel1.win32_1.1.0.202410251130/tools/bin/../lib/gcc/arm-none-eabi/12.3.1/thumb/v6-m/nofp/crtn.o
                0x20002000                        _estack = (ORIGIN (RAM) + LENGTH (RAM))
                0x00000200                        _Min_Heap_Size = 0x200
                0x00000400                        _Min_Stack_Size = 0x400

.isr_vector     0x08000000       0xc0
                0x08000000                        . = ALIGN (0x4)
 *(.isr_vector)
 .isr_vector    0x08000000       0xc0 ./Core/Startup/startup_stm32l053c8tx.o
                0x08000000                g_pfnVectors
                0x080000c0                        . = ALIGN (0x4)

.text           0x080000c0     0x6d74
                0x080000c0                        . = ALIGN (0x4)
 *(.text)
 .text          0x080000c0       0x48 D:/STM32CubeIDE_1.15.0/STM32CubeIDE/plugins/com.st.stm32cube.ide.mcu.externaltools.gnu-tools-for-stm32.12.3.rel1.win32_1.1.0.202410251130/tools/bin/../lib/gcc/arm-none-eabi/12.3.1/thumb/v6-m/nofp/crtbegin.o
 .text          0x08000108       0x14 D:/STM32CubeIDE_1.15.0/STM32CubeIDE/plugins/com.st.stm32cube.ide.mcu.externaltools.gnu-tools-for-stm32.12.3.rel1.win32_1.1.0.202410251130/tools/bin/../lib/gcc/arm-none-eabi/12.3.1/thumb/v6-m/nofp\libgcc.a(_thumb1_case_shi.o)
                0x08000108                __gnu_thumb1_case_shi
 .text          0x0800011c      0x114 D:/STM32CubeIDE_1.15.0/STM32CubeIDE/plugins/com.st.stm32cube.ide.mcu.externaltools.gnu-tools-for-stm32.12.3.rel1.win32_1.1.0.202410251130/tools/bin/../lib/gcc/arm-none-eabi/12.3.1/thumb/v6-m/nofp\libgcc.a(_udivsi3.o)
                0x0800011c                __aeabi_uidiv
                0x0800011c                __udivsi3
                0x08000228                __aeabi_uidivmod
 .text          0x08000230        0x4 D:/STM32CubeIDE_1.15.0/STM32CubeIDE/plugins/com.st.stm32cube.ide.mcu.externaltools.gnu-tools-for-stm32.12.3.rel1.win32_1.1.0.202410251130/tools/bin/../lib/gcc/arm-none-eabi/12.3.1/thumb/v6-m/nofp\libgcc.a(_dvmd_tls.o)
                0x08000230                __aeabi_idiv0
                0x08000230                __aeabi_ldiv0
 .text          0x08000234       0x40 D:/STM32CubeIDE_1.15.0/STM32CubeIDE/plugins/com.st.stm32cube.ide.mcu.externaltools.gnu-tools-for-stm32.12.3.rel1.win32_1.1.0.202410251130/tools/bin/../lib/gcc/arm-none-eabi/12.3.1/thumb/v6-m/nofp\libgcc.a(_aeabi_uldivmod.o)
                0x08000234                __aeabi_uldivmod
 .text          0x08000274       0x5c D:/STM32CubeIDE_1.15.0/STM32CubeIDE/plugins/com.st.stm32cube.ide.mcu.externaltools.gnu-tools-for-stm32.12.3.rel1.win32_1.1.0.202410251130/tools/bin/../lib/gcc/arm-none-eabi/12.3.1/thumb/v6-m/nofp\libgcc.a(_muldi3.o)
                0x08000274                __muldi3
                0x08000274                __aeabi_lmul
 .text          0x080002d0      0x198 D:/STM32CubeIDE_1.15.0/STM32CubeIDE/plugins/com.st.stm32cube.ide.mcu.externaltools.gnu-tools-for-stm32.12.3.rel1.win32_1.1.0.202410251130/tools/bin/../lib/gcc/arm-none-eabi/12.3.1/thumb/v6-m/nofp\libgcc.a(_udivmoddi4.o)
                0x080002d0                __udivmoddi4
 .text          0x08000468       0x3c D:/STM32CubeIDE_1.15.0/STM32CubeIDE/plugins/com.st.stm32cube.ide.mcu.externaltools.gnu-tools-for-stm32.12.3.rel1.win32_1.1.0.202410251130/tools/bin/../lib/gcc/arm-none-eabi/12.3.1/thumb/v6-m/nofp\libgcc.a(_clzsi2.o)
                0x08000468                __clzsi2
 .text          0x080004a4       0x18 D:/STM32CubeIDE_1.15.0/STM32CubeIDE/plugins/com.st.stm32cube.ide.mcu.externaltools.gnu-tools-for-stm32.12.3.rel1.win32_1.1.0.202410251130/tools/bin/../lib/gcc/arm-none-eabi/12.3.1/thumb/v6-m/nofp\libgcc.a(_clzdi2.o)
                0x080004a4                __clzdi2
 *(.text*)
 .text.gde021a1_Init
                0x080004bc       0xd0 ./Core/BSP/Components/gde021a1/gde021a1.o
                0x080004bc                gde021a1_Init
 .text.gde021a1_WritePixel
                0x0800058c       0x26 ./Core/BSP/Components/gde021a1/gde021a1.o
                0x0800058c                gde021a1_WritePixel
 .text.gde021a1_SetDisplayWindow
                0x080005b2       0x82 ./Core/BSP/Components/gde021a1/gde021a1.o
                0x080005b2                gde021a1_SetDisplayWindow
 .text.gde021a1_GetEpdPixelWidth
                0x08000634        0xc ./Core/BSP/Components/gde021a1/gde021a1.o
                0x08000634                gde021a1_GetEpdPixelWidth
 .text.gde021a1_GetEpdPixelHeight
                0x08000640        0xc ./Core/BSP/Components/gde021a1/gde021a1.o
                0x08000640                gde021a1_GetEpdPixelHeight
 .text.gde021a1_RefreshDisplay
                0x0800064c       0x1c ./Core/BSP/Components/gde021a1/gde021a1.o
                0x0800064c                gde021a1_RefreshDisplay
 .text.gde021a1_CloseChargePump
                0x08000668       0x1c ./Core/BSP/Components/gde021a1/gde021a1.o
                0x08000668                gde021a1_CloseChargePump
 .text.gde021a1_DrawImage
                0x08000684      0x388 ./Core/BSP/Components/gde021a1/gde021a1.o
                0x08000684                gde021a1_DrawImage
 .text.SPIx_Init
                0x08000a0c       0x7c ./Core/BSP/Components/gde021a1/stm32l0538_discovery.o
 .text.SPIx_Write
                0x08000a88       0x40 ./Core/BSP/Components/gde021a1/stm32l0538_discovery.o
 .text.SPIx_Error
                0x08000ac8       0x1c ./Core/BSP/Components/gde021a1/stm32l0538_discovery.o
 .text.SPIx_MspInit
                0x08000ae4       0x8c ./Core/BSP/Components/gde021a1/stm32l0538_discovery.o
 .text.EPD_IO_Init
                0x08000b70      0x164 ./Core/BSP/Components/gde021a1/stm32l0538_discovery.o
                0x08000b70                EPD_IO_Init
 .text.EPD_IO_WriteData
                0x08000cd4       0x54 ./Core/BSP/Components/gde021a1/stm32l0538_discovery.o
                0x08000cd4                EPD_IO_WriteData
 .text.EPD_IO_WriteReg
                0x08000d28       0x50 ./Core/BSP/Components/gde021a1/stm32l0538_discovery.o
                0x08000d28                EPD_IO_WriteReg
 .text.EPD_Delay
                0x08000d78       0x18 ./Core/BSP/Components/gde021a1/stm32l0538_discovery.o
                0x08000d78                EPD_Delay
 .text.BSP_EPD_Init
                0x08000d90       0x54 ./Core/BSP/Components/gde021a1/stm32l0538_discovery_epd.o
                0x08000d90                BSP_EPD_Init
 .text.BSP_EPD_SetFont
                0x08000de4       0x1c ./Core/BSP/Components/gde021a1/stm32l0538_discovery_epd.o
                0x08000de4                BSP_EPD_SetFont
 .text.BSP_EPD_Clear
                0x08000e00       0x58 ./Core/BSP/Components/gde021a1/stm32l0538_discovery_epd.o
                0x08000e00                BSP_EPD_Clear
 .text.ssd1306_Reset
                0x08000e58        0xa ./Core/SSD1306/ssd1306.o
                0x08000e58                ssd1306_Reset
 *fill*         0x08000e62        0x2 
 .text.ssd1306_WriteCommand
                0x08000e64       0x34 ./Core/SSD1306/ssd1306.o
                0x08000e64                ssd1306_WriteCommand
 .text.ssd1306_WriteData
                0x08000e98       0x34 ./Core/SSD1306/ssd1306.o
                0x08000e98                ssd1306_WriteData
 .text.ssd1306_Init
                0x08000ecc       0xd8 ./Core/SSD1306/ssd1306.o
                0x08000ecc                ssd1306_Init
 .text.ssd1306_Fill
                0x08000fa4       0x34 ./Core/SSD1306/ssd1306.o
                0x08000fa4                ssd1306_Fill
 .text.ssd1306_UpdateScreen
                0x08000fd8       0x5c ./Core/SSD1306/ssd1306.o
                0x08000fd8                ssd1306_UpdateScreen
 .text.ssd1306_DrawPixel
                0x08001034       0xc4 ./Core/SSD1306/ssd1306.o
                0x08001034                ssd1306_DrawPixel
 .text.ssd1306_WriteChar
                0x080010f8      0x154 ./Core/SSD1306/ssd1306.o
                0x080010f8                ssd1306_WriteChar
 .text.ssd1306_WriteString
                0x0800124c       0x56 ./Core/SSD1306/ssd1306.o
                0x0800124c                ssd1306_WriteString
 *fill*         0x080012a2        0x2 
 .text.ssd1306_SetCursor
                0x080012a4       0x34 ./Core/SSD1306/ssd1306.o
                0x080012a4                ssd1306_SetCursor
 .text.ssd1306_SetContrast
                0x080012d8       0x30 ./Core/SSD1306/ssd1306.o
                0x080012d8                ssd1306_SetContrast
 .text.ssd1306_SetDisplayOn
                0x08001308       0x4c ./Core/SSD1306/ssd1306.o
                0x08001308                ssd1306_SetDisplayOn
 .text.sendHexData
                0x08001354       0xb0 ./Core/Src/main.o
                0x08001354                sendHexData
 .text.refreash_display
                0x08001404       0x3c ./Core/Src/main.o
                0x08001404                refreash_display
 .text.clear_ssd1306
                0x08001440       0x14 ./Core/Src/main.o
                0x08001440                clear_ssd1306
 .text._write   0x08001454       0x2c ./Core/Src/main.o
                0x08001454                _write
 .text.main     0x08001480      0x250 ./Core/Src/main.o
                0x08001480                main
 .text.SystemClock_Config
                0x080016d0       0xec ./Core/Src/main.o
                0x080016d0                SystemClock_Config
 .text.MX_I2C1_Init
                0x080017bc       0x80 ./Core/Src/main.o
 .text.MX_SPI1_Init
                0x0800183c       0x70 ./Core/Src/main.o
 .text.MX_USART1_UART_Init
                0x080018ac       0x60 ./Core/Src/main.o
 .text.MX_GPIO_Init
                0x0800190c       0xe8 ./Core/Src/main.o
 .text.HAL_UART_RxCpltCallback
                0x080019f4       0x50 ./Core/Src/main.o
                0x080019f4                HAL_UART_RxCpltCallback
 .text.Error_Handler
                0x08001a44        0xc ./Core/Src/main.o
                0x08001a44                Error_Handler
 .text.HAL_MspInit
                0x08001a50       0x28 ./Core/Src/stm32l0xx_hal_msp.o
                0x08001a50                HAL_MspInit
 .text.HAL_I2C_MspInit
                0x08001a78       0x88 ./Core/Src/stm32l0xx_hal_msp.o
                0x08001a78                HAL_I2C_MspInit
 .text.HAL_SPI_MspInit
                0x08001b00       0x88 ./Core/Src/stm32l0xx_hal_msp.o
                0x08001b00                HAL_SPI_MspInit
 .text.HAL_SPI_MspDeInit
                0x08001b88       0x40 ./Core/Src/stm32l0xx_hal_msp.o
                0x08001b88                HAL_SPI_MspDeInit
 .text.HAL_UART_MspInit
                0x08001bc8       0x98 ./Core/Src/stm32l0xx_hal_msp.o
                0x08001bc8                HAL_UART_MspInit
 .text.NMI_Handler
                0x08001c60        0x8 ./Core/Src/stm32l0xx_it.o
                0x08001c60                NMI_Handler
 .text.HardFault_Handler
                0x08001c68        0x8 ./Core/Src/stm32l0xx_it.o
                0x08001c68                HardFault_Handler
 .text.SVC_Handler
                0x08001c70        0xa ./Core/Src/stm32l0xx_it.o
                0x08001c70                SVC_Handler
 .text.PendSV_Handler
                0x08001c7a        0xa ./Core/Src/stm32l0xx_it.o
                0x08001c7a                PendSV_Handler
 .text.SysTick_Handler
                0x08001c84        0xe ./Core/Src/stm32l0xx_it.o
                0x08001c84                SysTick_Handler
 *fill*         0x08001c92        0x2 
 .text.USART1_IRQHandler
                0x08001c94       0x18 ./Core/Src/stm32l0xx_it.o
                0x08001c94                USART1_IRQHandler
 .text._read    0x08001cac       0x3a ./Core/Src/syscalls.o
                0x08001cac                _read
 .text._close   0x08001ce6       0x14 ./Core/Src/syscalls.o
                0x08001ce6                _close
 .text._fstat   0x08001cfa       0x1c ./Core/Src/syscalls.o
                0x08001cfa                _fstat
 .text._isatty  0x08001d16       0x12 ./Core/Src/syscalls.o
                0x08001d16                _isatty
 .text._lseek   0x08001d28       0x16 ./Core/Src/syscalls.o
                0x08001d28                _lseek
 *fill*         0x08001d3e        0x2 
 .text._sbrk    0x08001d40       0x6c ./Core/Src/sysmem.o
                0x08001d40                _sbrk
 .text.SystemInit
                0x08001dac        0xa ./Core/Src/system_stm32l0xx.o
                0x08001dac                SystemInit
 *fill*         0x08001db6        0x2 
 .text.Reset_Handler
                0x08001db8       0x50 ./Core/Startup/startup_stm32l053c8tx.o
                0x08001db8                Reset_Handler
 .text.Default_Handler
                0x08001e08        0x2 ./Core/Startup/startup_stm32l053c8tx.o
                0x08001e08                TSC_IRQHandler
                0x08001e08                ADC1_COMP_IRQHandler
                0x08001e08                PVD_IRQHandler
                0x08001e08                I2C1_IRQHandler
                0x08001e08                RCC_CRS_IRQHandler
                0x08001e08                SPI1_IRQHandler
                0x08001e08                TIM6_DAC_IRQHandler
                0x08001e08                EXTI2_3_IRQHandler
                0x08001e08                I2C2_IRQHandler
                0x08001e08                RTC_IRQHandler
                0x08001e08                LCD_IRQHandler
                0x08001e08                DMA1_Channel4_5_6_7_IRQHandler
                0x08001e08                EXTI4_15_IRQHandler
                0x08001e08                DMA1_Channel1_IRQHandler
                0x08001e08                Default_Handler
                0x08001e08                TIM22_IRQHandler
                0x08001e08                EXTI0_1_IRQHandler
                0x08001e08                USB_IRQHandler
                0x08001e08                SPI2_IRQHandler
                0x08001e08                TIM21_IRQHandler
                0x08001e08                WWDG_IRQHandler
                0x08001e08                TIM2_IRQHandler
                0x08001e08                DMA1_Channel2_3_IRQHandler
                0x08001e08                USART2_IRQHandler
                0x08001e08                FLASH_IRQHandler
                0x08001e08                RNG_LPUART1_IRQHandler
                0x08001e08                LPTIM1_IRQHandler
 *fill*         0x08001e0a        0x2 
 .text.HAL_Init
                0x08001e0c       0x40 ./Drivers/STM32L0xx_HAL_Driver/Src/stm32l0xx_hal.o
                0x08001e0c                HAL_Init
 .text.HAL_InitTick
                0x08001e4c       0x68 ./Drivers/STM32L0xx_HAL_Driver/Src/stm32l0xx_hal.o
                0x08001e4c                HAL_InitTick
 .text.HAL_IncTick
                0x08001eb4       0x24 ./Drivers/STM32L0xx_HAL_Driver/Src/stm32l0xx_hal.o
                0x08001eb4                HAL_IncTick
 .text.HAL_GetTick
                0x08001ed8       0x14 ./Drivers/STM32L0xx_HAL_Driver/Src/stm32l0xx_hal.o
                0x08001ed8                HAL_GetTick
 .text.HAL_Delay
                0x08001eec       0x48 ./Drivers/STM32L0xx_HAL_Driver/Src/stm32l0xx_hal.o
                0x08001eec                HAL_Delay
 .text.__NVIC_EnableIRQ
                0x08001f34       0x34 ./Drivers/STM32L0xx_HAL_Driver/Src/stm32l0xx_hal_cortex.o
 .text.__NVIC_SetPriority
                0x08001f68       0xdc ./Drivers/STM32L0xx_HAL_Driver/Src/stm32l0xx_hal_cortex.o
 .text.SysTick_Config
                0x08002044       0x48 ./Drivers/STM32L0xx_HAL_Driver/Src/stm32l0xx_hal_cortex.o
 .text.HAL_NVIC_SetPriority
                0x0800208c       0x2a ./Drivers/STM32L0xx_HAL_Driver/Src/stm32l0xx_hal_cortex.o
                0x0800208c                HAL_NVIC_SetPriority
 .text.HAL_NVIC_EnableIRQ
                0x080020b6       0x20 ./Drivers/STM32L0xx_HAL_Driver/Src/stm32l0xx_hal_cortex.o
                0x080020b6                HAL_NVIC_EnableIRQ
 .text.HAL_SYSTICK_Config
                0x080020d6       0x1a ./Drivers/STM32L0xx_HAL_Driver/Src/stm32l0xx_hal_cortex.o
                0x080020d6                HAL_SYSTICK_Config
 .text.HAL_DMA_Abort
                0x080020f0       0x80 ./Drivers/STM32L0xx_HAL_Driver/Src/stm32l0xx_hal_dma.o
                0x080020f0                HAL_DMA_Abort
 .text.HAL_DMA_Abort_IT
                0x08002170       0x8e ./Drivers/STM32L0xx_HAL_Driver/Src/stm32l0xx_hal_dma.o
                0x08002170                HAL_DMA_Abort_IT
 *fill*         0x080021fe        0x2 
 .text.HAL_GPIO_Init
                0x08002200      0x2ec ./Drivers/STM32L0xx_HAL_Driver/Src/stm32l0xx_hal_gpio.o
                0x08002200                HAL_GPIO_Init
 .text.HAL_GPIO_DeInit
                0x080024ec      0x1b4 ./Drivers/STM32L0xx_HAL_Driver/Src/stm32l0xx_hal_gpio.o
                0x080024ec                HAL_GPIO_DeInit
 .text.HAL_GPIO_ReadPin
                0x080026a0       0x3a ./Drivers/STM32L0xx_HAL_Driver/Src/stm32l0xx_hal_gpio.o
                0x080026a0                HAL_GPIO_ReadPin
 .text.HAL_GPIO_WritePin
                0x080026da       0x3a ./Drivers/STM32L0xx_HAL_Driver/Src/stm32l0xx_hal_gpio.o
                0x080026da                HAL_GPIO_WritePin
 .text.HAL_I2C_Init
                0x08002714      0x12c ./Drivers/STM32L0xx_HAL_Driver/Src/stm32l0xx_hal_i2c.o
                0x08002714                HAL_I2C_Init
 .text.HAL_I2C_Mem_Write
                0x08002840      0x25c ./Drivers/STM32L0xx_HAL_Driver/Src/stm32l0xx_hal_i2c.o
                0x08002840                HAL_I2C_Mem_Write
 .text.I2C_RequestMemoryWrite
                0x08002a9c       0xc8 ./Drivers/STM32L0xx_HAL_Driver/Src/stm32l0xx_hal_i2c.o
 .text.I2C_Flush_TXDR
                0x08002b64       0x44 ./Drivers/STM32L0xx_HAL_Driver/Src/stm32l0xx_hal_i2c.o
 .text.I2C_WaitOnFlagUntilTimeout
                0x08002ba8       0x9c ./Drivers/STM32L0xx_HAL_Driver/Src/stm32l0xx_hal_i2c.o
 .text.I2C_WaitOnTXISFlagUntilTimeout
                0x08002c44       0x8c ./Drivers/STM32L0xx_HAL_Driver/Src/stm32l0xx_hal_i2c.o
 .text.I2C_WaitOnSTOPFlagUntilTimeout
                0x08002cd0       0x86 ./Drivers/STM32L0xx_HAL_Driver/Src/stm32l0xx_hal_i2c.o
 *fill*         0x08002d56        0x2 
 .text.I2C_IsErrorOccurred
                0x08002d58      0x1f0 ./Drivers/STM32L0xx_HAL_Driver/Src/stm32l0xx_hal_i2c.o
 .text.I2C_TransferConfig
                0x08002f48       0x74 ./Drivers/STM32L0xx_HAL_Driver/Src/stm32l0xx_hal_i2c.o
 .text.HAL_I2CEx_ConfigAnalogFilter
                0x08002fbc       0x98 ./Drivers/STM32L0xx_HAL_Driver/Src/stm32l0xx_hal_i2c_ex.o
                0x08002fbc                HAL_I2CEx_ConfigAnalogFilter
 .text.HAL_I2CEx_ConfigDigitalFilter
                0x08003054       0x98 ./Drivers/STM32L0xx_HAL_Driver/Src/stm32l0xx_hal_i2c_ex.o
                0x08003054                HAL_I2CEx_ConfigDigitalFilter
 .text.HAL_RCC_OscConfig
                0x080030ec      0x788 ./Drivers/STM32L0xx_HAL_Driver/Src/stm32l0xx_hal_rcc.o
                0x080030ec                HAL_RCC_OscConfig
 .text.HAL_RCC_ClockConfig
                0x08003874      0x290 ./Drivers/STM32L0xx_HAL_Driver/Src/stm32l0xx_hal_rcc.o
                0x08003874                HAL_RCC_ClockConfig
 .text.HAL_RCC_GetSysClockFreq
                0x08003b04      0x14c ./Drivers/STM32L0xx_HAL_Driver/Src/stm32l0xx_hal_rcc.o
                0x08003b04                HAL_RCC_GetSysClockFreq
 .text.HAL_RCC_GetHCLKFreq
                0x08003c50       0x14 ./Drivers/STM32L0xx_HAL_Driver/Src/stm32l0xx_hal_rcc.o
                0x08003c50                HAL_RCC_GetHCLKFreq
 .text.HAL_RCC_GetPCLK1Freq
                0x08003c64       0x2c ./Drivers/STM32L0xx_HAL_Driver/Src/stm32l0xx_hal_rcc.o
                0x08003c64                HAL_RCC_GetPCLK1Freq
 .text.HAL_RCC_GetPCLK2Freq
                0x08003c90       0x2c ./Drivers/STM32L0xx_HAL_Driver/Src/stm32l0xx_hal_rcc.o
                0x08003c90                HAL_RCC_GetPCLK2Freq
 .text.HAL_RCCEx_PeriphCLKConfig
                0x08003cbc      0x31c ./Drivers/STM32L0xx_HAL_Driver/Src/stm32l0xx_hal_rcc_ex.o
                0x08003cbc                HAL_RCCEx_PeriphCLKConfig
 .text.HAL_SPI_Init
                0x08003fd8      0x128 ./Drivers/STM32L0xx_HAL_Driver/Src/stm32l0xx_hal_spi.o
                0x08003fd8                HAL_SPI_Init
 .text.HAL_SPI_DeInit
                0x08004100       0x52 ./Drivers/STM32L0xx_HAL_Driver/Src/stm32l0xx_hal_spi.o
                0x08004100                HAL_SPI_DeInit
 .text.HAL_SPI_Transmit
                0x08004152      0x2ba ./Drivers/STM32L0xx_HAL_Driver/Src/stm32l0xx_hal_spi.o
                0x08004152                HAL_SPI_Transmit
 .text.HAL_SPI_GetState
                0x0800440c       0x18 ./Drivers/STM32L0xx_HAL_Driver/Src/stm32l0xx_hal_spi.o
                0x0800440c                HAL_SPI_GetState
 .text.SPI_WaitFlagStateUntilTimeout
                0x08004424      0x11c ./Drivers/STM32L0xx_HAL_Driver/Src/stm32l0xx_hal_spi.o
 .text.SPI_EndRxTxTransaction
                0x08004540       0x8c ./Drivers/STM32L0xx_HAL_Driver/Src/stm32l0xx_hal_spi.o
 .text.HAL_UART_Init
                0x080045cc       0xa8 ./Drivers/STM32L0xx_HAL_Driver/Src/stm32l0xx_hal_uart.o
                0x080045cc                HAL_UART_Init
 .text.HAL_UART_Transmit
                0x08004674      0x13e ./Drivers/STM32L0xx_HAL_Driver/Src/stm32l0xx_hal_uart.o
                0x08004674                HAL_UART_Transmit
 *fill*         0x080047b2        0x2 
 .text.HAL_UART_Receive_IT
                0x080047b4       0xbc ./Drivers/STM32L0xx_HAL_Driver/Src/stm32l0xx_hal_uart.o
                0x080047b4                HAL_UART_Receive_IT
 .text.HAL_UART_IRQHandler
                0x08004870      0x5c4 ./Drivers/STM32L0xx_HAL_Driver/Src/stm32l0xx_hal_uart.o
                0x08004870                HAL_UART_IRQHandler
 .text.HAL_UART_TxCpltCallback
                0x08004e34       0x10 ./Drivers/STM32L0xx_HAL_Driver/Src/stm32l0xx_hal_uart.o
                0x08004e34                HAL_UART_TxCpltCallback
 .text.HAL_UART_ErrorCallback
                0x08004e44       0x10 ./Drivers/STM32L0xx_HAL_Driver/Src/stm32l0xx_hal_uart.o
                0x08004e44                HAL_UART_ErrorCallback
 .text.HAL_UARTEx_RxEventCallback
                0x08004e54       0x16 ./Drivers/STM32L0xx_HAL_Driver/Src/stm32l0xx_hal_uart.o
                0x08004e54                HAL_UARTEx_RxEventCallback
 *fill*         0x08004e6a        0x2 
 .text.UART_SetConfig
                0x08004e6c      0x508 ./Drivers/STM32L0xx_HAL_Driver/Src/stm32l0xx_hal_uart.o
                0x08004e6c                UART_SetConfig
 .text.UART_AdvFeatureConfig
                0x08005374      0x168 ./Drivers/STM32L0xx_HAL_Driver/Src/stm32l0xx_hal_uart.o
                0x08005374                UART_AdvFeatureConfig
 .text.UART_CheckIdleState
                0x080054dc      0x150 ./Drivers/STM32L0xx_HAL_Driver/Src/stm32l0xx_hal_uart.o
                0x080054dc                UART_CheckIdleState
 .text.UART_WaitOnFlagUntilTimeout
                0x0800562c       0xd2 ./Drivers/STM32L0xx_HAL_Driver/Src/stm32l0xx_hal_uart.o
                0x0800562c                UART_WaitOnFlagUntilTimeout
 *fill*         0x080056fe        0x2 
 .text.UART_Start_Receive_IT
                0x08005700      0x194 ./Drivers/STM32L0xx_HAL_Driver/Src/stm32l0xx_hal_uart.o
                0x08005700                UART_Start_Receive_IT
 .text.UART_EndRxTransfer
                0x08005894       0xc8 ./Drivers/STM32L0xx_HAL_Driver/Src/stm32l0xx_hal_uart.o
 .text.UART_DMAAbortOnError
                0x0800595c       0x2e ./Drivers/STM32L0xx_HAL_Driver/Src/stm32l0xx_hal_uart.o
 .text.UART_EndTransmit_IT
                0x0800598a       0x56 ./Drivers/STM32L0xx_HAL_Driver/Src/stm32l0xx_hal_uart.o
 .text.UART_RxISR_8BIT
                0x080059e0      0x1c4 ./Drivers/STM32L0xx_HAL_Driver/Src/stm32l0xx_hal_uart.o
 .text.UART_RxISR_16BIT
                0x08005ba4      0x1c4 ./Drivers/STM32L0xx_HAL_Driver/Src/stm32l0xx_hal_uart.o
 .text.HAL_UARTEx_WakeupCallback
                0x08005d68       0x10 ./Drivers/STM32L0xx_HAL_Driver/Src/stm32l0xx_hal_uart_ex.o
                0x08005d68                HAL_UARTEx_WakeupCallback
 .text.std      0x08005d78       0x6c D:/STM32CubeIDE_1.15.0/STM32CubeIDE/plugins/com.st.stm32cube.ide.mcu.externaltools.gnu-tools-for-stm32.12.3.rel1.win32_1.1.0.202410251130/tools/bin/../lib/gcc/arm-none-eabi/12.3.1/../../../../arm-none-eabi/lib/thumb/v6-m/nofp\libc_nano.a(libc_a-findfp.o)
 .text.stdio_exit_handler
                0x08005de4       0x1c D:/STM32CubeIDE_1.15.0/STM32CubeIDE/plugins/com.st.stm32cube.ide.mcu.externaltools.gnu-tools-for-stm32.12.3.rel1.win32_1.1.0.202410251130/tools/bin/../lib/gcc/arm-none-eabi/12.3.1/../../../../arm-none-eabi/lib/thumb/v6-m/nofp\libc_nano.a(libc_a-findfp.o)
 .text.cleanup_stdio
                0x08005e00       0x3c D:/STM32CubeIDE_1.15.0/STM32CubeIDE/plugins/com.st.stm32cube.ide.mcu.externaltools.gnu-tools-for-stm32.12.3.rel1.win32_1.1.0.202410251130/tools/bin/../lib/gcc/arm-none-eabi/12.3.1/../../../../arm-none-eabi/lib/thumb/v6-m/nofp\libc_nano.a(libc_a-findfp.o)
 .text.global_stdio_init.part.0
                0x08005e3c       0x3c D:/STM32CubeIDE_1.15.0/STM32CubeIDE/plugins/com.st.stm32cube.ide.mcu.externaltools.gnu-tools-for-stm32.12.3.rel1.win32_1.1.0.202410251130/tools/bin/../lib/gcc/arm-none-eabi/12.3.1/../../../../arm-none-eabi/lib/thumb/v6-m/nofp\libc_nano.a(libc_a-findfp.o)
 .text.__sfp_lock_acquire
                0x08005e78       0x10 D:/STM32CubeIDE_1.15.0/STM32CubeIDE/plugins/com.st.stm32cube.ide.mcu.externaltools.gnu-tools-for-stm32.12.3.rel1.win32_1.1.0.202410251130/tools/bin/../lib/gcc/arm-none-eabi/12.3.1/../../../../arm-none-eabi/lib/thumb/v6-m/nofp\libc_nano.a(libc_a-findfp.o)
                0x08005e78                __sfp_lock_acquire
 .text.__sfp_lock_release
                0x08005e88       0x10 D:/STM32CubeIDE_1.15.0/STM32CubeIDE/plugins/com.st.stm32cube.ide.mcu.externaltools.gnu-tools-for-stm32.12.3.rel1.win32_1.1.0.202410251130/tools/bin/../lib/gcc/arm-none-eabi/12.3.1/../../../../arm-none-eabi/lib/thumb/v6-m/nofp\libc_nano.a(libc_a-findfp.o)
                0x08005e88                __sfp_lock_release
 .text.__sinit  0x08005e98       0x30 D:/STM32CubeIDE_1.15.0/STM32CubeIDE/plugins/com.st.stm32cube.ide.mcu.externaltools.gnu-tools-for-stm32.12.3.rel1.win32_1.1.0.202410251130/tools/bin/../lib/gcc/arm-none-eabi/12.3.1/../../../../arm-none-eabi/lib/thumb/v6-m/nofp\libc_nano.a(libc_a-findfp.o)
                0x08005e98                __sinit
 .text._fwalk_sglue
                0x08005ec8       0x38 D:/STM32CubeIDE_1.15.0/STM32CubeIDE/plugins/com.st.stm32cube.ide.mcu.externaltools.gnu-tools-for-stm32.12.3.rel1.win32_1.1.0.202410251130/tools/bin/../lib/gcc/arm-none-eabi/12.3.1/../../../../arm-none-eabi/lib/thumb/v6-m/nofp\libc_nano.a(libc_a-fwalk.o)
                0x08005ec8                _fwalk_sglue
 .text._puts_r  0x08005f00       0xac D:/STM32CubeIDE_1.15.0/STM32CubeIDE/plugins/com.st.stm32cube.ide.mcu.externaltools.gnu-tools-for-stm32.12.3.rel1.win32_1.1.0.202410251130/tools/bin/../lib/gcc/arm-none-eabi/12.3.1/../../../../arm-none-eabi/lib/thumb/v6-m/nofp\libc_nano.a(libc_a-puts.o)
                0x08005f00                _puts_r
 .text.puts     0x08005fac       0x14 D:/STM32CubeIDE_1.15.0/STM32CubeIDE/plugins/com.st.stm32cube.ide.mcu.externaltools.gnu-tools-for-stm32.12.3.rel1.win32_1.1.0.202410251130/tools/bin/../lib/gcc/arm-none-eabi/12.3.1/../../../../arm-none-eabi/lib/thumb/v6-m/nofp\libc_nano.a(libc_a-puts.o)
                0x08005fac                puts
 .text.snprintf
                0x08005fc0       0x68 D:/STM32CubeIDE_1.15.0/STM32CubeIDE/plugins/com.st.stm32cube.ide.mcu.externaltools.gnu-tools-for-stm32.12.3.rel1.win32_1.1.0.202410251130/tools/bin/../lib/gcc/arm-none-eabi/12.3.1/../../../../arm-none-eabi/lib/thumb/v6-m/nofp\libc_nano.a(libc_a-snprintf.o)
                0x08005fc0                sniprintf
                0x08005fc0                snprintf
 .text.__sread  0x08006028       0x28 D:/STM32CubeIDE_1.15.0/STM32CubeIDE/plugins/com.st.stm32cube.ide.mcu.externaltools.gnu-tools-for-stm32.12.3.rel1.win32_1.1.0.202410251130/tools/bin/../lib/gcc/arm-none-eabi/12.3.1/../../../../arm-none-eabi/lib/thumb/v6-m/nofp\libc_nano.a(libc_a-stdio.o)
                0x08006028                __sread
 .text.__swrite
                0x08006050       0x38 D:/STM32CubeIDE_1.15.0/STM32CubeIDE/plugins/com.st.stm32cube.ide.mcu.externaltools.gnu-tools-for-stm32.12.3.rel1.win32_1.1.0.202410251130/tools/bin/../lib/gcc/arm-none-eabi/12.3.1/../../../../arm-none-eabi/lib/thumb/v6-m/nofp\libc_nano.a(libc_a-stdio.o)
                0x08006050                __swrite
 .text.__sseek  0x08006088       0x2c D:/STM32CubeIDE_1.15.0/STM32CubeIDE/plugins/com.st.stm32cube.ide.mcu.externaltools.gnu-tools-for-stm32.12.3.rel1.win32_1.1.0.202410251130/tools/bin/../lib/gcc/arm-none-eabi/12.3.1/../../../../arm-none-eabi/lib/thumb/v6-m/nofp\libc_nano.a(libc_a-stdio.o)
                0x08006088                __sseek
 .text.__sclose
                0x080060b4        0xc D:/STM32CubeIDE_1.15.0/STM32CubeIDE/plugins/com.st.stm32cube.ide.mcu.externaltools.gnu-tools-for-stm32.12.3.rel1.win32_1.1.0.202410251130/tools/bin/../lib/gcc/arm-none-eabi/12.3.1/../../../../arm-none-eabi/lib/thumb/v6-m/nofp\libc_nano.a(libc_a-stdio.o)
                0x080060b4                __sclose
 .text.__swbuf_r
                0x080060c0       0x84 D:/STM32CubeIDE_1.15.0/STM32CubeIDE/plugins/com.st.stm32cube.ide.mcu.externaltools.gnu-tools-for-stm32.12.3.rel1.win32_1.1.0.202410251130/tools/bin/../lib/gcc/arm-none-eabi/12.3.1/../../../../arm-none-eabi/lib/thumb/v6-m/nofp\libc_nano.a(libc_a-wbuf.o)
                0x080060c0                __swbuf_r
 .text.__swsetup_r
                0x08006144       0xbc D:/STM32CubeIDE_1.15.0/STM32CubeIDE/plugins/com.st.stm32cube.ide.mcu.externaltools.gnu-tools-for-stm32.12.3.rel1.win32_1.1.0.202410251130/tools/bin/../lib/gcc/arm-none-eabi/12.3.1/../../../../arm-none-eabi/lib/thumb/v6-m/nofp\libc_nano.a(libc_a-wsetup.o)
                0x08006144                __swsetup_r
 .text.memmove  0x08006200       0x26 D:/STM32CubeIDE_1.15.0/STM32CubeIDE/plugins/com.st.stm32cube.ide.mcu.externaltools.gnu-tools-for-stm32.12.3.rel1.win32_1.1.0.202410251130/tools/bin/../lib/gcc/arm-none-eabi/12.3.1/../../../../arm-none-eabi/lib/thumb/v6-m/nofp\libc_nano.a(libc_a-memmove.o)
                0x08006200                memmove
 .text.memset   0x08006226       0x10 D:/STM32CubeIDE_1.15.0/STM32CubeIDE/plugins/com.st.stm32cube.ide.mcu.externaltools.gnu-tools-for-stm32.12.3.rel1.win32_1.1.0.202410251130/tools/bin/../lib/gcc/arm-none-eabi/12.3.1/../../../../arm-none-eabi/lib/thumb/v6-m/nofp\libc_nano.a(libc_a-memset.o)
                0x08006226                memset
 *fill*         0x08006236        0x2 
 .text._close_r
                0x08006238       0x24 D:/STM32CubeIDE_1.15.0/STM32CubeIDE/plugins/com.st.stm32cube.ide.mcu.externaltools.gnu-tools-for-stm32.12.3.rel1.win32_1.1.0.202410251130/tools/bin/../lib/gcc/arm-none-eabi/12.3.1/../../../../arm-none-eabi/lib/thumb/v6-m/nofp\libc_nano.a(libc_a-closer.o)
                0x08006238                _close_r
 .text._lseek_r
                0x0800625c       0x28 D:/STM32CubeIDE_1.15.0/STM32CubeIDE/plugins/com.st.stm32cube.ide.mcu.externaltools.gnu-tools-for-stm32.12.3.rel1.win32_1.1.0.202410251130/tools/bin/../lib/gcc/arm-none-eabi/12.3.1/../../../../arm-none-eabi/lib/thumb/v6-m/nofp\libc_nano.a(libc_a-lseekr.o)
                0x0800625c                _lseek_r
 .text._read_r  0x08006284       0x28 D:/STM32CubeIDE_1.15.0/STM32CubeIDE/plugins/com.st.stm32cube.ide.mcu.externaltools.gnu-tools-for-stm32.12.3.rel1.win32_1.1.0.202410251130/tools/bin/../lib/gcc/arm-none-eabi/12.3.1/../../../../arm-none-eabi/lib/thumb/v6-m/nofp\libc_nano.a(libc_a-readr.o)
                0x08006284                _read_r
 .text._write_r
                0x080062ac       0x28 D:/STM32CubeIDE_1.15.0/STM32CubeIDE/plugins/com.st.stm32cube.ide.mcu.externaltools.gnu-tools-for-stm32.12.3.rel1.win32_1.1.0.202410251130/tools/bin/../lib/gcc/arm-none-eabi/12.3.1/../../../../arm-none-eabi/lib/thumb/v6-m/nofp\libc_nano.a(libc_a-writer.o)
                0x080062ac                _write_r
 .text.__errno  0x080062d4        0xc D:/STM32CubeIDE_1.15.0/STM32CubeIDE/plugins/com.st.stm32cube.ide.mcu.externaltools.gnu-tools-for-stm32.12.3.rel1.win32_1.1.0.202410251130/tools/bin/../lib/gcc/arm-none-eabi/12.3.1/../../../../arm-none-eabi/lib/thumb/v6-m/nofp\libc_nano.a(libc_a-errno.o)
                0x080062d4                __errno
 .text.__libc_init_array
                0x080062e0       0x48 D:/STM32CubeIDE_1.15.0/STM32CubeIDE/plugins/com.st.stm32cube.ide.mcu.externaltools.gnu-tools-for-stm32.12.3.rel1.win32_1.1.0.202410251130/tools/bin/../lib/gcc/arm-none-eabi/12.3.1/../../../../arm-none-eabi/lib/thumb/v6-m/nofp\libc_nano.a(libc_a-init.o)
                0x080062e0                __libc_init_array
 .text.__retarget_lock_init_recursive
                0x08006328        0x2 D:/STM32CubeIDE_1.15.0/STM32CubeIDE/plugins/com.st.stm32cube.ide.mcu.externaltools.gnu-tools-for-stm32.12.3.rel1.win32_1.1.0.202410251130/tools/bin/../lib/gcc/arm-none-eabi/12.3.1/../../../../arm-none-eabi/lib/thumb/v6-m/nofp\libc_nano.a(libc_a-lock.o)
                0x08006328                __retarget_lock_init_recursive
 .text.__retarget_lock_acquire_recursive
                0x0800632a        0x2 D:/STM32CubeIDE_1.15.0/STM32CubeIDE/plugins/com.st.stm32cube.ide.mcu.externaltools.gnu-tools-for-stm32.12.3.rel1.win32_1.1.0.202410251130/tools/bin/../lib/gcc/arm-none-eabi/12.3.1/../../../../arm-none-eabi/lib/thumb/v6-m/nofp\libc_nano.a(libc_a-lock.o)
                0x0800632a                __retarget_lock_acquire_recursive
 .text.__retarget_lock_release_recursive
                0x0800632c        0x2 D:/STM32CubeIDE_1.15.0/STM32CubeIDE/plugins/com.st.stm32cube.ide.mcu.externaltools.gnu-tools-for-stm32.12.3.rel1.win32_1.1.0.202410251130/tools/bin/../lib/gcc/arm-none-eabi/12.3.1/../../../../arm-none-eabi/lib/thumb/v6-m/nofp\libc_nano.a(libc_a-lock.o)
                0x0800632c                __retarget_lock_release_recursive
 .text.memcpy   0x0800632e       0x12 D:/STM32CubeIDE_1.15.0/STM32CubeIDE/plugins/com.st.stm32cube.ide.mcu.externaltools.gnu-tools-for-stm32.12.3.rel1.win32_1.1.0.202410251130/tools/bin/../lib/gcc/arm-none-eabi/12.3.1/../../../../arm-none-eabi/lib/thumb/v6-m/nofp\libc_nano.a(libc_a-memcpy-stub.o)
                0x0800632e                memcpy
 .text._free_r  0x08006340       0x94 D:/STM32CubeIDE_1.15.0/STM32CubeIDE/plugins/com.st.stm32cube.ide.mcu.externaltools.gnu-tools-for-stm32.12.3.rel1.win32_1.1.0.202410251130/tools/bin/../lib/gcc/arm-none-eabi/12.3.1/../../../../arm-none-eabi/lib/thumb/v6-m/nofp\libc_nano.a(libc_a-freer.o)
                0x08006340                _free_r
 .text.sbrk_aligned
                0x080063d4       0x44 D:/STM32CubeIDE_1.15.0/STM32CubeIDE/plugins/com.st.stm32cube.ide.mcu.externaltools.gnu-tools-for-stm32.12.3.rel1.win32_1.1.0.202410251130/tools/bin/../lib/gcc/arm-none-eabi/12.3.1/../../../../arm-none-eabi/lib/thumb/v6-m/nofp\libc_nano.a(libc_a-mallocr.o)
 .text._malloc_r
                0x08006418      0x100 D:/STM32CubeIDE_1.15.0/STM32CubeIDE/plugins/com.st.stm32cube.ide.mcu.externaltools.gnu-tools-for-stm32.12.3.rel1.win32_1.1.0.202410251130/tools/bin/../lib/gcc/arm-none-eabi/12.3.1/../../../../arm-none-eabi/lib/thumb/v6-m/nofp\libc_nano.a(libc_a-mallocr.o)
                0x08006418                _malloc_r
 .text.__malloc_lock
                0x08006518       0x10 D:/STM32CubeIDE_1.15.0/STM32CubeIDE/plugins/com.st.stm32cube.ide.mcu.externaltools.gnu-tools-for-stm32.12.3.rel1.win32_1.1.0.202410251130/tools/bin/../lib/gcc/arm-none-eabi/12.3.1/../../../../arm-none-eabi/lib/thumb/v6-m/nofp\libc_nano.a(libc_a-mlock.o)
                0x08006518                __malloc_lock
 .text.__malloc_unlock
                0x08006528       0x10 D:/STM32CubeIDE_1.15.0/STM32CubeIDE/plugins/com.st.stm32cube.ide.mcu.externaltools.gnu-tools-for-stm32.12.3.rel1.win32_1.1.0.202410251130/tools/bin/../lib/gcc/arm-none-eabi/12.3.1/../../../../arm-none-eabi/lib/thumb/v6-m/nofp\libc_nano.a(libc_a-mlock.o)
                0x08006528                __malloc_unlock
 .text.__ssputs_r
                0x08006538       0xc0 D:/STM32CubeIDE_1.15.0/STM32CubeIDE/plugins/com.st.stm32cube.ide.mcu.externaltools.gnu-tools-for-stm32.12.3.rel1.win32_1.1.0.202410251130/tools/bin/../lib/gcc/arm-none-eabi/12.3.1/../../../../arm-none-eabi/lib/thumb/v6-m/nofp\libc_nano.a(libc_a-nano-svfprintf.o)
                0x08006538                __ssputs_r
 .text._svfprintf_r
                0x080065f8      0x1fc D:/STM32CubeIDE_1.15.0/STM32CubeIDE/plugins/com.st.stm32cube.ide.mcu.externaltools.gnu-tools-for-stm32.12.3.rel1.win32_1.1.0.202410251130/tools/bin/../lib/gcc/arm-none-eabi/12.3.1/../../../../arm-none-eabi/lib/thumb/v6-m/nofp\libc_nano.a(libc_a-nano-svfprintf.o)
                0x080065f8                _svfiprintf_r
                0x080065f8                _svfprintf_r
 .text._printf_common
                0x080067f4       0xde D:/STM32CubeIDE_1.15.0/STM32CubeIDE/plugins/com.st.stm32cube.ide.mcu.externaltools.gnu-tools-for-stm32.12.3.rel1.win32_1.1.0.202410251130/tools/bin/../lib/gcc/arm-none-eabi/12.3.1/../../../../arm-none-eabi/lib/thumb/v6-m/nofp\libc_nano.a(libc_a-nano-vfprintf_i.o)
                0x080067f4                _printf_common
 *fill*         0x080068d2        0x2 
 .text._printf_i
                0x080068d4      0x21c D:/STM32CubeIDE_1.15.0/STM32CubeIDE/plugins/com.st.stm32cube.ide.mcu.externaltools.gnu-tools-for-stm32.12.3.rel1.win32_1.1.0.202410251130/tools/bin/../lib/gcc/arm-none-eabi/12.3.1/../../../../arm-none-eabi/lib/thumb/v6-m/nofp\libc_nano.a(libc_a-nano-vfprintf_i.o)
                0x080068d4                _printf_i
 .text.__sflush_r
                0x08006af0      0x10c D:/STM32CubeIDE_1.15.0/STM32CubeIDE/plugins/com.st.stm32cube.ide.mcu.externaltools.gnu-tools-for-stm32.12.3.rel1.win32_1.1.0.202410251130/tools/bin/../lib/gcc/arm-none-eabi/12.3.1/../../../../arm-none-eabi/lib/thumb/v6-m/nofp\libc_nano.a(libc_a-fflush.o)
                0x08006af0                __sflush_r
 .text._fflush_r
                0x08006bfc       0x56 D:/STM32CubeIDE_1.15.0/STM32CubeIDE/plugins/com.st.stm32cube.ide.mcu.externaltools.gnu-tools-for-stm32.12.3.rel1.win32_1.1.0.202410251130/tools/bin/../lib/gcc/arm-none-eabi/12.3.1/../../../../arm-none-eabi/lib/thumb/v6-m/nofp\libc_nano.a(libc_a-fflush.o)
                0x08006bfc                _fflush_r
 *fill*         0x08006c52        0x2 
 .text.__swhatbuf_r
                0x08006c54       0x54 D:/STM32CubeIDE_1.15.0/STM32CubeIDE/plugins/com.st.stm32cube.ide.mcu.externaltools.gnu-tools-for-stm32.12.3.rel1.win32_1.1.0.202410251130/tools/bin/../lib/gcc/arm-none-eabi/12.3.1/../../../../arm-none-eabi/lib/thumb/v6-m/nofp\libc_nano.a(libc_a-makebuf.o)
                0x08006c54                __swhatbuf_r
 .text.__smakebuf_r
                0x08006ca8       0x82 D:/STM32CubeIDE_1.15.0/STM32CubeIDE/plugins/com.st.stm32cube.ide.mcu.externaltools.gnu-tools-for-stm32.12.3.rel1.win32_1.1.0.202410251130/tools/bin/../lib/gcc/arm-none-eabi/12.3.1/../../../../arm-none-eabi/lib/thumb/v6-m/nofp\libc_nano.a(libc_a-makebuf.o)
                0x08006ca8                __smakebuf_r
 *fill*         0x08006d2a        0x2 
 .text._fstat_r
                0x08006d2c       0x24 D:/STM32CubeIDE_1.15.0/STM32CubeIDE/plugins/com.st.stm32cube.ide.mcu.externaltools.gnu-tools-for-stm32.12.3.rel1.win32_1.1.0.202410251130/tools/bin/../lib/gcc/arm-none-eabi/12.3.1/../../../../arm-none-eabi/lib/thumb/v6-m/nofp\libc_nano.a(libc_a-fstatr.o)
                0x08006d2c                _fstat_r
 .text._isatty_r
                0x08006d50       0x24 D:/STM32CubeIDE_1.15.0/STM32CubeIDE/plugins/com.st.stm32cube.ide.mcu.externaltools.gnu-tools-for-stm32.12.3.rel1.win32_1.1.0.202410251130/tools/bin/../lib/gcc/arm-none-eabi/12.3.1/../../../../arm-none-eabi/lib/thumb/v6-m/nofp\libc_nano.a(libc_a-isattyr.o)
                0x08006d50                _isatty_r
 .text._sbrk_r  0x08006d74       0x24 D:/STM32CubeIDE_1.15.0/STM32CubeIDE/plugins/com.st.stm32cube.ide.mcu.externaltools.gnu-tools-for-stm32.12.3.rel1.win32_1.1.0.202410251130/tools/bin/../lib/gcc/arm-none-eabi/12.3.1/../../../../arm-none-eabi/lib/thumb/v6-m/nofp\libc_nano.a(libc_a-sbrkr.o)
                0x08006d74                _sbrk_r
 .text.memchr   0x08006d98       0x16 D:/STM32CubeIDE_1.15.0/STM32CubeIDE/plugins/com.st.stm32cube.ide.mcu.externaltools.gnu-tools-for-stm32.12.3.rel1.win32_1.1.0.202410251130/tools/bin/../lib/gcc/arm-none-eabi/12.3.1/../../../../arm-none-eabi/lib/thumb/v6-m/nofp\libc_nano.a(libc_a-memchr-stub.o)
                0x08006d98                memchr
 .text._realloc_r
                0x08006dae       0x5e D:/STM32CubeIDE_1.15.0/STM32CubeIDE/plugins/com.st.stm32cube.ide.mcu.externaltools.gnu-tools-for-stm32.12.3.rel1.win32_1.1.0.202410251130/tools/bin/../lib/gcc/arm-none-eabi/12.3.1/../../../../arm-none-eabi/lib/thumb/v6-m/nofp\libc_nano.a(libc_a-reallocr.o)
                0x08006dae                _realloc_r
 .text._malloc_usable_size_r
                0x08006e0c       0x10 D:/STM32CubeIDE_1.15.0/STM32CubeIDE/plugins/com.st.stm32cube.ide.mcu.externaltools.gnu-tools-for-stm32.12.3.rel1.win32_1.1.0.202410251130/tools/bin/../lib/gcc/arm-none-eabi/12.3.1/../../../../arm-none-eabi/lib/thumb/v6-m/nofp\libc_nano.a(libc_a-msizer.o)
                0x08006e0c                _malloc_usable_size_r
 *(.glue_7)
 .glue_7        0x08006e1c        0x0 linker stubs
 *(.glue_7t)
 .glue_7t       0x08006e1c        0x0 linker stubs
 *(.eh_frame)
 .eh_frame      0x08006e1c        0x0 D:/STM32CubeIDE_1.15.0/STM32CubeIDE/plugins/com.st.stm32cube.ide.mcu.externaltools.gnu-tools-for-stm32.12.3.rel1.win32_1.1.0.202410251130/tools/bin/../lib/gcc/arm-none-eabi/12.3.1/thumb/v6-m/nofp/crtbegin.o
 *(.init)
 .init          0x08006e1c        0x4 D:/STM32CubeIDE_1.15.0/STM32CubeIDE/plugins/com.st.stm32cube.ide.mcu.externaltools.gnu-tools-for-stm32.12.3.rel1.win32_1.1.0.202410251130/tools/bin/../lib/gcc/arm-none-eabi/12.3.1/thumb/v6-m/nofp/crti.o
                0x08006e1c                _init
 .init          0x08006e20        0x8 D:/STM32CubeIDE_1.15.0/STM32CubeIDE/plugins/com.st.stm32cube.ide.mcu.externaltools.gnu-tools-for-stm32.12.3.rel1.win32_1.1.0.202410251130/tools/bin/../lib/gcc/arm-none-eabi/12.3.1/thumb/v6-m/nofp/crtn.o
 *(.fini)
 .fini          0x08006e28        0x4 D:/STM32CubeIDE_1.15.0/STM32CubeIDE/plugins/com.st.stm32cube.ide.mcu.externaltools.gnu-tools-for-stm32.12.3.rel1.win32_1.1.0.202410251130/tools/bin/../lib/gcc/arm-none-eabi/12.3.1/thumb/v6-m/nofp/crti.o
                0x08006e28                _fini
 .fini          0x08006e2c        0x8 D:/STM32CubeIDE_1.15.0/STM32CubeIDE/plugins/com.st.stm32cube.ide.mcu.externaltools.gnu-tools-for-stm32.12.3.rel1.win32_1.1.0.202410251130/tools/bin/../lib/gcc/arm-none-eabi/12.3.1/thumb/v6-m/nofp/crtn.o
                0x08006e34                        . = ALIGN (0x4)
                0x08006e34                        _etext = .

.vfp11_veneer   0x08006e34        0x0
 .vfp11_veneer  0x08006e34        0x0 linker stubs

.v4_bx          0x08006e34        0x0
 .v4_bx         0x08006e34        0x0 linker stubs

.iplt           0x08006e34        0x0
 .iplt          0x08006e34        0x0 D:/STM32CubeIDE_1.15.0/STM32CubeIDE/plugins/com.st.stm32cube.ide.mcu.externaltools.gnu-tools-for-stm32.12.3.rel1.win32_1.1.0.202410251130/tools/bin/../lib/gcc/arm-none-eabi/12.3.1/thumb/v6-m/nofp/crtbegin.o

.rodata         0x08006e34     0x1a44
                0x08006e34                        . = ALIGN (0x4)
 *(.rodata)
 .rodata        0x08006e34       0x5b ./Core/Src/main.o
 *(.rodata*)
 *fill*         0x08006e8f        0x1 
 .rodata.Font12_Table
                0x08006e90      0x7cb ./Core/BSP/Components/gde021a1/font12epd.o
                0x08006e90                Font12_Table
 *fill*         0x0800765b        0x1 
 .rodata.Font8_Table
                0x0800765c      0x3b6 ./Core/BSP/Components/gde021a1/font8epd.o
                0x0800765c                Font8_Table
 *fill*         0x08007a12        0x2 
 .rodata.WF_LUT
                0x08007a14       0x5a ./Core/BSP/Components/gde021a1/gde021a1.o
                0x08007a14                WF_LUT
 *fill*         0x08007a6e        0x2 
 .rodata.Font11x18
                0x08007a70      0xd5c ./Core/SSD1306/ssd1306_fonts.o
 .rodata.Font_11x18
                0x080087cc        0xc ./Core/SSD1306/ssd1306_fonts.o
                0x080087cc                Font_11x18
 .rodata.AHBPrescTable
                0x080087d8       0x10 ./Core/Src/system_stm32l0xx.o
                0x080087d8                AHBPrescTable
 .rodata.APBPrescTable
                0x080087e8        0x8 ./Core/Src/system_stm32l0xx.o
                0x080087e8                APBPrescTable
 .rodata.PLLMulTable
                0x080087f0        0x9 ./Core/Src/system_stm32l0xx.o
                0x080087f0                PLLMulTable
 *fill*         0x080087f9        0x3 
 .rodata.UART_SetConfig
                0x080087fc       0x48 ./Drivers/STM32L0xx_HAL_Driver/Src/stm32l0xx_hal_uart.o
 .rodata._svfprintf_r.str1.1
                0x08008844       0x11 D:/STM32CubeIDE_1.15.0/STM32CubeIDE/plugins/com.st.stm32cube.ide.mcu.externaltools.gnu-tools-for-stm32.12.3.rel1.win32_1.1.0.202410251130/tools/bin/../lib/gcc/arm-none-eabi/12.3.1/../../../../arm-none-eabi/lib/thumb/v6-m/nofp\libc_nano.a(libc_a-nano-svfprintf.o)
 .rodata._printf_i.str1.1
                0x08008855       0x22 D:/STM32CubeIDE_1.15.0/STM32CubeIDE/plugins/com.st.stm32cube.ide.mcu.externaltools.gnu-tools-for-stm32.12.3.rel1.win32_1.1.0.202410251130/tools/bin/../lib/gcc/arm-none-eabi/12.3.1/../../../../arm-none-eabi/lib/thumb/v6-m/nofp\libc_nano.a(libc_a-nano-vfprintf_i.o)
                0x08008878                        . = ALIGN (0x4)
 *fill*         0x08008877        0x1 

.ARM.extab      0x08008878        0x0
                0x08008878                        . = ALIGN (0x4)
 *(.ARM.extab* .gnu.linkonce.armextab.*)
                0x08008878                        . = ALIGN (0x4)

.ARM            0x08008878        0x8
                0x08008878                        . = ALIGN (0x4)
                0x08008878                        __exidx_start = .
 *(.ARM.exidx*)
 .ARM.exidx     0x08008878        0x8 D:/STM32CubeIDE_1.15.0/STM32CubeIDE/plugins/com.st.stm32cube.ide.mcu.externaltools.gnu-tools-for-stm32.12.3.rel1.win32_1.1.0.202410251130/tools/bin/../lib/gcc/arm-none-eabi/12.3.1/thumb/v6-m/nofp\libgcc.a(_udivmoddi4.o)
                0x08008880                        __exidx_end = .
                0x08008880                        . = ALIGN (0x4)

.preinit_array  0x08008880        0x0
                0x08008880                        . = ALIGN (0x4)
                0x08008880                        PROVIDE (__preinit_array_start = .)
 *(.preinit_array*)
                0x08008880                        PROVIDE (__preinit_array_end = .)
                0x08008880                        . = ALIGN (0x4)

.init_array     0x08008880        0x4
                0x08008880                        . = ALIGN (0x4)
                0x08008880                        PROVIDE (__init_array_start = .)
 *(SORT_BY_NAME(.init_array.*))
 *(.init_array*)
 .init_array    0x08008880        0x4 D:/STM32CubeIDE_1.15.0/STM32CubeIDE/plugins/com.st.stm32cube.ide.mcu.externaltools.gnu-tools-for-stm32.12.3.rel1.win32_1.1.0.202410251130/tools/bin/../lib/gcc/arm-none-eabi/12.3.1/thumb/v6-m/nofp/crtbegin.o
                0x08008884                        PROVIDE (__init_array_end = .)
                0x08008884                        . = ALIGN (0x4)

.fini_array     0x08008884        0x4
                0x08008884                        . = ALIGN (0x4)
                [!provide]                        PROVIDE (__fini_array_start = .)
 *(SORT_BY_NAME(.fini_array.*))
 *(.fini_array*)
 .fini_array    0x08008884        0x4 D:/STM32CubeIDE_1.15.0/STM32CubeIDE/plugins/com.st.stm32cube.ide.mcu.externaltools.gnu-tools-for-stm32.12.3.rel1.win32_1.1.0.202410251130/tools/bin/../lib/gcc/arm-none-eabi/12.3.1/thumb/v6-m/nofp/crtbegin.o
                [!provide]                        PROVIDE (__fini_array_end = .)
                0x08008888                        . = ALIGN (0x4)
                0x08008888                        _sidata = LOADADDR (.data)

.rel.dyn        0x08008888        0x0
 .rel.iplt      0x08008888        0x0 D:/STM32CubeIDE_1.15.0/STM32CubeIDE/plugins/com.st.stm32cube.ide.mcu.externaltools.gnu-tools-for-stm32.12.3.rel1.win32_1.1.0.202410251130/tools/bin/../lib/gcc/arm-none-eabi/12.3.1/thumb/v6-m/nofp/crtbegin.o

.data           0x20000000      0x6a8 load address 0x08008888
                0x20000000                        . = ALIGN (0x4)
                0x20000000                        _sdata = .
 *(.data)
 *(.data*)
 .data.Font12   0x20000000        0x8 ./Core/BSP/Components/gde021a1/font12epd.o
                0x20000000                Font12
 .data.Font8    0x20000008        0x8 ./Core/BSP/Components/gde021a1/font8epd.o
                0x20000008                Font8
 .data.gde021a1_drv
                0x20000010       0x20 ./Core/BSP/Components/gde021a1/gde021a1.o
                0x20000010                gde021a1_drv
 .data.k        0x20000030        0x4 ./Core/Src/main.o
                0x20000030                k
 .data.Logo     0x20000034      0x60c ./Core/Src/main.o
                0x20000034                Logo
 .data.SystemCoreClock
                0x20000640        0x4 ./Core/Src/system_stm32l0xx.o
                0x20000640                SystemCoreClock
 .data.uwTickPrio
                0x20000644        0x4 ./Drivers/STM32L0xx_HAL_Driver/Src/stm32l0xx_hal.o
                0x20000644                uwTickPrio
 .data.uwTickFreq
                0x20000648        0x1 ./Drivers/STM32L0xx_HAL_Driver/Src/stm32l0xx_hal.o
                0x20000648                uwTickFreq
 *fill*         0x20000649        0x3 
 .data.__sglue  0x2000064c        0xc D:/STM32CubeIDE_1.15.0/STM32CubeIDE/plugins/com.st.stm32cube.ide.mcu.externaltools.gnu-tools-for-stm32.12.3.rel1.win32_1.1.0.202410251130/tools/bin/../lib/gcc/arm-none-eabi/12.3.1/../../../../arm-none-eabi/lib/thumb/v6-m/nofp\libc_nano.a(libc_a-findfp.o)
                0x2000064c                __sglue
 .data._impure_ptr
                0x20000658        0x4 D:/STM32CubeIDE_1.15.0/STM32CubeIDE/plugins/com.st.stm32cube.ide.mcu.externaltools.gnu-tools-for-stm32.12.3.rel1.win32_1.1.0.202410251130/tools/bin/../lib/gcc/arm-none-eabi/12.3.1/../../../../arm-none-eabi/lib/thumb/v6-m/nofp\libc_nano.a(libc_a-impure.o)
                0x20000658                _impure_ptr
 .data._impure_data
                0x2000065c       0x4c D:/STM32CubeIDE_1.15.0/STM32CubeIDE/plugins/com.st.stm32cube.ide.mcu.externaltools.gnu-tools-for-stm32.12.3.rel1.win32_1.1.0.202410251130/tools/bin/../lib/gcc/arm-none-eabi/12.3.1/../../../../arm-none-eabi/lib/thumb/v6-m/nofp\libc_nano.a(libc_a-impure.o)
                0x2000065c                _impure_data
 *(.RamFunc)
 *(.RamFunc*)
                0x200006a8                        . = ALIGN (0x4)
                0x200006a8                        _edata = .

.igot.plt       0x200006a8        0x0 load address 0x08008f30
 .igot.plt      0x200006a8        0x0 D:/STM32CubeIDE_1.15.0/STM32CubeIDE/plugins/com.st.stm32cube.ide.mcu.externaltools.gnu-tools-for-stm32.12.3.rel1.win32_1.1.0.202410251130/tools/bin/../lib/gcc/arm-none-eabi/12.3.1/thumb/v6-m/nofp/crtbegin.o
                0x200006a8                        . = ALIGN (0x4)

.bss            0x200006a8      0xd1c load address 0x08008f30
                0x200006a8                        _sbss = .
                0x200006a8                        __bss_start__ = _sbss
 *(.bss)
 .bss           0x200006a8       0x1c D:/STM32CubeIDE_1.15.0/STM32CubeIDE/plugins/com.st.stm32cube.ide.mcu.externaltools.gnu-tools-for-stm32.12.3.rel1.win32_1.1.0.202410251130/tools/bin/../lib/gcc/arm-none-eabi/12.3.1/thumb/v6-m/nofp/crtbegin.o
 *(.bss*)
 .bss.SpiHandle
                0x200006c4       0x58 ./Core/BSP/Components/gde021a1/stm32l0538_discovery.o
 .bss.pFont     0x2000071c        0x4 ./Core/BSP/Components/gde021a1/stm32l0538_discovery_epd.o
 .bss.epd_drv   0x20000720        0x4 ./Core/BSP/Components/gde021a1/stm32l0538_discovery_epd.o
 .bss.SSD1306_Buffer
                0x20000724      0x400 ./Core/SSD1306/ssd1306.o
 .bss.SSD1306   0x20000b24        0x6 ./Core/SSD1306/ssd1306.o
 *fill*         0x20000b2a        0x2 
 .bss.flaga     0x20000b2c        0x4 ./Core/Src/main.o
                0x20000b2c                flaga
 .bss.buffer    0x20000b30      0x60c ./Core/Src/main.o
                0x20000b30                buffer
 .bss.hi2c1     0x2000113c       0x54 ./Core/Src/main.o
                0x2000113c                hi2c1
 .bss.hspi1     0x20001190       0x58 ./Core/Src/main.o
                0x20001190                hspi1
 .bss.huart1    0x200011e8       0x88 ./Core/Src/main.o
                0x200011e8                huart1
 .bss.__sbrk_heap_end
                0x20001270        0x4 ./Core/Src/sysmem.o
 .bss.uwTick    0x20001274        0x4 ./Drivers/STM32L0xx_HAL_Driver/Src/stm32l0xx_hal.o
                0x20001274                uwTick
 .bss.__sf      0x20001278      0x138 D:/STM32CubeIDE_1.15.0/STM32CubeIDE/plugins/com.st.stm32cube.ide.mcu.externaltools.gnu-tools-for-stm32.12.3.rel1.win32_1.1.0.202410251130/tools/bin/../lib/gcc/arm-none-eabi/12.3.1/../../../../arm-none-eabi/lib/thumb/v6-m/nofp\libc_nano.a(libc_a-findfp.o)
                0x20001278                __sf
 .bss.__stdio_exit_handler
                0x200013b0        0x4 D:/STM32CubeIDE_1.15.0/STM32CubeIDE/plugins/com.st.stm32cube.ide.mcu.externaltools.gnu-tools-for-stm32.12.3.rel1.win32_1.1.0.202410251130/tools/bin/../lib/gcc/arm-none-eabi/12.3.1/../../../../arm-none-eabi/lib/thumb/v6-m/nofp\libc_nano.a(libc_a-findfp.o)
                0x200013b0                __stdio_exit_handler
 .bss.errno     0x200013b4        0x4 D:/STM32CubeIDE_1.15.0/STM32CubeIDE/plugins/com.st.stm32cube.ide.mcu.externaltools.gnu-tools-for-stm32.12.3.rel1.win32_1.1.0.202410251130/tools/bin/../lib/gcc/arm-none-eabi/12.3.1/../../../../arm-none-eabi/lib/thumb/v6-m/nofp\libc_nano.a(libc_a-reent.o)
                0x200013b4                errno
 .bss.__lock___malloc_recursive_mutex
                0x200013b8        0x1 D:/STM32CubeIDE_1.15.0/STM32CubeIDE/plugins/com.st.stm32cube.ide.mcu.externaltools.gnu-tools-for-stm32.12.3.rel1.win32_1.1.0.202410251130/tools/bin/../lib/gcc/arm-none-eabi/12.3.1/../../../../arm-none-eabi/lib/thumb/v6-m/nofp\libc_nano.a(libc_a-lock.o)
                0x200013b8                __lock___malloc_recursive_mutex
 .bss.__lock___sfp_recursive_mutex
                0x200013b9        0x1 D:/STM32CubeIDE_1.15.0/STM32CubeIDE/plugins/com.st.stm32cube.ide.mcu.externaltools.gnu-tools-for-stm32.12.3.rel1.win32_1.1.0.202410251130/tools/bin/../lib/gcc/arm-none-eabi/12.3.1/../../../../arm-none-eabi/lib/thumb/v6-m/nofp\libc_nano.a(libc_a-lock.o)
                0x200013b9                __lock___sfp_recursive_mutex
 *fill*         0x200013ba        0x2 
 .bss.__malloc_sbrk_start
                0x200013bc        0x4 D:/STM32CubeIDE_1.15.0/STM32CubeIDE/plugins/com.st.stm32cube.ide.mcu.externaltools.gnu-tools-for-stm32.12.3.rel1.win32_1.1.0.202410251130/tools/bin/../lib/gcc/arm-none-eabi/12.3.1/../../../../arm-none-eabi/lib/thumb/v6-m/nofp\libc_nano.a(libc_a-mallocr.o)
                0x200013bc                __malloc_sbrk_start
 .bss.__malloc_free_list
                0x200013c0        0x4 D:/STM32CubeIDE_1.15.0/STM32CubeIDE/plugins/com.st.stm32cube.ide.mcu.externaltools.gnu-tools-for-stm32.12.3.rel1.win32_1.1.0.202410251130/tools/bin/../lib/gcc/arm-none-eabi/12.3.1/../../../../arm-none-eabi/lib/thumb/v6-m/nofp\libc_nano.a(libc_a-mallocr.o)
                0x200013c0                __malloc_free_list
 *(COMMON)
                0x200013c4                        . = ALIGN (0x4)
                0x200013c4                        _ebss = .
                0x200013c4                        __bss_end__ = _ebss

._user_heap_stack
                0x200013c4      0x604 load address 0x08008f30
                0x200013c8                        . = ALIGN (0x8)
 *fill*         0x200013c4        0x4 
                [!provide]                        PROVIDE (end = .)
                0x200013c8                        PROVIDE (_end = .)
                0x200015c8                        . = (. + _Min_Heap_Size)
 *fill*         0x200013c8      0x200 
                0x200019c8                        . = (. + _Min_Stack_Size)
 *fill*         0x200015c8      0x400 
                0x200019c8                        . = ALIGN (0x8)

/DISCARD/
 libc.a(*)
 libm.a(*)
 libgcc.a(*)

.ARM.attributes
                0x00000000       0x28
 *(.ARM.attributes)
 .ARM.attributes
                0x00000000       0x1e D:/STM32CubeIDE_1.15.0/STM32CubeIDE/plugins/com.st.stm32cube.ide.mcu.externaltools.gnu-tools-for-stm32.12.3.rel1.win32_1.1.0.202410251130/tools/bin/../lib/gcc/arm-none-eabi/12.3.1/thumb/v6-m/nofp/crti.o
 .ARM.attributes
                0x0000001e       0x2c D:/STM32CubeIDE_1.15.0/STM32CubeIDE/plugins/com.st.stm32cube.ide.mcu.externaltools.gnu-tools-for-stm32.12.3.rel1.win32_1.1.0.202410251130/tools/bin/../lib/gcc/arm-none-eabi/12.3.1/thumb/v6-m/nofp/crtbegin.o
 .ARM.attributes
                0x0000004a       0x2c ./Core/BSP/Components/gde021a1/font12epd.o
 .ARM.attributes
                0x00000076       0x2c ./Core/BSP/Components/gde021a1/font8epd.o
 .ARM.attributes
                0x000000a2       0x2c ./Core/BSP/Components/gde021a1/gde021a1.o
 .ARM.attributes
                0x000000ce       0x2c ./Core/BSP/Components/gde021a1/stm32l0538_discovery.o
 .ARM.attributes
                0x000000fa       0x2c ./Core/BSP/Components/gde021a1/stm32l0538_discovery_epd.o
 .ARM.attributes
                0x00000126       0x2c ./Core/SSD1306/ssd1306.o
 .ARM.attributes
                0x00000152       0x2c ./Core/SSD1306/ssd1306_fonts.o
 .ARM.attributes
                0x0000017e       0x2c ./Core/Src/main.o
 .ARM.attributes
                0x000001aa       0x2c ./Core/Src/stm32l0xx_hal_msp.o
 .ARM.attributes
                0x000001d6       0x2c ./Core/Src/stm32l0xx_it.o
 .ARM.attributes
                0x00000202       0x2c ./Core/Src/syscalls.o
 .ARM.attributes
                0x0000022e       0x2c ./Core/Src/sysmem.o
 .ARM.attributes
                0x0000025a       0x2c ./Core/Src/system_stm32l0xx.o
 .ARM.attributes
                0x00000286       0x22 ./Core/Startup/startup_stm32l053c8tx.o
 .ARM.attributes
                0x000002a8       0x2c ./Drivers/STM32L0xx_HAL_Driver/Src/stm32l0xx_hal.o
 .ARM.attributes
                0x000002d4       0x2c ./Drivers/STM32L0xx_HAL_Driver/Src/stm32l0xx_hal_cortex.o
 .ARM.attributes
                0x00000300       0x2c ./Drivers/STM32L0xx_HAL_Driver/Src/stm32l0xx_hal_dma.o
 .ARM.attributes
                0x0000032c       0x2c ./Drivers/STM32L0xx_HAL_Driver/Src/stm32l0xx_hal_gpio.o
 .ARM.attributes
                0x00000358       0x2c ./Drivers/STM32L0xx_HAL_Driver/Src/stm32l0xx_hal_i2c.o
 .ARM.attributes
                0x00000384       0x2c ./Drivers/STM32L0xx_HAL_Driver/Src/stm32l0xx_hal_i2c_ex.o
 .ARM.attributes
                0x000003b0       0x2c ./Drivers/STM32L0xx_HAL_Driver/Src/stm32l0xx_hal_rcc.o
 .ARM.attributes
                0x000003dc       0x2c ./Drivers/STM32L0xx_HAL_Driver/Src/stm32l0xx_hal_rcc_ex.o
 .ARM.attributes
                0x00000408       0x2c ./Drivers/STM32L0xx_HAL_Driver/Src/stm32l0xx_hal_spi.o
 .ARM.attributes
                0x00000434       0x2c ./Drivers/STM32L0xx_HAL_Driver/Src/stm32l0xx_hal_uart.o
 .ARM.attributes
                0x00000460       0x2c ./Drivers/STM32L0xx_HAL_Driver/Src/stm32l0xx_hal_uart_ex.o
 .ARM.attributes
                0x0000048c       0x2c D:/STM32CubeIDE_1.15.0/STM32CubeIDE/plugins/com.st.stm32cube.ide.mcu.externaltools.gnu-tools-for-stm32.12.3.rel1.win32_1.1.0.202410251130/tools/bin/../lib/gcc/arm-none-eabi/12.3.1/../../../../arm-none-eabi/lib/thumb/v6-m/nofp\libc_nano.a(libc_a-findfp.o)
 .ARM.attributes
                0x000004b8       0x2c D:/STM32CubeIDE_1.15.0/STM32CubeIDE/plugins/com.st.stm32cube.ide.mcu.externaltools.gnu-tools-for-stm32.12.3.rel1.win32_1.1.0.202410251130/tools/bin/../lib/gcc/arm-none-eabi/12.3.1/../../../../arm-none-eabi/lib/thumb/v6-m/nofp\libc_nano.a(libc_a-fwalk.o)
 .ARM.attributes
                0x000004e4       0x2c D:/STM32CubeIDE_1.15.0/STM32CubeIDE/plugins/com.st.stm32cube.ide.mcu.externaltools.gnu-tools-for-stm32.12.3.rel1.win32_1.1.0.202410251130/tools/bin/../lib/gcc/arm-none-eabi/12.3.1/../../../../arm-none-eabi/lib/thumb/v6-m/nofp\libc_nano.a(libc_a-puts.o)
 .ARM.attributes
                0x00000510       0x2c D:/STM32CubeIDE_1.15.0/STM32CubeIDE/plugins/com.st.stm32cube.ide.mcu.externaltools.gnu-tools-for-stm32.12.3.rel1.win32_1.1.0.202410251130/tools/bin/../lib/gcc/arm-none-eabi/12.3.1/../../../../arm-none-eabi/lib/thumb/v6-m/nofp\libc_nano.a(libc_a-snprintf.o)
 .ARM.attributes
                0x0000053c       0x2c D:/STM32CubeIDE_1.15.0/STM32CubeIDE/plugins/com.st.stm32cube.ide.mcu.externaltools.gnu-tools-for-stm32.12.3.rel1.win32_1.1.0.202410251130/tools/bin/../lib/gcc/arm-none-eabi/12.3.1/../../../../arm-none-eabi/lib/thumb/v6-m/nofp\libc_nano.a(libc_a-stdio.o)
 .ARM.attributes
                0x00000568       0x2c D:/STM32CubeIDE_1.15.0/STM32CubeIDE/plugins/com.st.stm32cube.ide.mcu.externaltools.gnu-tools-for-stm32.12.3.rel1.win32_1.1.0.202410251130/tools/bin/../lib/gcc/arm-none-eabi/12.3.1/../../../../arm-none-eabi/lib/thumb/v6-m/nofp\libc_nano.a(libc_a-wbuf.o)
 .ARM.attributes
                0x00000594       0x2c D:/STM32CubeIDE_1.15.0/STM32CubeIDE/plugins/com.st.stm32cube.ide.mcu.externaltools.gnu-tools-for-stm32.12.3.rel1.win32_1.1.0.202410251130/tools/bin/../lib/gcc/arm-none-eabi/12.3.1/../../../../arm-none-eabi/lib/thumb/v6-m/nofp\libc_nano.a(libc_a-wsetup.o)
 .ARM.attributes
                0x000005c0       0x2c D:/STM32CubeIDE_1.15.0/STM32CubeIDE/plugins/com.st.stm32cube.ide.mcu.externaltools.gnu-tools-for-stm32.12.3.rel1.win32_1.1.0.202410251130/tools/bin/../lib/gcc/arm-none-eabi/12.3.1/../../../../arm-none-eabi/lib/thumb/v6-m/nofp\libc_nano.a(libc_a-memmove.o)
 .ARM.attributes
                0x000005ec       0x2c D:/STM32CubeIDE_1.15.0/STM32CubeIDE/plugins/com.st.stm32cube.ide.mcu.externaltools.gnu-tools-for-stm32.12.3.rel1.win32_1.1.0.202410251130/tools/bin/../lib/gcc/arm-none-eabi/12.3.1/../../../../arm-none-eabi/lib/thumb/v6-m/nofp\libc_nano.a(libc_a-memset.o)
 .ARM.attributes
                0x00000618       0x2c D:/STM32CubeIDE_1.15.0/STM32CubeIDE/plugins/com.st.stm32cube.ide.mcu.externaltools.gnu-tools-for-stm32.12.3.rel1.win32_1.1.0.202410251130/tools/bin/../lib/gcc/arm-none-eabi/12.3.1/../../../../arm-none-eabi/lib/thumb/v6-m/nofp\libc_nano.a(libc_a-closer.o)
 .ARM.attributes
                0x00000644       0x2c D:/STM32CubeIDE_1.15.0/STM32CubeIDE/plugins/com.st.stm32cube.ide.mcu.externaltools.gnu-tools-for-stm32.12.3.rel1.win32_1.1.0.202410251130/tools/bin/../lib/gcc/arm-none-eabi/12.3.1/../../../../arm-none-eabi/lib/thumb/v6-m/nofp\libc_nano.a(libc_a-reent.o)
 .ARM.attributes
                0x00000670       0x2c D:/STM32CubeIDE_1.15.0/STM32CubeIDE/plugins/com.st.stm32cube.ide.mcu.externaltools.gnu-tools-for-stm32.12.3.rel1.win32_1.1.0.202410251130/tools/bin/../lib/gcc/arm-none-eabi/12.3.1/../../../../arm-none-eabi/lib/thumb/v6-m/nofp\libc_nano.a(libc_a-impure.o)
 .ARM.attributes
                0x0000069c       0x2c D:/STM32CubeIDE_1.15.0/STM32CubeIDE/plugins/com.st.stm32cube.ide.mcu.externaltools.gnu-tools-for-stm32.12.3.rel1.win32_1.1.0.202410251130/tools/bin/../lib/gcc/arm-none-eabi/12.3.1/../../../../arm-none-eabi/lib/thumb/v6-m/nofp\libc_nano.a(libc_a-lseekr.o)
 .ARM.attributes
                0x000006c8       0x2c D:/STM32CubeIDE_1.15.0/STM32CubeIDE/plugins/com.st.stm32cube.ide.mcu.externaltools.gnu-tools-for-stm32.12.3.rel1.win32_1.1.0.202410251130/tools/bin/../lib/gcc/arm-none-eabi/12.3.1/../../../../arm-none-eabi/lib/thumb/v6-m/nofp\libc_nano.a(libc_a-readr.o)
 .ARM.attributes
                0x000006f4       0x2c D:/STM32CubeIDE_1.15.0/STM32CubeIDE/plugins/com.st.stm32cube.ide.mcu.externaltools.gnu-tools-for-stm32.12.3.rel1.win32_1.1.0.202410251130/tools/bin/../lib/gcc/arm-none-eabi/12.3.1/../../../../arm-none-eabi/lib/thumb/v6-m/nofp\libc_nano.a(libc_a-writer.o)
 .ARM.attributes
                0x00000720       0x2c D:/STM32CubeIDE_1.15.0/STM32CubeIDE/plugins/com.st.stm32cube.ide.mcu.externaltools.gnu-tools-for-stm32.12.3.rel1.win32_1.1.0.202410251130/tools/bin/../lib/gcc/arm-none-eabi/12.3.1/../../../../arm-none-eabi/lib/thumb/v6-m/nofp\libc_nano.a(libc_a-errno.o)
 .ARM.attributes
                0x0000074c       0x2c D:/STM32CubeIDE_1.15.0/STM32CubeIDE/plugins/com.st.stm32cube.ide.mcu.externaltools.gnu-tools-for-stm32.12.3.rel1.win32_1.1.0.202410251130/tools/bin/../lib/gcc/arm-none-eabi/12.3.1/../../../../arm-none-eabi/lib/thumb/v6-m/nofp\libc_nano.a(libc_a-init.o)
 .ARM.attributes
                0x00000778       0x2c D:/STM32CubeIDE_1.15.0/STM32CubeIDE/plugins/com.st.stm32cube.ide.mcu.externaltools.gnu-tools-for-stm32.12.3.rel1.win32_1.1.0.202410251130/tools/bin/../lib/gcc/arm-none-eabi/12.3.1/../../../../arm-none-eabi/lib/thumb/v6-m/nofp\libc_nano.a(libc_a-lock.o)
 .ARM.attributes
                0x000007a4       0x2c D:/STM32CubeIDE_1.15.0/STM32CubeIDE/plugins/com.st.stm32cube.ide.mcu.externaltools.gnu-tools-for-stm32.12.3.rel1.win32_1.1.0.202410251130/tools/bin/../lib/gcc/arm-none-eabi/12.3.1/../../../../arm-none-eabi/lib/thumb/v6-m/nofp\libc_nano.a(libc_a-memcpy-stub.o)
 .ARM.attributes
                0x000007d0       0x2c D:/STM32CubeIDE_1.15.0/STM32CubeIDE/plugins/com.st.stm32cube.ide.mcu.externaltools.gnu-tools-for-stm32.12.3.rel1.win32_1.1.0.202410251130/tools/bin/../lib/gcc/arm-none-eabi/12.3.1/../../../../arm-none-eabi/lib/thumb/v6-m/nofp\libc_nano.a(libc_a-freer.o)
 .ARM.attributes
                0x000007fc       0x2c D:/STM32CubeIDE_1.15.0/STM32CubeIDE/plugins/com.st.stm32cube.ide.mcu.externaltools.gnu-tools-for-stm32.12.3.rel1.win32_1.1.0.202410251130/tools/bin/../lib/gcc/arm-none-eabi/12.3.1/../../../../arm-none-eabi/lib/thumb/v6-m/nofp\libc_nano.a(libc_a-mallocr.o)
 .ARM.attributes
                0x00000828       0x2c D:/STM32CubeIDE_1.15.0/STM32CubeIDE/plugins/com.st.stm32cube.ide.mcu.externaltools.gnu-tools-for-stm32.12.3.rel1.win32_1.1.0.202410251130/tools/bin/../lib/gcc/arm-none-eabi/12.3.1/../../../../arm-none-eabi/lib/thumb/v6-m/nofp\libc_nano.a(libc_a-mlock.o)
 .ARM.attributes
                0x00000854       0x2c D:/STM32CubeIDE_1.15.0/STM32CubeIDE/plugins/com.st.stm32cube.ide.mcu.externaltools.gnu-tools-for-stm32.12.3.rel1.win32_1.1.0.202410251130/tools/bin/../lib/gcc/arm-none-eabi/12.3.1/../../../../arm-none-eabi/lib/thumb/v6-m/nofp\libc_nano.a(libc_a-nano-svfprintf.o)
 .ARM.attributes
                0x00000880       0x2c D:/STM32CubeIDE_1.15.0/STM32CubeIDE/plugins/com.st.stm32cube.ide.mcu.externaltools.gnu-tools-for-stm32.12.3.rel1.win32_1.1.0.202410251130/tools/bin/../lib/gcc/arm-none-eabi/12.3.1/../../../../arm-none-eabi/lib/thumb/v6-m/nofp\libc_nano.a(libc_a-nano-vfprintf_i.o)
 .ARM.attributes
                0x000008ac       0x2c D:/STM32CubeIDE_1.15.0/STM32CubeIDE/plugins/com.st.stm32cube.ide.mcu.externaltools.gnu-tools-for-stm32.12.3.rel1.win32_1.1.0.202410251130/tools/bin/../lib/gcc/arm-none-eabi/12.3.1/../../../../arm-none-eabi/lib/thumb/v6-m/nofp\libc_nano.a(libc_a-fflush.o)
 .ARM.attributes
                0x000008d8       0x2c D:/STM32CubeIDE_1.15.0/STM32CubeIDE/plugins/com.st.stm32cube.ide.mcu.externaltools.gnu-tools-for-stm32.12.3.rel1.win32_1.1.0.202410251130/tools/bin/../lib/gcc/arm-none-eabi/12.3.1/../../../../arm-none-eabi/lib/thumb/v6-m/nofp\libc_nano.a(libc_a-makebuf.o)
 .ARM.attributes
                0x00000904       0x2c D:/STM32CubeIDE_1.15.0/STM32CubeIDE/plugins/com.st.stm32cube.ide.mcu.externaltools.gnu-tools-for-stm32.12.3.rel1.win32_1.1.0.202410251130/tools/bin/../lib/gcc/arm-none-eabi/12.3.1/../../../../arm-none-eabi/lib/thumb/v6-m/nofp\libc_nano.a(libc_a-fstatr.o)
 .ARM.attributes
                0x00000930       0x2c D:/STM32CubeIDE_1.15.0/STM32CubeIDE/plugins/com.st.stm32cube.ide.mcu.externaltools.gnu-tools-for-stm32.12.3.rel1.win32_1.1.0.202410251130/tools/bin/../lib/gcc/arm-none-eabi/12.3.1/../../../../arm-none-eabi/lib/thumb/v6-m/nofp\libc_nano.a(libc_a-isattyr.o)
 .ARM.attributes
                0x0000095c       0x2c D:/STM32CubeIDE_1.15.0/STM32CubeIDE/plugins/com.st.stm32cube.ide.mcu.externaltools.gnu-tools-for-stm32.12.3.rel1.win32_1.1.0.202410251130/tools/bin/../lib/gcc/arm-none-eabi/12.3.1/../../../../arm-none-eabi/lib/thumb/v6-m/nofp\libc_nano.a(libc_a-sbrkr.o)
 .ARM.attributes
                0x00000988       0x2c D:/STM32CubeIDE_1.15.0/STM32CubeIDE/plugins/com.st.stm32cube.ide.mcu.externaltools.gnu-tools-for-stm32.12.3.rel1.win32_1.1.0.202410251130/tools/bin/../lib/gcc/arm-none-eabi/12.3.1/../../../../arm-none-eabi/lib/thumb/v6-m/nofp\libc_nano.a(libc_a-memchr-stub.o)
 .ARM.attributes
                0x000009b4       0x2c D:/STM32CubeIDE_1.15.0/STM32CubeIDE/plugins/com.st.stm32cube.ide.mcu.externaltools.gnu-tools-for-stm32.12.3.rel1.win32_1.1.0.202410251130/tools/bin/../lib/gcc/arm-none-eabi/12.3.1/../../../../arm-none-eabi/lib/thumb/v6-m/nofp\libc_nano.a(libc_a-reallocr.o)
 .ARM.attributes
                0x000009e0       0x2c D:/STM32CubeIDE_1.15.0/STM32CubeIDE/plugins/com.st.stm32cube.ide.mcu.externaltools.gnu-tools-for-stm32.12.3.rel1.win32_1.1.0.202410251130/tools/bin/../lib/gcc/arm-none-eabi/12.3.1/../../../../arm-none-eabi/lib/thumb/v6-m/nofp\libc_nano.a(libc_a-msizer.o)
 .ARM.attributes
                0x00000a0c       0x1e D:/STM32CubeIDE_1.15.0/STM32CubeIDE/plugins/com.st.stm32cube.ide.mcu.externaltools.gnu-tools-for-stm32.12.3.rel1.win32_1.1.0.202410251130/tools/bin/../lib/gcc/arm-none-eabi/12.3.1/thumb/v6-m/nofp\libgcc.a(_thumb1_case_shi.o)
 .ARM.attributes
                0x00000a2a       0x1e D:/STM32CubeIDE_1.15.0/STM32CubeIDE/plugins/com.st.stm32cube.ide.mcu.externaltools.gnu-tools-for-stm32.12.3.rel1.win32_1.1.0.202410251130/tools/bin/../lib/gcc/arm-none-eabi/12.3.1/thumb/v6-m/nofp\libgcc.a(_udivsi3.o)
 .ARM.attributes
                0x00000a48       0x1e D:/STM32CubeIDE_1.15.0/STM32CubeIDE/plugins/com.st.stm32cube.ide.mcu.externaltools.gnu-tools-for-stm32.12.3.rel1.win32_1.1.0.202410251130/tools/bin/../lib/gcc/arm-none-eabi/12.3.1/thumb/v6-m/nofp\libgcc.a(_dvmd_tls.o)
 .ARM.attributes
                0x00000a66       0x1e D:/STM32CubeIDE_1.15.0/STM32CubeIDE/plugins/com.st.stm32cube.ide.mcu.externaltools.gnu-tools-for-stm32.12.3.rel1.win32_1.1.0.202410251130/tools/bin/../lib/gcc/arm-none-eabi/12.3.1/thumb/v6-m/nofp\libgcc.a(_aeabi_uldivmod.o)
 .ARM.attributes
                0x00000a84       0x2c D:/STM32CubeIDE_1.15.0/STM32CubeIDE/plugins/com.st.stm32cube.ide.mcu.externaltools.gnu-tools-for-stm32.12.3.rel1.win32_1.1.0.202410251130/tools/bin/../lib/gcc/arm-none-eabi/12.3.1/thumb/v6-m/nofp\libgcc.a(_muldi3.o)
 .ARM.attributes
                0x00000ab0       0x2c D:/STM32CubeIDE_1.15.0/STM32CubeIDE/plugins/com.st.stm32cube.ide.mcu.externaltools.gnu-tools-for-stm32.12.3.rel1.win32_1.1.0.202410251130/tools/bin/../lib/gcc/arm-none-eabi/12.3.1/thumb/v6-m/nofp\libgcc.a(_udivmoddi4.o)
 .ARM.attributes
                0x00000adc       0x1e D:/STM32CubeIDE_1.15.0/STM32CubeIDE/plugins/com.st.stm32cube.ide.mcu.externaltools.gnu-tools-for-stm32.12.3.rel1.win32_1.1.0.202410251130/tools/bin/../lib/gcc/arm-none-eabi/12.3.1/thumb/v6-m/nofp\libgcc.a(_clzsi2.o)
 .ARM.attributes
                0x00000afa       0x1e D:/STM32CubeIDE_1.15.0/STM32CubeIDE/plugins/com.st.stm32cube.ide.mcu.externaltools.gnu-tools-for-stm32.12.3.rel1.win32_1.1.0.202410251130/tools/bin/../lib/gcc/arm-none-eabi/12.3.1/thumb/v6-m/nofp\libgcc.a(_clzdi2.o)
 .ARM.attributes
                0x00000b18       0x1e D:/STM32CubeIDE_1.15.0/STM32CubeIDE/plugins/com.st.stm32cube.ide.mcu.externaltools.gnu-tools-for-stm32.12.3.rel1.win32_1.1.0.202410251130/tools/bin/../lib/gcc/arm-none-eabi/12.3.1/thumb/v6-m/nofp/crtn.o
OUTPUT(Serial Port.elf elf32-littlearm)
LOAD linker stubs
LOAD D:/STM32CubeIDE_1.15.0/STM32CubeIDE/plugins/com.st.stm32cube.ide.mcu.externaltools.gnu-tools-for-stm32.12.3.rel1.win32_1.1.0.202410251130/tools/bin/../lib/gcc/arm-none-eabi/12.3.1/../../../../arm-none-eabi/lib/thumb/v6-m/nofp\libc.a
LOAD D:/STM32CubeIDE_1.15.0/STM32CubeIDE/plugins/com.st.stm32cube.ide.mcu.externaltools.gnu-tools-for-stm32.12.3.rel1.win32_1.1.0.202410251130/tools/bin/../lib/gcc/arm-none-eabi/12.3.1/../../../../arm-none-eabi/lib/thumb/v6-m/nofp\libm.a
LOAD D:/STM32CubeIDE_1.15.0/STM32CubeIDE/plugins/com.st.stm32cube.ide.mcu.externaltools.gnu-tools-for-stm32.12.3.rel1.win32_1.1.0.202410251130/tools/bin/../lib/gcc/arm-none-eabi/12.3.1/thumb/v6-m/nofp\libgcc.a

.debug_info     0x00000000    0x12243
 .debug_info    0x00000000      0x125 ./Core/BSP/Components/gde021a1/font12epd.o
 .debug_info    0x00000125      0x125 ./Core/BSP/Components/gde021a1/font8epd.o
 .debug_info    0x0000024a      0x3fa ./Core/BSP/Components/gde021a1/gde021a1.o
 .debug_info    0x00000644      0xe58 ./Core/BSP/Components/gde021a1/stm32l0538_discovery.o
 .debug_info    0x0000149c      0x7ce ./Core/BSP/Components/gde021a1/stm32l0538_discovery_epd.o
 .debug_info    0x00001c6a     0x1293 ./Core/SSD1306/ssd1306.o
 .debug_info    0x00002efd      0x2a4 ./Core/SSD1306/ssd1306_fonts.o
 .debug_info    0x000031a1     0x171f ./Core/Src/main.o
 .debug_info    0x000048c0     0x108e ./Core/Src/stm32l0xx_hal_msp.o
 .debug_info    0x0000594e      0x6a8 ./Core/Src/stm32l0xx_it.o
 .debug_info    0x00005ff6      0x6a3 ./Core/Src/syscalls.o
 .debug_info    0x00006699      0x168 ./Core/Src/sysmem.o
 .debug_info    0x00006801      0x2d0 ./Core/Src/system_stm32l0xx.o
 .debug_info    0x00006ad1       0x30 ./Core/Startup/startup_stm32l053c8tx.o
 .debug_info    0x00006b01      0x863 ./Drivers/STM32L0xx_HAL_Driver/Src/stm32l0xx_hal.o
 .debug_info    0x00007364      0x84f ./Drivers/STM32L0xx_HAL_Driver/Src/stm32l0xx_hal_cortex.o
 .debug_info    0x00007bb3      0x70b ./Drivers/STM32L0xx_HAL_Driver/Src/stm32l0xx_hal_dma.o
 .debug_info    0x000082be      0x624 ./Drivers/STM32L0xx_HAL_Driver/Src/stm32l0xx_hal_gpio.o
 .debug_info    0x000088e2     0x205f ./Drivers/STM32L0xx_HAL_Driver/Src/stm32l0xx_hal_i2c.o
 .debug_info    0x0000a941      0x884 ./Drivers/STM32L0xx_HAL_Driver/Src/stm32l0xx_hal_i2c_ex.o
 .debug_info    0x0000b1c5      0x9fd ./Drivers/STM32L0xx_HAL_Driver/Src/stm32l0xx_hal_rcc.o
 .debug_info    0x0000bbc2      0x7e6 ./Drivers/STM32L0xx_HAL_Driver/Src/stm32l0xx_hal_rcc_ex.o
 .debug_info    0x0000c3a8     0x15ca ./Drivers/STM32L0xx_HAL_Driver/Src/stm32l0xx_hal_spi.o
 .debug_info    0x0000d972     0x3b30 ./Drivers/STM32L0xx_HAL_Driver/Src/stm32l0xx_hal_uart.o
 .debug_info    0x000114a2      0xda1 ./Drivers/STM32L0xx_HAL_Driver/Src/stm32l0xx_hal_uart_ex.o

.debug_abbrev   0x00000000     0x31ca
 .debug_abbrev  0x00000000       0xb1 ./Core/BSP/Components/gde021a1/font12epd.o
 .debug_abbrev  0x000000b1       0xb1 ./Core/BSP/Components/gde021a1/font8epd.o
 .debug_abbrev  0x00000162      0x217 ./Core/BSP/Components/gde021a1/gde021a1.o
 .debug_abbrev  0x00000379      0x2e0 ./Core/BSP/Components/gde021a1/stm32l0538_discovery.o
 .debug_abbrev  0x00000659      0x2bf ./Core/BSP/Components/gde021a1/stm32l0538_discovery_epd.o
 .debug_abbrev  0x00000918      0x35d ./Core/SSD1306/ssd1306.o
 .debug_abbrev  0x00000c75       0xcf ./Core/SSD1306/ssd1306_fonts.o
 .debug_abbrev  0x00000d44      0x39b ./Core/Src/main.o
 .debug_abbrev  0x000010df      0x1f3 ./Core/Src/stm32l0xx_hal_msp.o
 .debug_abbrev  0x000012d2      0x184 ./Core/Src/stm32l0xx_it.o
 .debug_abbrev  0x00001456      0x1b6 ./Core/Src/syscalls.o
 .debug_abbrev  0x0000160c       0xbc ./Core/Src/sysmem.o
 .debug_abbrev  0x000016c8      0x11c ./Core/Src/system_stm32l0xx.o
 .debug_abbrev  0x000017e4       0x24 ./Core/Startup/startup_stm32l053c8tx.o
 .debug_abbrev  0x00001808      0x2a0 ./Drivers/STM32L0xx_HAL_Driver/Src/stm32l0xx_hal.o
 .debug_abbrev  0x00001aa8      0x29b ./Drivers/STM32L0xx_HAL_Driver/Src/stm32l0xx_hal_cortex.o
 .debug_abbrev  0x00001d43      0x1cd ./Drivers/STM32L0xx_HAL_Driver/Src/stm32l0xx_hal_dma.o
 .debug_abbrev  0x00001f10      0x1ca ./Drivers/STM32L0xx_HAL_Driver/Src/stm32l0xx_hal_gpio.o
 .debug_abbrev  0x000020da      0x270 ./Drivers/STM32L0xx_HAL_Driver/Src/stm32l0xx_hal_i2c.o
 .debug_abbrev  0x0000234a      0x1b9 ./Drivers/STM32L0xx_HAL_Driver/Src/stm32l0xx_hal_i2c_ex.o
 .debug_abbrev  0x00002503      0x296 ./Drivers/STM32L0xx_HAL_Driver/Src/stm32l0xx_hal_rcc.o
 .debug_abbrev  0x00002799      0x219 ./Drivers/STM32L0xx_HAL_Driver/Src/stm32l0xx_hal_rcc_ex.o
 .debug_abbrev  0x000029b2      0x27e ./Drivers/STM32L0xx_HAL_Driver/Src/stm32l0xx_hal_spi.o
 .debug_abbrev  0x00002c30      0x2e0 ./Drivers/STM32L0xx_HAL_Driver/Src/stm32l0xx_hal_uart.o
 .debug_abbrev  0x00002f10      0x2ba ./Drivers/STM32L0xx_HAL_Driver/Src/stm32l0xx_hal_uart_ex.o

.debug_aranges  0x00000000     0x1050
 .debug_aranges
                0x00000000       0x18 ./Core/BSP/Components/gde021a1/font12epd.o
 .debug_aranges
                0x00000018       0x18 ./Core/BSP/Components/gde021a1/font8epd.o
 .debug_aranges
                0x00000030       0x68 ./Core/BSP/Components/gde021a1/gde021a1.o
 .debug_aranges
                0x00000098       0xa0 ./Core/BSP/Components/gde021a1/stm32l0538_discovery.o
 .debug_aranges
                0x00000138       0xa0 ./Core/BSP/Components/gde021a1/stm32l0538_discovery_epd.o
 .debug_aranges
                0x000001d8       0xe8 ./Core/SSD1306/ssd1306.o
 .debug_aranges
                0x000002c0       0x18 ./Core/SSD1306/ssd1306_fonts.o
 .debug_aranges
                0x000002d8       0x78 ./Core/Src/main.o
 .debug_aranges
                0x00000350       0x50 ./Core/Src/stm32l0xx_hal_msp.o
 .debug_aranges
                0x000003a0       0x48 ./Core/Src/stm32l0xx_it.o
 .debug_aranges
                0x000003e8       0xa8 ./Core/Src/syscalls.o
 .debug_aranges
                0x00000490       0x20 ./Core/Src/sysmem.o
 .debug_aranges
                0x000004b0       0x28 ./Core/Src/system_stm32l0xx.o
 .debug_aranges
                0x000004d8       0x28 ./Core/Startup/startup_stm32l053c8tx.o
 .debug_aranges
                0x00000500      0x110 ./Drivers/STM32L0xx_HAL_Driver/Src/stm32l0xx_hal.o
 .debug_aranges
                0x00000610       0xd8 ./Drivers/STM32L0xx_HAL_Driver/Src/stm32l0xx_hal_cortex.o
 .debug_aranges
                0x000006e8       0x80 ./Drivers/STM32L0xx_HAL_Driver/Src/stm32l0xx_hal_dma.o
 .debug_aranges
                0x00000768       0x58 ./Drivers/STM32L0xx_HAL_Driver/Src/stm32l0xx_hal_gpio.o
 .debug_aranges
                0x000007c0      0x2a0 ./Drivers/STM32L0xx_HAL_Driver/Src/stm32l0xx_hal_i2c.o
 .debug_aranges
                0x00000a60       0x48 ./Drivers/STM32L0xx_HAL_Driver/Src/stm32l0xx_hal_i2c_ex.o
 .debug_aranges
                0x00000aa8       0x80 ./Drivers/STM32L0xx_HAL_Driver/Src/stm32l0xx_hal_rcc.o
 .debug_aranges
                0x00000b28       0xb0 ./Drivers/STM32L0xx_HAL_Driver/Src/stm32l0xx_hal_rcc_ex.o
 .debug_aranges
                0x00000bd8      0x1d0 ./Drivers/STM32L0xx_HAL_Driver/Src/stm32l0xx_hal_spi.o
 .debug_aranges
                0x00000da8      0x228 ./Drivers/STM32L0xx_HAL_Driver/Src/stm32l0xx_hal_uart.o
 .debug_aranges
                0x00000fd0       0x80 ./Drivers/STM32L0xx_HAL_Driver/Src/stm32l0xx_hal_uart_ex.o

.debug_macro    0x00000000    0x195de
 .debug_macro   0x00000000       0x73 ./Core/BSP/Components/gde021a1/font12epd.o
 .debug_macro   0x00000073      0xa8a ./Core/BSP/Components/gde021a1/font12epd.o
 .debug_macro   0x00000afd       0x22 ./Core/BSP/Components/gde021a1/font12epd.o
 .debug_macro   0x00000b1f       0x8e ./Core/BSP/Components/gde021a1/font12epd.o
 .debug_macro   0x00000bad       0x51 ./Core/BSP/Components/gde021a1/font12epd.o
 .debug_macro   0x00000bfe      0x103 ./Core/BSP/Components/gde021a1/font12epd.o
 .debug_macro   0x00000d01       0x6a ./Core/BSP/Components/gde021a1/font12epd.o
 .debug_macro   0x00000d6b      0x1df ./Core/BSP/Components/gde021a1/font12epd.o
 .debug_macro   0x00000f4a       0x73 ./Core/BSP/Components/gde021a1/font8epd.o
 .debug_macro   0x00000fbd       0x7c ./Core/BSP/Components/gde021a1/gde021a1.o
 .debug_macro   0x00001039       0xf4 ./Core/BSP/Components/gde021a1/gde021a1.o
 .debug_macro   0x0000112d      0x1f1 ./Core/BSP/Components/gde021a1/stm32l0538_discovery.o
 .debug_macro   0x0000131e      0x125 ./Core/BSP/Components/gde021a1/stm32l0538_discovery.o
 .debug_macro   0x00001443       0x2e ./Core/BSP/Components/gde021a1/stm32l0538_discovery.o
 .debug_macro   0x00001471       0x28 ./Core/BSP/Components/gde021a1/stm32l0538_discovery.o
 .debug_macro   0x00001499       0x1c ./Core/BSP/Components/gde021a1/stm32l0538_discovery.o
 .debug_macro   0x000014b5       0x22 ./Core/BSP/Components/gde021a1/stm32l0538_discovery.o
 .debug_macro   0x000014d7       0xaf ./Core/BSP/Components/gde021a1/stm32l0538_discovery.o
 .debug_macro   0x00001586      0x4da ./Core/BSP/Components/gde021a1/stm32l0538_discovery.o
 .debug_macro   0x00001a60      0x11f ./Core/BSP/Components/gde021a1/stm32l0538_discovery.o
 .debug_macro   0x00001b7f     0x9d22 ./Core/BSP/Components/gde021a1/stm32l0538_discovery.o
 .debug_macro   0x0000b8a1       0x66 ./Core/BSP/Components/gde021a1/stm32l0538_discovery.o
 .debug_macro   0x0000b907     0x3590 ./Core/BSP/Components/gde021a1/stm32l0538_discovery.o
 .debug_macro   0x0000ee97      0x189 ./Core/BSP/Components/gde021a1/stm32l0538_discovery.o
 .debug_macro   0x0000f020       0x5c ./Core/BSP/Components/gde021a1/stm32l0538_discovery.o
 .debug_macro   0x0000f07c      0x8e4 ./Core/BSP/Components/gde021a1/stm32l0538_discovery.o
 .debug_macro   0x0000f960      0x9d2 ./Core/BSP/Components/gde021a1/stm32l0538_discovery.o
 .debug_macro   0x00010332      0x190 ./Core/BSP/Components/gde021a1/stm32l0538_discovery.o
 .debug_macro   0x000104c2      0x13f ./Core/BSP/Components/gde021a1/stm32l0538_discovery.o
 .debug_macro   0x00010601      0x17d ./Core/BSP/Components/gde021a1/stm32l0538_discovery.o
 .debug_macro   0x0001077e       0x82 ./Core/BSP/Components/gde021a1/stm32l0538_discovery.o
 .debug_macro   0x00010800      0x28e ./Core/BSP/Components/gde021a1/stm32l0538_discovery.o
 .debug_macro   0x00010a8e      0x1e9 ./Core/BSP/Components/gde021a1/stm32l0538_discovery.o
 .debug_macro   0x00010c77      0x128 ./Core/BSP/Components/gde021a1/stm32l0538_discovery.o
 .debug_macro   0x00010d9f      0x2ab ./Core/BSP/Components/gde021a1/stm32l0538_discovery.o
 .debug_macro   0x0001104a      0x22c ./Core/BSP/Components/gde021a1/stm32l0538_discovery.o
 .debug_macro   0x00011276       0x5b ./Core/BSP/Components/gde021a1/stm32l0538_discovery.o
 .debug_macro   0x000112d1       0xa5 ./Core/BSP/Components/gde021a1/stm32l0538_discovery.o
 .debug_macro   0x00011376      0x180 ./Core/BSP/Components/gde021a1/stm32l0538_discovery.o
 .debug_macro   0x000114f6       0x16 ./Core/BSP/Components/gde021a1/stm32l0538_discovery.o
 .debug_macro   0x0001150c      0x22c ./Core/BSP/Components/gde021a1/stm32l0538_discovery.o
 .debug_macro   0x00011738      0x5cf ./Core/BSP/Components/gde021a1/stm32l0538_discovery.o
 .debug_macro   0x00011d07       0x44 ./Core/BSP/Components/gde021a1/stm32l0538_discovery.o
 .debug_macro   0x00011d4b      0x16c ./Core/BSP/Components/gde021a1/stm32l0538_discovery.o
 .debug_macro   0x00011eb7      0x192 ./Core/BSP/Components/gde021a1/stm32l0538_discovery.o
 .debug_macro   0x00012049      0x1fe ./Core/BSP/Components/gde021a1/stm32l0538_discovery_epd.o
 .debug_macro   0x00012247       0x10 ./Core/BSP/Components/gde021a1/stm32l0538_discovery_epd.o
 .debug_macro   0x00012257       0x22 ./Core/BSP/Components/gde021a1/stm32l0538_discovery_epd.o
 .debug_macro   0x00012279      0x198 ./Core/BSP/Components/gde021a1/stm32l0538_discovery_epd.o
 .debug_macro   0x00012411      0x2fe ./Core/SSD1306/ssd1306.o
 .debug_macro   0x0001270f       0x61 ./Core/SSD1306/ssd1306.o
 .debug_macro   0x00012770       0x24 ./Core/SSD1306/ssd1306.o
 .debug_macro   0x00012794       0x43 ./Core/SSD1306/ssd1306.o
 .debug_macro   0x000127d7       0x34 ./Core/SSD1306/ssd1306.o
 .debug_macro   0x0001280b       0x46 ./Core/SSD1306/ssd1306.o
 .debug_macro   0x00012851     0x35e4 ./Core/SSD1306/ssd1306.o
 .debug_macro   0x00015e35       0x34 ./Core/SSD1306/ssd1306.o
 .debug_macro   0x00015e69       0x4c ./Core/SSD1306/ssd1306.o
 .debug_macro   0x00015eb5       0x16 ./Core/SSD1306/ssd1306.o
 .debug_macro   0x00015ecb       0x43 ./Core/SSD1306/ssd1306.o
 .debug_macro   0x00015f0e       0x34 ./Core/SSD1306/ssd1306.o
 .debug_macro   0x00015f42       0x10 ./Core/SSD1306/ssd1306.o
 .debug_macro   0x00015f52       0x58 ./Core/SSD1306/ssd1306.o
 .debug_macro   0x00015faa       0x8e ./Core/SSD1306/ssd1306.o
 .debug_macro   0x00016038       0x1c ./Core/SSD1306/ssd1306.o
 .debug_macro   0x00016054      0x177 ./Core/SSD1306/ssd1306.o
 .debug_macro   0x000161cb      0x369 ./Core/SSD1306/ssd1306.o
 .debug_macro   0x00016534      0x19b ./Core/SSD1306/ssd1306.o
 .debug_macro   0x000166cf       0x16 ./Core/SSD1306/ssd1306.o
 .debug_macro   0x000166e5       0x35 ./Core/SSD1306/ssd1306.o
 .debug_macro   0x0001671a       0x16 ./Core/SSD1306/ssd1306.o
 .debug_macro   0x00016730       0x29 ./Core/SSD1306/ssd1306.o
 .debug_macro   0x00016759       0x16 ./Core/SSD1306/ssd1306.o
 .debug_macro   0x0001676f       0x20 ./Core/SSD1306/ssd1306.o
 .debug_macro   0x0001678f      0x229 ./Core/SSD1306/ssd1306_fonts.o
 .debug_macro   0x000169b8      0x359 ./Core/Src/main.o
 .debug_macro   0x00016d11       0x4c ./Core/Src/main.o
 .debug_macro   0x00016d5d      0x1d3 ./Core/Src/stm32l0xx_hal_msp.o
 .debug_macro   0x00016f30      0x1dd ./Core/Src/stm32l0xx_it.o
 .debug_macro   0x0001710d      0x274 ./Core/Src/syscalls.o
 .debug_macro   0x00017381       0x10 ./Core/Src/syscalls.o
 .debug_macro   0x00017391       0x10 ./Core/Src/syscalls.o
 .debug_macro   0x000173a1       0x10 ./Core/Src/syscalls.o
 .debug_macro   0x000173b1       0x10 ./Core/Src/syscalls.o
 .debug_macro   0x000173c1       0x1c ./Core/Src/syscalls.o
 .debug_macro   0x000173dd       0x52 ./Core/Src/syscalls.o
 .debug_macro   0x0001742f       0x22 ./Core/Src/syscalls.o
 .debug_macro   0x00017451       0x10 ./Core/Src/syscalls.o
 .debug_macro   0x00017461       0x52 ./Core/Src/syscalls.o
 .debug_macro   0x000174b3       0xcf ./Core/Src/syscalls.o
 .debug_macro   0x00017582       0x1c ./Core/Src/syscalls.o
 .debug_macro   0x0001759e       0x3d ./Core/Src/syscalls.o
 .debug_macro   0x000175db       0x35 ./Core/Src/syscalls.o
 .debug_macro   0x00017610      0x12c ./Core/Src/syscalls.o
 .debug_macro   0x0001773c       0x10 ./Core/Src/syscalls.o
 .debug_macro   0x0001774c      0x242 ./Core/Src/syscalls.o
 .debug_macro   0x0001798e       0x10 ./Core/Src/syscalls.o
 .debug_macro   0x0001799e      0x18a ./Core/Src/syscalls.o
 .debug_macro   0x00017b28       0x16 ./Core/Src/syscalls.o
 .debug_macro   0x00017b3e       0xce ./Core/Src/syscalls.o
 .debug_macro   0x00017c0c       0xff ./Core/Src/sysmem.o
 .debug_macro   0x00017d0b      0x23c ./Core/Src/sysmem.o
 .debug_macro   0x00017f47      0x1c4 ./Core/Src/system_stm32l0xx.o
 .debug_macro   0x0001810b      0x1e8 ./Drivers/STM32L0xx_HAL_Driver/Src/stm32l0xx_hal.o
 .debug_macro   0x000182f3      0x1c4 ./Drivers/STM32L0xx_HAL_Driver/Src/stm32l0xx_hal_cortex.o
 .debug_macro   0x000184b7      0x1c4 ./Drivers/STM32L0xx_HAL_Driver/Src/stm32l0xx_hal_dma.o
 .debug_macro   0x0001867b      0x1cb ./Drivers/STM32L0xx_HAL_Driver/Src/stm32l0xx_hal_gpio.o
 .debug_macro   0x00018846      0x290 ./Drivers/STM32L0xx_HAL_Driver/Src/stm32l0xx_hal_i2c.o
 .debug_macro   0x00018ad6      0x1c4 ./Drivers/STM32L0xx_HAL_Driver/Src/stm32l0xx_hal_i2c_ex.o
 .debug_macro   0x00018c9a      0x1fa ./Drivers/STM32L0xx_HAL_Driver/Src/stm32l0xx_hal_rcc.o
 .debug_macro   0x00018e94      0x1c4 ./Drivers/STM32L0xx_HAL_Driver/Src/stm32l0xx_hal_rcc_ex.o
 .debug_macro   0x00019058      0x1d3 ./Drivers/STM32L0xx_HAL_Driver/Src/stm32l0xx_hal_spi.o
 .debug_macro   0x0001922b      0x1ef ./Drivers/STM32L0xx_HAL_Driver/Src/stm32l0xx_hal_uart.o
 .debug_macro   0x0001941a      0x1c4 ./Drivers/STM32L0xx_HAL_Driver/Src/stm32l0xx_hal_uart_ex.o

.debug_line     0x00000000    0x15746
 .debug_line    0x00000000      0x415 ./Core/BSP/Components/gde021a1/font12epd.o
 .debug_line    0x00000415      0x414 ./Core/BSP/Components/gde021a1/font8epd.o
 .debug_line    0x00000829      0x7ce ./Core/BSP/Components/gde021a1/gde021a1.o
 .debug_line    0x00000ff7      0x9e2 ./Core/BSP/Components/gde021a1/stm32l0538_discovery.o
 .debug_line    0x000019d9      0xb4e ./Core/BSP/Components/gde021a1/stm32l0538_discovery_epd.o
 .debug_line    0x00002527     0x11b9 ./Core/SSD1306/ssd1306.o
 .debug_line    0x000036e0      0x861 ./Core/SSD1306/ssd1306_fonts.o
 .debug_line    0x00003f41      0xc5f ./Core/Src/main.o
 .debug_line    0x00004ba0      0x841 ./Core/Src/stm32l0xx_hal_msp.o
 .debug_line    0x000053e1      0x7db ./Core/Src/stm32l0xx_it.o
 .debug_line    0x00005bbc      0x8a3 ./Core/Src/syscalls.o