Archive member included to satisfy reference by file (symbol)

D:/STM32CubeIDE_1.15.0/STM32CubeIDE/plugins/com.st.stm32cube.ide.mcu.externaltools.gnu-tools-for-stm32.12.3.rel1.win32_1.0.100.202403111256/tools/bin/../lib/gcc/arm-none-eabi/12.3.1/../../../../arm-none-eabi/lib/thumb/v6-m/nofp\libc_nano.a(libc_a-exit.o)
                              D:/STM32CubeIDE_1.15.0/STM32CubeIDE/plugins/com.st.stm32cube.ide.mcu.externaltools.gnu-tools-for-stm32.12.3.rel1.win32_1.0.100.202403111256/tools/bin/../lib/gcc/arm-none-eabi/12.3.1/../../../../arm-none-eabi/lib/thumb/v6-m/nofp/crt0.o (exit)
D:/STM32CubeIDE_1.15.0/STM32CubeIDE/plugins/com.st.stm32cube.ide.mcu.externaltools.gnu-tools-for-stm32.12.3.rel1.win32_1.0.100.202403111256/tools/bin/../lib/gcc/arm-none-eabi/12.3.1/../../../../arm-none-eabi/lib/thumb/v6-m/nofp\libc_nano.a(libc_a-findfp.o)
                              D:/STM32CubeIDE_1.15.0/STM32CubeIDE/plugins/com.st.stm32cube.ide.mcu.externaltools.gnu-tools-for-stm32.12.3.rel1.win32_1.0.100.202403111256/tools/bin/../lib/gcc/arm-none-eabi/12.3.1/../../../../arm-none-eabi/lib/thumb/v6-m/nofp\libc_nano.a(libc_a-exit.o) (__stdio_exit_handler)
D:/STM32CubeIDE_1.15.0/STM32CubeIDE/plugins/com.st.stm32cube.ide.mcu.externaltools.gnu-tools-for-stm32.12.3.rel1.win32_1.0.100.202403111256/tools/bin/../lib/gcc/arm-none-eabi/12.3.1/../../../../arm-none-eabi/lib/thumb/v6-m/nofp\libc_nano.a(libc_a-fwalk.o)
                              D:/STM32CubeIDE_1.15.0/STM32CubeIDE/plugins/com.st.stm32cube.ide.mcu.externaltools.gnu-tools-for-stm32.12.3.rel1.win32_1.0.100.202403111256/tools/bin/../lib/gcc/arm-none-eabi/12.3.1/../../../../arm-none-eabi/lib/thumb/v6-m/nofp\libc_nano.a(libc_a-findfp.o) (_fwalk_sglue)
D:/STM32CubeIDE_1.15.0/STM32CubeIDE/plugins/com.st.stm32cube.ide.mcu.externaltools.gnu-tools-for-stm32.12.3.rel1.win32_1.0.100.202403111256/tools/bin/../lib/gcc/arm-none-eabi/12.3.1/../../../../arm-none-eabi/lib/thumb/v6-m/nofp\libc_nano.a(libc_a-puts.o)
                              ./Core/Src/main.o (puts)
D:/STM32CubeIDE_1.15.0/STM32CubeIDE/plugins/com.st.stm32cube.ide.mcu.externaltools.gnu-tools-for-stm32.12.3.rel1.win32_1.0.100.202403111256/tools/bin/../lib/gcc/arm-none-eabi/12.3.1/../../../../arm-none-eabi/lib/thumb/v6-m/nofp\libc_nano.a(libc_a-snprintf.o)
                              ./Core/Src/main.o (snprintf)
D:/STM32CubeIDE_1.15.0/STM32CubeIDE/plugins/com.st.stm32cube.ide.mcu.externaltools.gnu-tools-for-stm32.12.3.rel1.win32_1.0.100.202403111256/tools/bin/../lib/gcc/arm-none-eabi/12.3.1/../../../../arm-none-eabi/lib/thumb/v6-m/nofp\libc_nano.a(libc_a-stdio.o)
                              D:/STM32CubeIDE_1.15.0/STM32CubeIDE/plugins/com.st.stm32cube.ide.mcu.externaltools.gnu-tools-for-stm32.12.3.rel1.win32_1.0.100.202403111256/tools/bin/../lib/gcc/arm-none-eabi/12.3.1/../../../../arm-none-eabi/lib/thumb/v6-m/nofp\libc_nano.a(libc_a-findfp.o) (__sread)
D:/STM32CubeIDE_1.15.0/STM32CubeIDE/plugins/com.st.stm32cube.ide.mcu.externaltools.gnu-tools-for-stm32.12.3.rel1.win32_1.0.100.202403111256/tools/bin/../lib/gcc/arm-none-eabi/12.3.1/../../../../arm-none-eabi/lib/thumb/v6-m/nofp\libc_nano.a(libc_a-wbuf.o)
                              D:/STM32CubeIDE_1.15.0/STM32CubeIDE/plugins/com.st.stm32cube.ide.mcu.externaltools.gnu-tools-for-stm32.12.3.rel1.win32_1.0.100.202403111256/tools/bin/../lib/gcc/arm-none-eabi/12.3.1/../../../../arm-none-eabi/lib/thumb/v6-m/nofp\libc_nano.a(libc_a-puts.o) (__swbuf_r)
D:/STM32CubeIDE_1.15.0/STM32CubeIDE/plugins/com.st.stm32cube.ide.mcu.externaltools.gnu-tools-for-stm32.12.3.rel1.win32_1.0.100.202403111256/tools/bin/../lib/gcc/arm-none-eabi/12.3.1/../../../../arm-none-eabi/lib/thumb/v6-m/nofp\libc_nano.a(libc_a-wsetup.o)
                              D:/STM32CubeIDE_1.15.0/STM32CubeIDE/plugins/com.st.stm32cube.ide.mcu.externaltools.gnu-tools-for-stm32.12.3.rel1.win32_1.0.100.202403111256/tools/bin/../lib/gcc/arm-none-eabi/12.3.1/../../../../arm-none-eabi/lib/thumb/v6-m/nofp\libc_nano.a(libc_a-puts.o) (__swsetup_r)
D:/STM32CubeIDE_1.15.0/STM32CubeIDE/plugins/com.st.stm32cube.ide.mcu.externaltools.gnu-tools-for-stm32.12.3.rel1.win32_1.0.100.202403111256/tools/bin/../lib/gcc/arm-none-eabi/12.3.1/../../../../arm-none-eabi/lib/thumb/v6-m/nofp\libc_nano.a(libc_a-memset.o)
                              D:/STM32CubeIDE_1.15.0/STM32CubeIDE/plugins/com.st.stm32cube.ide.mcu.externaltools.gnu-tools-for-stm32.12.3.rel1.win32_1.0.100.202403111256/tools/bin/../lib/gcc/arm-none-eabi/12.3.1/../../../../arm-none-eabi/lib/thumb/v6-m/nofp/crt0.o (memset)
D:/STM32CubeIDE_1.15.0/STM32CubeIDE/plugins/com.st.stm32cube.ide.mcu.externaltools.gnu-tools-for-stm32.12.3.rel1.win32_1.0.100.202403111256/tools/bin/../lib/gcc/arm-none-eabi/12.3.1/../../../../arm-none-eabi/lib/thumb/v6-m/nofp\libc_nano.a(libc_a-closer.o)
[...]
Memory Configuration

Name             Origin             Length             Attributes
RAM              0x20000000         0x00002000         xrw
FLASH            0x08000000         0x00010000         xr
*default*        0x00000000         0xffffffff

Linker script and memory map

LOAD D:/STM32CubeIDE_1.15.0/STM32CubeIDE/plugins/com.st.stm32cube.ide.mcu.externaltools.gnu-tools-for-stm32.12.3.rel1.win32_1.0.100.202403111256/tools/bin/../lib/gcc/arm-none-eabi/12.3.1/thumb/v6-m/nofp/crti.o
LOAD D:/STM32CubeIDE_1.15.0/STM32CubeIDE/plugins/com.st.stm32cube.ide.mcu.externaltools.gnu-tools-for-stm32.12.3.rel1.win32_1.0.100.202403111256/tools/bin/../lib/gcc/arm-none-eabi/12.3.1/thumb/v6-m/nofp/crtbegin.o
LOAD D:/STM32CubeIDE_1.15.0/STM32CubeIDE/plugins/com.st.stm32cube.ide.mcu.externaltools.gnu-tools-for-stm32.12.3.rel1.win32_1.0.100.202403111256/tools/bin/../lib/gcc/arm-none-eabi/12.3.1/../../../../arm-none-eabi/lib/thumb/v6-m/nofp/crt0.o
LOAD ./Core/BSP/Components/gde021a1/font12epd.o
LOAD ./Core/BSP/Components/gde021a1/font16epd.o
LOAD ./Core/BSP/Components/gde021a1/font20epd.o
LOAD ./Core/BSP/Components/gde021a1/font8epd.o
LOAD ./Core/BSP/Components/gde021a1/gde021a1.o
LOAD ./Core/BSP/Components/gde021a1/stm32l0538_discovery.o
LOAD ./Core/BSP/Components/gde021a1/stm32l0538_discovery_epd.o
LOAD ./Core/SSD1306/fonts.o
LOAD ./Core/SSD1306/ssd1306.o
LOAD ./Core/SSD1306/test.o
LOAD ./Core/Src/main.o
LOAD ./Core/Src/stm32l0xx_hal_msp.o
LOAD ./Core/Src/stm32l0xx_it.o
LOAD ./Core/Src/syscalls.o
LOAD ./Core/Src/sysmem.o
LOAD ./Core/Src/system_stm32l0xx.o
LOAD ./Core/Startup/startup_stm32l053c8tx.o
LOAD ./Drivers/STM32L0xx_HAL_Driver/Src/stm32l0xx_hal.o
LOAD ./Drivers/STM32L0xx_HAL_Driver/Src/stm32l0xx_hal_cortex.o
LOAD ./Drivers/STM32L0xx_HAL_Driver/Src/stm32l0xx_hal_dma.o
LOAD ./Drivers/STM32L0xx_HAL_Driver/Src/stm32l0xx_hal_exti.o
LOAD ./Drivers/STM32L0xx_HAL_Driver/Src/stm32l0xx_hal_flash.o
LOAD ./Drivers/STM32L0xx_HAL_Driver/Src/stm32l0xx_hal_flash_ex.o
LOAD ./Drivers/STM32L0xx_HAL_Driver/Src/stm32l0xx_hal_flash_ramfunc.o
LOAD ./Drivers/STM32L0xx_HAL_Driver/Src/stm32l0xx_hal_gpio.o
LOAD ./Drivers/STM32L0xx_HAL_Driver/Src/stm32l0xx_hal_i2c.o
LOAD ./Drivers/STM32L0xx_HAL_Driver/Src/stm32l0xx_hal_i2c_ex.o
LOAD ./Drivers/STM32L0xx_HAL_Driver/Src/stm32l0xx_hal_pwr.o
LOAD ./Drivers/STM32L0xx_HAL_Driver/Src/stm32l0xx_hal_pwr_ex.o
LOAD ./Drivers/STM32L0xx_HAL_Driver/Src/stm32l0xx_hal_rcc.o
LOAD ./Drivers/STM32L0xx_HAL_Driver/Src/stm32l0xx_hal_rcc_ex.o
LOAD ./Drivers/STM32L0xx_HAL_Driver/Src/stm32l0xx_hal_spi.o
LOAD ./Drivers/STM32L0xx_HAL_Driver/Src/stm32l0xx_hal_tim.o
LOAD ./Drivers/STM32L0xx_HAL_Driver/Src/stm32l0xx_hal_tim_ex.o
LOAD ./Drivers/STM32L0xx_HAL_Driver/Src/stm32l0xx_hal_uart.o
LOAD ./Drivers/STM32L0xx_HAL_Driver/Src/stm32l0xx_hal_uart_ex.o
START GROUP
LOAD D:/STM32CubeIDE_1.15.0/STM32CubeIDE/plugins/com.st.stm32cube.ide.mcu.externaltools.gnu-tools-for-stm32.12.3.rel1.win32_1.0.100.202403111256/tools/bin/../lib/gcc/arm-none-eabi/12.3.1/../../../../arm-none-eabi/lib/thumb/v6-m/nofp\libc_nano.a
LOAD D:/STM32CubeIDE_1.15.0/STM32CubeIDE/plugins/com.st.stm32cube.ide.mcu.externaltools.gnu-tools-for-stm32.12.3.rel1.win32_1.0.100.202403111256/tools/bin/../lib/gcc/arm-none-eabi/12.3.1/../../../../arm-none-eabi/lib/thumb/v6-m/nofp\libm.a
END GROUP
START GROUP
LOAD D:/STM32CubeIDE_1.15.0/STM32CubeIDE/plugins/com.st.stm32cube.ide.mcu.externaltools.gnu-tools-for-stm32.12.3.rel1.win32_1.0.100.202403111256/tools/bin/../lib/gcc/arm-none-eabi/12.3.1/thumb/v6-m/nofp\libgcc.a
LOAD D:/STM32CubeIDE_1.15.0/STM32CubeIDE/plugins/com.st.stm32cube.ide.mcu.externaltools.gnu-tools-for-stm32.12.3.rel1.win32_1.0.100.202403111256/tools/bin/../lib/gcc/arm-none-eabi/12.3.1/../../../../arm-none-eabi/lib/thumb/v6-m/nofp\libc_nano.a
END GROUP
START GROUP
LOAD D:/STM32CubeIDE_1.15.0/STM32CubeIDE/plugins/com.st.stm32cube.ide.mcu.externaltools.gnu-tools-for-stm32.12.3.rel1.win32_1.0.100.202403111256/tools/bin/../lib/gcc/arm-none-eabi/12.3.1/thumb/v6-m/nofp\libgcc.a
LOAD D:/STM32CubeIDE_1.15.0/STM32CubeIDE/plugins/com.st.stm32cube.ide.mcu.externaltools.gnu-tools-for-stm32.12.3.rel1.win32_1.0.100.202403111256/tools/bin/../lib/gcc/arm-none-eabi/12.3.1/../../../../arm-none-eabi/lib/thumb/v6-m/nofp\libc_nano.a
LOAD D:/STM32CubeIDE_1.15.0/STM32CubeIDE/plugins/com.st.stm32cube.ide.mcu.externaltools.gnu-tools-for-stm32.12.3.rel1.win32_1.0.100.202403111256/tools/bin/../lib/gcc/arm-none-eabi/12.3.1/../../../../arm-none-eabi/lib/thumb/v6-m/nofp\libnosys.a
END GROUP
START GROUP
LOAD D:/STM32CubeIDE_1.15.0/STM32CubeIDE/plugins/com.st.stm32cube.ide.mcu.externaltools.gnu-tools-for-stm32.12.3.rel1.win32_1.0.100.202403111256/tools/bin/../lib/gcc/arm-none-eabi/12.3.1/thumb/v6-m/nofp\libgcc.a
LOAD D:/STM32CubeIDE_1.15.0/STM32CubeIDE/plugins/com.st.stm32cube.ide.mcu.externaltools.gnu-tools-for-stm32.12.3.rel1.win32_1.0.100.202403111256/tools/bin/../lib/gcc/arm-none-eabi/12.3.1/../../../../arm-none-eabi/lib/thumb/v6-m/nofp\libc_nano.a
LOAD D:/STM32CubeIDE_1.15.0/STM32CubeIDE/plugins/com.st.stm32cube.ide.mcu.externaltools.gnu-tools-for-stm32.12.3.rel1.win32_1.0.100.202403111256/tools/bin/../lib/gcc/arm-none-eabi/12.3.1/../../../../arm-none-eabi/lib/thumb/v6-m/nofp\libnosys.a
END GROUP
LOAD D:/STM32CubeIDE_1.15.0/STM32CubeIDE/plugins/com.st.stm32cube.ide.mcu.externaltools.gnu-tools-for-stm32.12.3.rel1.win32_1.0.100.202403111256/tools/bin/../lib/gcc/arm-none-eabi/12.3.1/thumb/v6-m/nofp/crtend.o
LOAD D:/STM32CubeIDE_1.15.0/STM32CubeIDE/plugins/com.st.stm32cube.ide.mcu.externaltools.gnu-tools-for-stm32.12.3.rel1.win32_1.0.100.202403111256/tools/bin/../lib/gcc/arm-none-eabi/12.3.1/thumb/v6-m/nofp/crtn.o
                0x20002000                        _estack = (ORIGIN (RAM) + LENGTH (RAM))
                0x00000200                        _Min_Heap_Size = 0x200
                0x00000400                        _Min_Stack_Size = 0x400

.isr_vector     0x08000000       0xc0
                0x08000000                        . = ALIGN (0x4)
 *(.isr_vector)
 .isr_vector    0x08000000       0xc0 ./Core/Startup/startup_stm32l053c8tx.o
                0x08000000                g_pfnVectors
                0x080000c0                        . = ALIGN (0x4)

.text           0x080000c0     0x6f5c
                0x080000c0                        . = ALIGN (0x4)
 *(.text)
 .text          0x080000c0       0x48 D:/STM32CubeIDE_1.15.0/STM32CubeIDE/plugins/com.st.stm32cube.ide.mcu.externaltools.gnu-tools-for-stm32.12.3.rel1.win32_1.0.100.202403111256/tools/bin/../lib/gcc/arm-none-eabi/12.3.1/thumb/v6-m/nofp/crtbegin.o
 .text          0x08000108       0x14 D:/STM32CubeIDE_1.15.0/STM32CubeIDE/plugins/com.st.stm32cube.ide.mcu.externaltools.gnu-tools-for-stm32.12.3.rel1.win32_1.0.100.202403111256/tools/bin/../lib/gcc/arm-none-eabi/12.3.1/thumb/v6-m/nofp\libgcc.a(_thumb1_case_shi.o)
                0x08000108                __gnu_thumb1_case_shi
 .text          0x0800011c      0x114 D:/STM32CubeIDE_1.15.0/STM32CubeIDE/plugins/com.st.stm32cube.ide.mcu.externaltools.gnu-tools-for-stm32.12.3.rel1.win32_1.0.100.202403111256/tools/bin/../lib/gcc/arm-none-eabi/12.3.1/thumb/v6-m/nofp\libgcc.a(_udivsi3.o)
                0x0800011c                __aeabi_uidiv
                0x0800011c                __udivsi3
                0x08000228                __aeabi_uidivmod
 .text          0x08000230        0x4 D:/STM32CubeIDE_1.15.0/STM32CubeIDE/plugins/com.st.stm32cube.ide.mcu.externaltools.gnu-tools-for-stm32.12.3.rel1.win32_1.0.100.202403111256/tools/bin/../lib/gcc/arm-none-eabi/12.3.1/thumb/v6-m/nofp\libgcc.a(_dvmd_tls.o)
                0x08000230                __aeabi_idiv0
                0x08000230                __aeabi_ldiv0
 .text          0x08000234       0x40 D:/STM32CubeIDE_1.15.0/STM32CubeIDE/plugins/com.st.stm32cube.ide.mcu.externaltools.gnu-tools-for-stm32.12.3.rel1.win32_1.0.100.202403111256/tools/bin/../lib/gcc/arm-none-eabi/12.3.1/thumb/v6-m/nofp\libgcc.a(_aeabi_uldivmod.o)
                0x08000234                __aeabi_uldivmod
 .text          0x08000274       0x5c D:/STM32CubeIDE_1.15.0/STM32CubeIDE/plugins/com.st.stm32cube.ide.mcu.externaltools.gnu-tools-for-stm32.12.3.rel1.win32_1.0.100.202403111256/tools/bin/../lib/gcc/arm-none-eabi/12.3.1/thumb/v6-m/nofp\libgcc.a(_muldi3.o)
                0x08000274                __muldi3
                0x08000274                __aeabi_lmul
 .text          0x080002d0      0x198 D:/STM32CubeIDE_1.15.0/STM32CubeIDE/plugins/com.st.stm32cube.ide.mcu.externaltools.gnu-tools-for-stm32.12.3.rel1.win32_1.0.100.202403111256/tools/bin/../lib/gcc/arm-none-eabi/12.3.1/thumb/v6-m/nofp\libgcc.a(_udivmoddi4.o)
                0x080002d0                __udivmoddi4
 .text          0x08000468       0x18 D:/STM32CubeIDE_1.15.0/STM32CubeIDE/plugins/com.st.stm32cube.ide.mcu.externaltools.gnu-tools-for-stm32.12.3.rel1.win32_1.0.100.202403111256/tools/bin/../lib/gcc/arm-none-eabi/12.3.1/thumb/v6-m/nofp\libgcc.a(_clzdi2.o)
                0x08000468                __clzdi2
 .text          0x08000480       0x3c D:/STM32CubeIDE_1.15.0/STM32CubeIDE/plugins/com.st.stm32cube.ide.mcu.externaltools.gnu-tools-for-stm32.12.3.rel1.win32_1.0.100.202403111256/tools/bin/../lib/gcc/arm-none-eabi/12.3.1/thumb/v6-m/nofp\libgcc.a(_clzsi2.o)
                0x08000480                __clzsi2
 *(.text*)
 .text.gde021a1_Init
                0x080004bc       0xd0 ./Core/BSP/Components/gde021a1/gde021a1.o
                0x080004bc                gde021a1_Init
 .text.gde021a1_WritePixel
                0x0800058c       0x26 ./Core/BSP/Components/gde021a1/gde021a1.o
                0x0800058c                gde021a1_WritePixel
 .text.gde021a1_SetDisplayWindow
                0x080005b2       0x82 ./Core/BSP/Components/gde021a1/gde021a1.o
                0x080005b2                gde021a1_SetDisplayWindow
 .text.gde021a1_GetEpdPixelWidth
                0x08000634        0xc ./Core/BSP/Components/gde021a1/gde021a1.o
                0x08000634                gde021a1_GetEpdPixelWidth
 .text.gde021a1_GetEpdPixelHeight
                0x08000640        0xc ./Core/BSP/Components/gde021a1/gde021a1.o
                0x08000640                gde021a1_GetEpdPixelHeight
 .text.gde021a1_RefreshDisplay
                0x0800064c       0x1c ./Core/BSP/Components/gde021a1/gde021a1.o
                0x0800064c                gde021a1_RefreshDisplay
 .text.gde021a1_CloseChargePump
                0x08000668       0x1c ./Core/BSP/Components/gde021a1/gde021a1.o
                0x08000668                gde021a1_CloseChargePump
 .text.gde021a1_DrawImage
                0x08000684      0x388 ./Core/BSP/Components/gde021a1/gde021a1.o
                0x08000684                gde021a1_DrawImage
 .text.SPIx_Init
                0x08000a0c       0x7c ./Core/BSP/Components/gde021a1/stm32l0538_discovery.o
 .text.SPIx_Write
                0x08000a88       0x40 ./Core/BSP/Components/gde021a1/stm32l0538_discovery.o
 .text.SPIx_Error
                0x08000ac8       0x1c ./Core/BSP/Components/gde021a1/stm32l0538_discovery.o
 .text.SPIx_MspInit
                0x08000ae4       0x8c ./Core/BSP/Components/gde021a1/stm32l0538_discovery.o
 .text.EPD_IO_Init
                0x08000b70      0x164 ./Core/BSP/Components/gde021a1/stm32l0538_discovery.o
                0x08000b70                EPD_IO_Init
 .text.EPD_IO_WriteData
                0x08000cd4       0x54 ./Core/BSP/Components/gde021a1/stm32l0538_discovery.o
                0x08000cd4                EPD_IO_WriteData
 .text.EPD_IO_WriteReg
                0x08000d28       0x50 ./Core/BSP/Components/gde021a1/stm32l0538_discovery.o
                0x08000d28                EPD_IO_WriteReg
 .text.EPD_Delay
                0x08000d78       0x18 ./Core/BSP/Components/gde021a1/stm32l0538_discovery.o
                0x08000d78                EPD_Delay
 .text.BSP_EPD_Init
                0x08000d90       0x54 ./Core/BSP/Components/gde021a1/stm32l0538_discovery_epd.o
                0x08000d90                BSP_EPD_Init
 .text.BSP_EPD_SetFont
                0x08000de4       0x1c ./Core/BSP/Components/gde021a1/stm32l0538_discovery_epd.o
                0x08000de4                BSP_EPD_SetFont
 .text.BSP_EPD_Clear
                0x08000e00       0x58 ./Core/BSP/Components/gde021a1/stm32l0538_discovery_epd.o
                0x08000e00                BSP_EPD_Clear
 .text.SSD1306_Init
                0x08000e58      0x188 ./Core/SSD1306/ssd1306.o
                0x08000e58                SSD1306_Init
 .text.SSD1306_UpdateScreen
                0x08000fe0       0x68 ./Core/SSD1306/ssd1306.o
                0x08000fe0                SSD1306_UpdateScreen
 .text.SSD1306_Fill
                0x08001048       0x34 ./Core/SSD1306/ssd1306.o
                0x08001048                SSD1306_Fill
 .text.SSD1306_DrawPixel
                0x0800107c       0xdc ./Core/SSD1306/ssd1306.o
                0x0800107c                SSD1306_DrawPixel
 .text.SSD1306_GotoXY
                0x08001158       0x30 ./Core/SSD1306/ssd1306.o
                0x08001158                SSD1306_GotoXY
 .text.SSD1306_Putc
                0x08001188      0x104 ./Core/SSD1306/ssd1306.o
                0x08001188                SSD1306_Putc
 .text.SSD1306_Puts
                0x0800128c       0x4c ./Core/SSD1306/ssd1306.o
                0x0800128c                SSD1306_Puts
 .text.SSD1306_Clear
                0x080012d8       0x14 ./Core/SSD1306/ssd1306.o
                0x080012d8                SSD1306_Clear
 .text.ssd1306_I2C_Init
                0x080012ec       0x28 ./Core/SSD1306/ssd1306.o
                0x080012ec                ssd1306_I2C_Init
 .text.ssd1306_I2C_WriteMulti
                0x08001314       0xd8 ./Core/SSD1306/ssd1306.o
                0x08001314                ssd1306_I2C_WriteMulti
 .text.ssd1306_I2C_Write
                0x080013ec       0x50 ./Core/SSD1306/ssd1306.o
                0x080013ec                ssd1306_I2C_Write
 .text.sendHexData
                0x0800143c       0xb0 ./Core/Src/main.o
                0x0800143c                sendHexData
 .text.refreash_display
                0x080014ec       0x38 ./Core/Src/main.o
                0x080014ec                refreash_display
 .text._write   0x08001524       0x2c ./Core/Src/main.o
                0x08001524                _write
 .text.main     0x08001550      0x248 ./Core/Src/main.o
                0x08001550                main
 .text.SystemClock_Config
                0x08001798       0xec ./Core/Src/main.o
                0x08001798                SystemClock_Config
 .text.MX_I2C1_Init
                0x08001884       0x80 ./Core/Src/main.o
 .text.MX_SPI1_Init
                0x08001904       0x70 ./Core/Src/main.o
 .text.MX_USART1_UART_Init
                0x08001974       0x60 ./Core/Src/main.o
 .text.MX_GPIO_Init
                0x080019d4       0xe8 ./Core/Src/main.o
 .text.HAL_UART_RxCpltCallback
                0x08001abc       0x50 ./Core/Src/main.o
                0x08001abc                HAL_UART_RxCpltCallback
 .text.Error_Handler
                0x08001b0c        0xc ./Core/Src/main.o
                0x08001b0c                Error_Handler
 .text.HAL_MspInit
                0x08001b18       0x28 ./Core/Src/stm32l0xx_hal_msp.o
                0x08001b18                HAL_MspInit
 .text.HAL_I2C_MspInit
                0x08001b40       0x88 ./Core/Src/stm32l0xx_hal_msp.o
                0x08001b40                HAL_I2C_MspInit
 .text.HAL_SPI_MspInit
                0x08001bc8       0x88 ./Core/Src/stm32l0xx_hal_msp.o
                0x08001bc8                HAL_SPI_MspInit
 .text.HAL_SPI_MspDeInit
                0x08001c50       0x40 ./Core/Src/stm32l0xx_hal_msp.o
                0x08001c50                HAL_SPI_MspDeInit
 .text.HAL_UART_MspInit
                0x08001c90       0x98 ./Core/Src/stm32l0xx_hal_msp.o
                0x08001c90                HAL_UART_MspInit
 .text.NMI_Handler
                0x08001d28        0x8 ./Core/Src/stm32l0xx_it.o
                0x08001d28                NMI_Handler
 .text.HardFault_Handler
                0x08001d30        0x8 ./Core/Src/stm32l0xx_it.o
                0x08001d30                HardFault_Handler
 .text.SVC_Handler
                0x08001d38        0xa ./Core/Src/stm32l0xx_it.o
                0x08001d38                SVC_Handler
 .text.PendSV_Handler
                0x08001d42        0xa ./Core/Src/stm32l0xx_it.o
                0x08001d42                PendSV_Handler
 .text.SysTick_Handler
                0x08001d4c        0xe ./Core/Src/stm32l0xx_it.o
                0x08001d4c                SysTick_Handler
 *fill*         0x08001d5a        0x2 
 .text.USART1_IRQHandler
                0x08001d5c       0x18 ./Core/Src/stm32l0xx_it.o
                0x08001d5c                USART1_IRQHandler
 .text._read    0x08001d74       0x3a ./Core/Src/syscalls.o
                0x08001d74                _read
 .text._close   0x08001dae       0x14 ./Core/Src/syscalls.o
                0x08001dae                _close
 .text._fstat   0x08001dc2       0x1c ./Core/Src/syscalls.o
                0x08001dc2                _fstat
 .text._isatty  0x08001dde       0x12 ./Core/Src/syscalls.o
                0x08001dde                _isatty
 .text._lseek   0x08001df0       0x16 ./Core/Src/syscalls.o
                0x08001df0                _lseek
 *fill*         0x08001e06        0x2 
 .text._sbrk    0x08001e08       0x6c ./Core/Src/sysmem.o
                0x08001e08                _sbrk
 .text.SystemInit
                0x08001e74        0xa ./Core/Src/system_stm32l0xx.o
                0x08001e74                SystemInit
 *fill*         0x08001e7e        0x2 
 .text.Reset_Handler
                0x08001e80       0x50 ./Core/Startup/startup_stm32l053c8tx.o
                0x08001e80                Reset_Handler
 .text.Default_Handler
                0x08001ed0        0x2 ./Core/Startup/startup_stm32l053c8tx.o
                0x08001ed0                TSC_IRQHandler
                0x08001ed0                ADC1_COMP_IRQHandler
                0x08001ed0                PVD_IRQHandler
                0x08001ed0                I2C1_IRQHandler
                0x08001ed0                RCC_CRS_IRQHandler
                0x08001ed0                SPI1_IRQHandler
                0x08001ed0                TIM6_DAC_IRQHandler
                0x08001ed0                EXTI2_3_IRQHandler
                0x08001ed0                I2C2_IRQHandler
                0x08001ed0                RTC_IRQHandler
                0x08001ed0                LCD_IRQHandler
                0x08001ed0                DMA1_Channel4_5_6_7_IRQHandler
                0x08001ed0                EXTI4_15_IRQHandler
                0x08001ed0                DMA1_Channel1_IRQHandler
                0x08001ed0                Default_Handler
                0x08001ed0                TIM22_IRQHandler
                0x08001ed0                EXTI0_1_IRQHandler
                0x08001ed0                USB_IRQHandler
                0x08001ed0                SPI2_IRQHandler
                0x08001ed0                TIM21_IRQHandler
                0x08001ed0                WWDG_IRQHandler
                0x08001ed0                TIM2_IRQHandler
                0x08001ed0                DMA1_Channel2_3_IRQHandler
                0x08001ed0                USART2_IRQHandler
                0x08001ed0                FLASH_IRQHandler
                0x08001ed0                RNG_LPUART1_IRQHandler
                0x08001ed0                LPTIM1_IRQHandler
 *fill*         0x08001ed2        0x2 
 .text.HAL_Init
                0x08001ed4       0x40 ./Drivers/STM32L0xx_HAL_Driver/Src/stm32l0xx_hal.o
                0x08001ed4                HAL_Init
 .text.HAL_InitTick
                0x08001f14       0x68 ./Drivers/STM32L0xx_HAL_Driver/Src/stm32l0xx_hal.o
                0x08001f14                HAL_InitTick
 .text.HAL_IncTick
                0x08001f7c       0x24 ./Drivers/STM32L0xx_HAL_Driver/Src/stm32l0xx_hal.o
                0x08001f7c                HAL_IncTick
 .text.HAL_GetTick
                0x08001fa0       0x14 ./Drivers/STM32L0xx_HAL_Driver/Src/stm32l0xx_hal.o
                0x08001fa0                HAL_GetTick
 .text.HAL_Delay
                0x08001fb4       0x48 ./Drivers/STM32L0xx_HAL_Driver/Src/stm32l0xx_hal.o
                0x08001fb4                HAL_Delay
 .text.__NVIC_EnableIRQ
                0x08001ffc       0x34 ./Drivers/STM32L0xx_HAL_Driver/Src/stm32l0xx_hal_cortex.o
 .text.__NVIC_SetPriority
                0x08002030       0xdc ./Drivers/STM32L0xx_HAL_Driver/Src/stm32l0xx_hal_cortex.o
 .text.SysTick_Config
                0x0800210c       0x48 ./Drivers/STM32L0xx_HAL_Driver/Src/stm32l0xx_hal_cortex.o
 .text.HAL_NVIC_SetPriority
                0x08002154       0x2a ./Drivers/STM32L0xx_HAL_Driver/Src/stm32l0xx_hal_cortex.o
                0x08002154                HAL_NVIC_SetPriority
 .text.HAL_NVIC_EnableIRQ
                0x0800217e       0x20 ./Drivers/STM32L0xx_HAL_Driver/Src/stm32l0xx_hal_cortex.o
                0x0800217e                HAL_NVIC_EnableIRQ
 .text.HAL_SYSTICK_Config
                0x0800219e       0x1a ./Drivers/STM32L0xx_HAL_Driver/Src/stm32l0xx_hal_cortex.o
                0x0800219e                HAL_SYSTICK_Config
 .text.HAL_DMA_Abort
                0x080021b8       0x80 ./Drivers/STM32L0xx_HAL_Driver/Src/stm32l0xx_hal_dma.o
                0x080021b8                HAL_DMA_Abort
 .text.HAL_DMA_Abort_IT
                0x08002238       0x8e ./Drivers/STM32L0xx_HAL_Driver/Src/stm32l0xx_hal_dma.o
                0x08002238                HAL_DMA_Abort_IT
 *fill*         0x080022c6        0x2 
 .text.HAL_GPIO_Init
                0x080022c8      0x2ec ./Drivers/STM32L0xx_HAL_Driver/Src/stm32l0xx_hal_gpio.o
                0x080022c8                HAL_GPIO_Init
 .text.HAL_GPIO_DeInit
                0x080025b4      0x1b4 ./Drivers/STM32L0xx_HAL_Driver/Src/stm32l0xx_hal_gpio.o
                0x080025b4                HAL_GPIO_DeInit
 .text.HAL_GPIO_ReadPin
                0x08002768       0x3a ./Drivers/STM32L0xx_HAL_Driver/Src/stm32l0xx_hal_gpio.o
                0x08002768                HAL_GPIO_ReadPin
 .text.HAL_GPIO_WritePin
                0x080027a2       0x3a ./Drivers/STM32L0xx_HAL_Driver/Src/stm32l0xx_hal_gpio.o
                0x080027a2                HAL_GPIO_WritePin
 .text.HAL_I2C_Init
                0x080027dc      0x12c ./Drivers/STM32L0xx_HAL_Driver/Src/stm32l0xx_hal_i2c.o
                0x080027dc                HAL_I2C_Init
 .text.HAL_I2C_Master_Transmit
                0x08002908      0x210 ./Drivers/STM32L0xx_HAL_Driver/Src/stm32l0xx_hal_i2c.o
                0x08002908                HAL_I2C_Master_Transmit
 .text.HAL_I2C_IsDeviceReady
                0x08002b18      0x234 ./Drivers/STM32L0xx_HAL_Driver/Src/stm32l0xx_hal_i2c.o
                0x08002b18                HAL_I2C_IsDeviceReady
 .text.I2C_Flush_TXDR
                0x08002d4c       0x44 ./Drivers/STM32L0xx_HAL_Driver/Src/stm32l0xx_hal_i2c.o
 .text.I2C_WaitOnFlagUntilTimeout
                0x08002d90       0x9c ./Drivers/STM32L0xx_HAL_Driver/Src/stm32l0xx_hal_i2c.o
 .text.I2C_WaitOnTXISFlagUntilTimeout
                0x08002e2c       0x8c ./Drivers/STM32L0xx_HAL_Driver/Src/stm32l0xx_hal_i2c.o
 .text.I2C_WaitOnSTOPFlagUntilTimeout
                0x08002eb8       0x86 ./Drivers/STM32L0xx_HAL_Driver/Src/stm32l0xx_hal_i2c.o
 *fill*         0x08002f3e        0x2 
 .text.I2C_IsErrorOccurred
                0x08002f40      0x1f0 ./Drivers/STM32L0xx_HAL_Driver/Src/stm32l0xx_hal_i2c.o
 .text.I2C_TransferConfig
                0x08003130       0x74 ./Drivers/STM32L0xx_HAL_Driver/Src/stm32l0xx_hal_i2c.o
 .text.HAL_I2CEx_ConfigAnalogFilter
                0x080031a4       0x98 ./Drivers/STM32L0xx_HAL_Driver/Src/stm32l0xx_hal_i2c_ex.o
                0x080031a4                HAL_I2CEx_ConfigAnalogFilter
 .text.HAL_I2CEx_ConfigDigitalFilter
                0x0800323c       0x98 ./Drivers/STM32L0xx_HAL_Driver/Src/stm32l0xx_hal_i2c_ex.o
                0x0800323c                HAL_I2CEx_ConfigDigitalFilter
 .text.HAL_RCC_OscConfig
                0x080032d4      0x788 ./Drivers/STM32L0xx_HAL_Driver/Src/stm32l0xx_hal_rcc.o
                0x080032d4                HAL_RCC_OscConfig
 .text.HAL_RCC_ClockConfig
                0x08003a5c      0x290 ./Drivers/STM32L0xx_HAL_Driver/Src/stm32l0xx_hal_rcc.o
                0x08003a5c                HAL_RCC_ClockConfig
 .text.HAL_RCC_GetSysClockFreq
                0x08003cec      0x14c ./Drivers/STM32L0xx_HAL_Driver/Src/stm32l0xx_hal_rcc.o
                0x08003cec                HAL_RCC_GetSysClockFreq
 .text.HAL_RCC_GetHCLKFreq
                0x08003e38       0x14 ./Drivers/STM32L0xx_HAL_Driver/Src/stm32l0xx_hal_rcc.o
                0x08003e38                HAL_RCC_GetHCLKFreq
 .text.HAL_RCC_GetPCLK1Freq
                0x08003e4c       0x2c ./Drivers/STM32L0xx_HAL_Driver/Src/stm32l0xx_hal_rcc.o
                0x08003e4c                HAL_RCC_GetPCLK1Freq
 .text.HAL_RCC_GetPCLK2Freq
                0x08003e78       0x2c ./Drivers/STM32L0xx_HAL_Driver/Src/stm32l0xx_hal_rcc.o
                0x08003e78                HAL_RCC_GetPCLK2Freq
 .text.HAL_RCCEx_PeriphCLKConfig
                0x08003ea4      0x31c ./Drivers/STM32L0xx_HAL_Driver/Src/stm32l0xx_hal_rcc_ex.o
                0x08003ea4                HAL_RCCEx_PeriphCLKConfig
 .text.HAL_SPI_Init
                0x080041c0      0x128 ./Drivers/STM32L0xx_HAL_Driver/Src/stm32l0xx_hal_spi.o
                0x080041c0                HAL_SPI_Init
 .text.HAL_SPI_DeInit
                0x080042e8       0x52 ./Drivers/STM32L0xx_HAL_Driver/Src/stm32l0xx_hal_spi.o
                0x080042e8                HAL_SPI_DeInit
 .text.HAL_SPI_Transmit
                0x0800433a      0x2ba ./Drivers/STM32L0xx_HAL_Driver/Src/stm32l0xx_hal_spi.o
                0x0800433a                HAL_SPI_Transmit
 .text.HAL_SPI_GetState
                0x080045f4       0x18 ./Drivers/STM32L0xx_HAL_Driver/Src/stm32l0xx_hal_spi.o
                0x080045f4                HAL_SPI_GetState
 .text.SPI_WaitFlagStateUntilTimeout
                0x0800460c      0x11c ./Drivers/STM32L0xx_HAL_Driver/Src/stm32l0xx_hal_spi.o
 .text.SPI_EndRxTxTransaction
                0x08004728       0x8c ./Drivers/STM32L0xx_HAL_Driver/Src/stm32l0xx_hal_spi.o
 .text.HAL_UART_Init
                0x080047b4       0xa8 ./Drivers/STM32L0xx_HAL_Driver/Src/stm32l0xx_hal_uart.o
                0x080047b4                HAL_UART_Init
 .text.HAL_UART_Transmit
                0x0800485c      0x13e ./Drivers/STM32L0xx_HAL_Driver/Src/stm32l0xx_hal_uart.o
                0x0800485c                HAL_UART_Transmit
 *fill*         0x0800499a        0x2 
 .text.HAL_UART_Receive_IT
                0x0800499c       0xbc ./Drivers/STM32L0xx_HAL_Driver/Src/stm32l0xx_hal_uart.o
                0x0800499c                HAL_UART_Receive_IT
 .text.HAL_UART_IRQHandler
                0x08004a58      0x5c4 ./Drivers/STM32L0xx_HAL_Driver/Src/stm32l0xx_hal_uart.o
                0x08004a58                HAL_UART_IRQHandler
 .text.HAL_UART_TxCpltCallback
                0x0800501c       0x10 ./Drivers/STM32L0xx_HAL_Driver/Src/stm32l0xx_hal_uart.o
                0x0800501c                HAL_UART_TxCpltCallback
 .text.HAL_UART_ErrorCallback
                0x0800502c       0x10 ./Drivers/STM32L0xx_HAL_Driver/Src/stm32l0xx_hal_uart.o
                0x0800502c                HAL_UART_ErrorCallback
 .text.HAL_UARTEx_RxEventCallback
                0x0800503c       0x16 ./Drivers/STM32L0xx_HAL_Driver/Src/stm32l0xx_hal_uart.o
                0x0800503c                HAL_UARTEx_RxEventCallback
 *fill*         0x08005052        0x2 
 .text.UART_SetConfig
                0x08005054      0x508 ./Drivers/STM32L0xx_HAL_Driver/Src/stm32l0xx_hal_uart.o
                0x08005054                UART_SetConfig
 .text.UART_AdvFeatureConfig
                0x0800555c      0x168 ./Drivers/STM32L0xx_HAL_Driver/Src/stm32l0xx_hal_uart.o
                0x0800555c                UART_AdvFeatureConfig
 .text.UART_CheckIdleState
                0x080056c4      0x150 ./Drivers/STM32L0xx_HAL_Driver/Src/stm32l0xx_hal_uart.o
                0x080056c4                UART_CheckIdleState
 .text.UART_WaitOnFlagUntilTimeout
                0x08005814       0xd2 ./Drivers/STM32L0xx_HAL_Driver/Src/stm32l0xx_hal_uart.o
                0x08005814                UART_WaitOnFlagUntilTimeout
 *fill*         0x080058e6        0x2 
 .text.UART_Start_Receive_IT
                0x080058e8      0x194 ./Drivers/STM32L0xx_HAL_Driver/Src/stm32l0xx_hal_uart.o
                0x080058e8                UART_Start_Receive_IT
 .text.UART_EndRxTransfer
                0x08005a7c       0xc8 ./Drivers/STM32L0xx_HAL_Driver/Src/stm32l0xx_hal_uart.o
 .text.UART_DMAAbortOnError
                0x08005b44       0x2e ./Drivers/STM32L0xx_HAL_Driver/Src/stm32l0xx_hal_uart.o
 .text.UART_EndTransmit_IT
                0x08005b72       0x56 ./Drivers/STM32L0xx_HAL_Driver/Src/stm32l0xx_hal_uart.o
 .text.UART_RxISR_8BIT
                0x08005bc8      0x1c4 ./Drivers/STM32L0xx_HAL_Driver/Src/stm32l0xx_hal_uart.o
 .text.UART_RxISR_16BIT
                0x08005d8c      0x1c4 ./Drivers/STM32L0xx_HAL_Driver/Src/stm32l0xx_hal_uart.o
 .text.HAL_UARTEx_WakeupCallback
                0x08005f50       0x10 ./Drivers/STM32L0xx_HAL_Driver/Src/stm32l0xx_hal_uart_ex.o
                0x08005f50                HAL_UARTEx_WakeupCallback
 .text.std      0x08005f60       0x6c D:/STM32CubeIDE_1.15.0/STM32CubeIDE/plugins/com.st.stm32cube.ide.mcu.externaltools.gnu-tools-for-stm32.12.3.rel1.win32_1.0.100.202403111256/tools/bin/../lib/gcc/arm-none-eabi/12.3.1/../../../../arm-none-eabi/lib/thumb/v6-m/nofp\libc_nano.a(libc_a-findfp.o)
 .text.stdio_exit_handler
                0x08005fcc       0x1c D:/STM32CubeIDE_1.15.0/STM32CubeIDE/plugins/com.st.stm32cube.ide.mcu.externaltools.gnu-tools-for-stm32.12.3.rel1.win32_1.0.100.202403111256/tools/bin/../lib/gcc/arm-none-eabi/12.3.1/../../../../arm-none-eabi/lib/thumb/v6-m/nofp\libc_nano.a(libc_a-findfp.o)
 .text.cleanup_stdio
                0x08005fe8       0x3c D:/STM32CubeIDE_1.15.0/STM32CubeIDE/plugins/com.st.stm32cube.ide.mcu.externaltools.gnu-tools-for-stm32.12.3.rel1.win32_1.0.100.202403111256/tools/bin/../lib/gcc/arm-none-eabi/12.3.1/../../../../arm-none-eabi/lib/thumb/v6-m/nofp\libc_nano.a(libc_a-findfp.o)
 .text.global_stdio_init.part.0
                0x08006024       0x3c D:/STM32CubeIDE_1.15.0/STM32CubeIDE/plugins/com.st.stm32cube.ide.mcu.externaltools.gnu-tools-for-stm32.12.3.rel1.win32_1.0.100.202403111256/tools/bin/../lib/gcc/arm-none-eabi/12.3.1/../../../../arm-none-eabi/lib/thumb/v6-m/nofp\libc_nano.a(libc_a-findfp.o)
 .text.__sfp_lock_acquire
                0x08006060       0x10 D:/STM32CubeIDE_1.15.0/STM32CubeIDE/plugins/com.st.stm32cube.ide.mcu.externaltools.gnu-tools-for-stm32.12.3.rel1.win32_1.0.100.202403111256/tools/bin/../lib/gcc/arm-none-eabi/12.3.1/../../../../arm-none-eabi/lib/thumb/v6-m/nofp\libc_nano.a(libc_a-findfp.o)
                0x08006060                __sfp_lock_acquire
 .text.__sfp_lock_release
                0x08006070       0x10 D:/STM32CubeIDE_1.15.0/STM32CubeIDE/plugins/com.st.stm32cube.ide.mcu.externaltools.gnu-tools-for-stm32.12.3.rel1.win32_1.0.100.202403111256/tools/bin/../lib/gcc/arm-none-eabi/12.3.1/../../../../arm-none-eabi/lib/thumb/v6-m/nofp\libc_nano.a(libc_a-findfp.o)
                0x08006070                __sfp_lock_release
 .text.__sinit  0x08006080       0x30 D:/STM32CubeIDE_1.15.0/STM32CubeIDE/plugins/com.st.stm32cube.ide.mcu.externaltools.gnu-tools-for-stm32.12.3.rel1.win32_1.0.100.202403111256/tools/bin/../lib/gcc/arm-none-eabi/12.3.1/../../../../arm-none-eabi/lib/thumb/v6-m/nofp\libc_nano.a(libc_a-findfp.o)
                0x08006080                __sinit
 .text._fwalk_sglue
                0x080060b0       0x38 D:/STM32CubeIDE_1.15.0/STM32CubeIDE/plugins/com.st.stm32cube.ide.mcu.externaltools.gnu-tools-for-stm32.12.3.rel1.win32_1.0.100.202403111256/tools/bin/../lib/gcc/arm-none-eabi/12.3.1/../../../../arm-none-eabi/lib/thumb/v6-m/nofp\libc_nano.a(libc_a-fwalk.o)
                0x080060b0                _fwalk_sglue
 .text._puts_r  0x080060e8       0xac D:/STM32CubeIDE_1.15.0/STM32CubeIDE/plugins/com.st.stm32cube.ide.mcu.externaltools.gnu-tools-for-stm32.12.3.rel1.win32_1.0.100.202403111256/tools/bin/../lib/gcc/arm-none-eabi/12.3.1/../../../../arm-none-eabi/lib/thumb/v6-m/nofp\libc_nano.a(libc_a-puts.o)
                0x080060e8                _puts_r
 .text.puts     0x08006194       0x14 D:/STM32CubeIDE_1.15.0/STM32CubeIDE/plugins/com.st.stm32cube.ide.mcu.externaltools.gnu-tools-for-stm32.12.3.rel1.win32_1.0.100.202403111256/tools/bin/../lib/gcc/arm-none-eabi/12.3.1/../../../../arm-none-eabi/lib/thumb/v6-m/nofp\libc_nano.a(libc_a-puts.o)
                0x08006194                puts
 .text.snprintf
                0x080061a8       0x68 D:/STM32CubeIDE_1.15.0/STM32CubeIDE/plugins/com.st.stm32cube.ide.mcu.externaltools.gnu-tools-for-stm32.12.3.rel1.win32_1.0.100.202403111256/tools/bin/../lib/gcc/arm-none-eabi/12.3.1/../../../../arm-none-eabi/lib/thumb/v6-m/nofp\libc_nano.a(libc_a-snprintf.o)
                0x080061a8                sniprintf
                0x080061a8                snprintf
 .text.__sread  0x08006210       0x28 D:/STM32CubeIDE_1.15.0/STM32CubeIDE/plugins/com.st.stm32cube.ide.mcu.externaltools.gnu-tools-for-stm32.12.3.rel1.win32_1.0.100.202403111256/tools/bin/../lib/gcc/arm-none-eabi/12.3.1/../../../../arm-none-eabi/lib/thumb/v6-m/nofp\libc_nano.a(libc_a-stdio.o)
                0x08006210                __sread
 .text.__swrite
                0x08006238       0x38 D:/STM32CubeIDE_1.15.0/STM32CubeIDE/plugins/com.st.stm32cube.ide.mcu.externaltools.gnu-tools-for-stm32.12.3.rel1.win32_1.0.100.202403111256/tools/bin/../lib/gcc/arm-none-eabi/12.3.1/../../../../arm-none-eabi/lib/thumb/v6-m/nofp\libc_nano.a(libc_a-stdio.o)
                0x08006238                __swrite
 .text.__sseek  0x08006270       0x2c D:/STM32CubeIDE_1.15.0/STM32CubeIDE/plugins/com.st.stm32cube.ide.mcu.externaltools.gnu-tools-for-stm32.12.3.rel1.win32_1.0.100.202403111256/tools/bin/../lib/gcc/arm-none-eabi/12.3.1/../../../../arm-none-eabi/lib/thumb/v6-m/nofp\libc_nano.a(libc_a-stdio.o)
                0x08006270                __sseek
 .text.__sclose
                0x0800629c        0xc D:/STM32CubeIDE_1.15.0/STM32CubeIDE/plugins/com.st.stm32cube.ide.mcu.externaltools.gnu-tools-for-stm32.12.3.rel1.win32_1.0.100.202403111256/tools/bin/../lib/gcc/arm-none-eabi/12.3.1/../../../../arm-none-eabi/lib/thumb/v6-m/nofp\libc_nano.a(libc_a-stdio.o)
                0x0800629c                __sclose
 .text.__swbuf_r
                0x080062a8       0x84 D:/STM32CubeIDE_1.15.0/STM32CubeIDE/plugins/com.st.stm32cube.ide.mcu.externaltools.gnu-tools-for-stm32.12.3.rel1.win32_1.0.100.202403111256/tools/bin/../lib/gcc/arm-none-eabi/12.3.1/../../../../arm-none-eabi/lib/thumb/v6-m/nofp\libc_nano.a(libc_a-wbuf.o)
                0x080062a8                __swbuf_r
 .text.__swsetup_r
                0x0800632c       0xbc D:/STM32CubeIDE_1.15.0/STM32CubeIDE/plugins/com.st.stm32cube.ide.mcu.externaltools.gnu-tools-for-stm32.12.3.rel1.win32_1.0.100.202403111256/tools/bin/../lib/gcc/arm-none-eabi/12.3.1/../../../../arm-none-eabi/lib/thumb/v6-m/nofp\libc_nano.a(libc_a-wsetup.o)
                0x0800632c                __swsetup_r
 .text.memset   0x080063e8       0x10 D:/STM32CubeIDE_1.15.0/STM32CubeIDE/plugins/com.st.stm32cube.ide.mcu.externaltools.gnu-tools-for-stm32.12.3.rel1.win32_1.0.100.202403111256/tools/bin/../lib/gcc/arm-none-eabi/12.3.1/../../../../arm-none-eabi/lib/thumb/v6-m/nofp\libc_nano.a(libc_a-memset.o)
                0x080063e8                memset
 .text._close_r
                0x080063f8       0x24 D:/STM32CubeIDE_1.15.0/STM32CubeIDE/plugins/com.st.stm32cube.ide.mcu.externaltools.gnu-tools-for-stm32.12.3.rel1.win32_1.0.100.202403111256/tools/bin/../lib/gcc/arm-none-eabi/12.3.1/../../../../arm-none-eabi/lib/thumb/v6-m/nofp\libc_nano.a(libc_a-closer.o)
                0x080063f8                _close_r
 .text._lseek_r
                0x0800641c       0x28 D:/STM32CubeIDE_1.15.0/STM32CubeIDE/plugins/com.st.stm32cube.ide.mcu.externaltools.gnu-tools-for-stm32.12.3.rel1.win32_1.0.100.202403111256/tools/bin/../lib/gcc/arm-none-eabi/12.3.1/../../../../arm-none-eabi/lib/thumb/v6-m/nofp\libc_nano.a(libc_a-lseekr.o)
                0x0800641c                _lseek_r
 .text._read_r  0x08006444       0x28 D:/STM32CubeIDE_1.15.0/STM32CubeIDE/plugins/com.st.stm32cube.ide.mcu.externaltools.gnu-tools-for-stm32.12.3.rel1.win32_1.0.100.202403111256/tools/bin/../lib/gcc/arm-none-eabi/12.3.1/../../../../arm-none-eabi/lib/thumb/v6-m/nofp\libc_nano.a(libc_a-readr.o)
                0x08006444                _read_r
 .text._write_r
                0x0800646c       0x28 D:/STM32CubeIDE_1.15.0/STM32CubeIDE/plugins/com.st.stm32cube.ide.mcu.externaltools.gnu-tools-for-stm32.12.3.rel1.win32_1.0.100.202403111256/tools/bin/../lib/gcc/arm-none-eabi/12.3.1/../../../../arm-none-eabi/lib/thumb/v6-m/nofp\libc_nano.a(libc_a-writer.o)
                0x0800646c                _write_r
 .text.__errno  0x08006494        0xc D:/STM32CubeIDE_1.15.0/STM32CubeIDE/plugins/com.st.stm32cube.ide.mcu.externaltools.gnu-tools-for-stm32.12.3.rel1.win32_1.0.100.202403111256/tools/bin/../lib/gcc/arm-none-eabi/12.3.1/../../../../arm-none-eabi/lib/thumb/v6-m/nofp\libc_nano.a(libc_a-errno.o)
                0x08006494                __errno
 .text.__libc_init_array
                0x080064a0       0x48 D:/STM32CubeIDE_1.15.0/STM32CubeIDE/plugins/com.st.stm32cube.ide.mcu.externaltools.gnu-tools-for-stm32.12.3.rel1.win32_1.0.100.202403111256/tools/bin/../lib/gcc/arm-none-eabi/12.3.1/../../../../arm-none-eabi/lib/thumb/v6-m/nofp\libc_nano.a(libc_a-init.o)
                0x080064a0                __libc_init_array
 .text.__retarget_lock_init_recursive
                0x080064e8        0x2 D:/STM32CubeIDE_1.15.0/STM32CubeIDE/plugins/com.st.stm32cube.ide.mcu.externaltools.gnu-tools-for-stm32.12.3.rel1.win32_1.0.100.202403111256/tools/bin/../lib/gcc/arm-none-eabi/12.3.1/../../../../arm-none-eabi/lib/thumb/v6-m/nofp\libc_nano.a(libc_a-lock.o)
                0x080064e8                __retarget_lock_init_recursive
 .text.__retarget_lock_acquire_recursive
                0x080064ea        0x2 D:/STM32CubeIDE_1.15.0/STM32CubeIDE/plugins/com.st.stm32cube.ide.mcu.externaltools.gnu-tools-for-stm32.12.3.rel1.win32_1.0.100.202403111256/tools/bin/../lib/gcc/arm-none-eabi/12.3.1/../../../../arm-none-eabi/lib/thumb/v6-m/nofp\libc_nano.a(libc_a-lock.o)
                0x080064ea                __retarget_lock_acquire_recursive
 .text.__retarget_lock_release_recursive
                0x080064ec        0x2 D:/STM32CubeIDE_1.15.0/STM32CubeIDE/plugins/com.st.stm32cube.ide.mcu.externaltools.gnu-tools-for-stm32.12.3.rel1.win32_1.0.100.202403111256/tools/bin/../lib/gcc/arm-none-eabi/12.3.1/../../../../arm-none-eabi/lib/thumb/v6-m/nofp\libc_nano.a(libc_a-lock.o)
                0x080064ec                __retarget_lock_release_recursive
 *fill*         0x080064ee        0x2 
 .text._free_r  0x080064f0       0x94 D:/STM32CubeIDE_1.15.0/STM32CubeIDE/plugins/com.st.stm32cube.ide.mcu.externaltools.gnu-tools-for-stm32.12.3.rel1.win32_1.0.100.202403111256/tools/bin/../lib/gcc/arm-none-eabi/12.3.1/../../../../arm-none-eabi/lib/thumb/v6-m/nofp\libc_nano.a(libc_a-freer.o)
                0x080064f0                _free_r
 .text.sbrk_aligned
                0x08006584       0x44 D:/STM32CubeIDE_1.15.0/STM32CubeIDE/plugins/com.st.stm32cube.ide.mcu.externaltools.gnu-tools-for-stm32.12.3.rel1.win32_1.0.100.202403111256/tools/bin/../lib/gcc/arm-none-eabi/12.3.1/../../../../arm-none-eabi/lib/thumb/v6-m/nofp\libc_nano.a(libc_a-mallocr.o)
 .text._malloc_r
                0x080065c8      0x100 D:/STM32CubeIDE_1.15.0/STM32CubeIDE/plugins/com.st.stm32cube.ide.mcu.externaltools.gnu-tools-for-stm32.12.3.rel1.win32_1.0.100.202403111256/tools/bin/../lib/gcc/arm-none-eabi/12.3.1/../../../../arm-none-eabi/lib/thumb/v6-m/nofp\libc_nano.a(libc_a-mallocr.o)
                0x080065c8                _malloc_r
 .text.__malloc_lock
                0x080066c8       0x10 D:/STM32CubeIDE_1.15.0/STM32CubeIDE/plugins/com.st.stm32cube.ide.mcu.externaltools.gnu-tools-for-stm32.12.3.rel1.win32_1.0.100.202403111256/tools/bin/../lib/gcc/arm-none-eabi/12.3.1/../../../../arm-none-eabi/lib/thumb/v6-m/nofp\libc_nano.a(libc_a-mlock.o)
                0x080066c8                __malloc_lock
 .text.__malloc_unlock
                0x080066d8       0x10 D:/STM32CubeIDE_1.15.0/STM32CubeIDE/plugins/com.st.stm32cube.ide.mcu.externaltools.gnu-tools-for-stm32.12.3.rel1.win32_1.0.100.202403111256/tools/bin/../lib/gcc/arm-none-eabi/12.3.1/../../../../arm-none-eabi/lib/thumb/v6-m/nofp\libc_nano.a(libc_a-mlock.o)
                0x080066d8                __malloc_unlock
 .text.__ssputs_r
                0x080066e8       0xc0 D:/STM32CubeIDE_1.15.0/STM32CubeIDE/plugins/com.st.stm32cube.ide.mcu.externaltools.gnu-tools-for-stm32.12.3.rel1.win32_1.0.100.202403111256/tools/bin/../lib/gcc/arm-none-eabi/12.3.1/../../../../arm-none-eabi/lib/thumb/v6-m/nofp\libc_nano.a(libc_a-nano-svfprintf.o)
                0x080066e8                __ssputs_r
 .text._svfprintf_r
                0x080067a8      0x1fc D:/STM32CubeIDE_1.15.0/STM32CubeIDE/plugins/com.st.stm32cube.ide.mcu.externaltools.gnu-tools-for-stm32.12.3.rel1.win32_1.0.100.202403111256/tools/bin/../lib/gcc/arm-none-eabi/12.3.1/../../../../arm-none-eabi/lib/thumb/v6-m/nofp\libc_nano.a(libc_a-nano-svfprintf.o)
                0x080067a8                _svfiprintf_r
                0x080067a8                _svfprintf_r
 .text._printf_common
                0x080069a4       0xde D:/STM32CubeIDE_1.15.0/STM32CubeIDE/plugins/com.st.stm32cube.ide.mcu.externaltools.gnu-tools-for-stm32.12.3.rel1.win32_1.0.100.202403111256/tools/bin/../lib/gcc/arm-none-eabi/12.3.1/../../../../arm-none-eabi/lib/thumb/v6-m/nofp\libc_nano.a(libc_a-nano-vfprintf_i.o)
                0x080069a4                _printf_common
 *fill*         0x08006a82        0x2 
 .text._printf_i
                0x08006a84      0x21c D:/STM32CubeIDE_1.15.0/STM32CubeIDE/plugins/com.st.stm32cube.ide.mcu.externaltools.gnu-tools-for-stm32.12.3.rel1.win32_1.0.100.202403111256/tools/bin/../lib/gcc/arm-none-eabi/12.3.1/../../../../arm-none-eabi/lib/thumb/v6-m/nofp\libc_nano.a(libc_a-nano-vfprintf_i.o)
                0x08006a84                _printf_i
 .text.__sflush_r
                0x08006ca0      0x10c D:/STM32CubeIDE_1.15.0/STM32CubeIDE/plugins/com.st.stm32cube.ide.mcu.externaltools.gnu-tools-for-stm32.12.3.rel1.win32_1.0.100.202403111256/tools/bin/../lib/gcc/arm-none-eabi/12.3.1/../../../../arm-none-eabi/lib/thumb/v6-m/nofp\libc_nano.a(libc_a-fflush.o)
                0x08006ca0                __sflush_r
 .text._fflush_r
                0x08006dac       0x56 D:/STM32CubeIDE_1.15.0/STM32CubeIDE/plugins/com.st.stm32cube.ide.mcu.externaltools.gnu-tools-for-stm32.12.3.rel1.win32_1.0.100.202403111256/tools/bin/../lib/gcc/arm-none-eabi/12.3.1/../../../../arm-none-eabi/lib/thumb/v6-m/nofp\libc_nano.a(libc_a-fflush.o)
                0x08006dac                _fflush_r
 *fill*         0x08006e02        0x2 
 .text.__swhatbuf_r
                0x08006e04       0x54 D:/STM32CubeIDE_1.15.0/STM32CubeIDE/plugins/com.st.stm32cube.ide.mcu.externaltools.gnu-tools-for-stm32.12.3.rel1.win32_1.0.100.202403111256/tools/bin/../lib/gcc/arm-none-eabi/12.3.1/../../../../arm-none-eabi/lib/thumb/v6-m/nofp\libc_nano.a(libc_a-makebuf.o)
                0x08006e04                __swhatbuf_r
 .text.__smakebuf_r
                0x08006e58       0x82 D:/STM32CubeIDE_1.15.0/STM32CubeIDE/plugins/com.st.stm32cube.ide.mcu.externaltools.gnu-tools-for-stm32.12.3.rel1.win32_1.0.100.202403111256/tools/bin/../lib/gcc/arm-none-eabi/12.3.1/../../../../arm-none-eabi/lib/thumb/v6-m/nofp\libc_nano.a(libc_a-makebuf.o)
                0x08006e58                __smakebuf_r
 .text.memmove  0x08006eda       0x26 D:/STM32CubeIDE_1.15.0/STM32CubeIDE/plugins/com.st.stm32cube.ide.mcu.externaltools.gnu-tools-for-stm32.12.3.rel1.win32_1.0.100.202403111256/tools/bin/../lib/gcc/arm-none-eabi/12.3.1/../../../../arm-none-eabi/lib/thumb/v6-m/nofp\libc_nano.a(libc_a-memmove.o)
                0x08006eda                memmove
 .text._fstat_r
                0x08006f00       0x24 D:/STM32CubeIDE_1.15.0/STM32CubeIDE/plugins/com.st.stm32cube.ide.mcu.externaltools.gnu-tools-for-stm32.12.3.rel1.win32_1.0.100.202403111256/tools/bin/../lib/gcc/arm-none-eabi/12.3.1/../../../../arm-none-eabi/lib/thumb/v6-m/nofp\libc_nano.a(libc_a-fstatr.o)
                0x08006f00                _fstat_r
 .text._isatty_r
                0x08006f24       0x24 D:/STM32CubeIDE_1.15.0/STM32CubeIDE/plugins/com.st.stm32cube.ide.mcu.externaltools.gnu-tools-for-stm32.12.3.rel1.win32_1.0.100.202403111256/tools/bin/../lib/gcc/arm-none-eabi/12.3.1/../../../../arm-none-eabi/lib/thumb/v6-m/nofp\libc_nano.a(libc_a-isattyr.o)
                0x08006f24                _isatty_r
 .text._sbrk_r  0x08006f48       0x24 D:/STM32CubeIDE_1.15.0/STM32CubeIDE/plugins/com.st.stm32cube.ide.mcu.externaltools.gnu-tools-for-stm32.12.3.rel1.win32_1.0.100.202403111256/tools/bin/../lib/gcc/arm-none-eabi/12.3.1/../../../../arm-none-eabi/lib/thumb/v6-m/nofp\libc_nano.a(libc_a-sbrkr.o)
                0x08006f48                _sbrk_r
 .text.memchr   0x08006f6c       0x16 D:/STM32CubeIDE_1.15.0/STM32CubeIDE/plugins/com.st.stm32cube.ide.mcu.externaltools.gnu-tools-for-stm32.12.3.rel1.win32_1.0.100.202403111256/tools/bin/../lib/gcc/arm-none-eabi/12.3.1/../../../../arm-none-eabi/lib/thumb/v6-m/nofp\libc_nano.a(libc_a-memchr-stub.o)
                0x08006f6c                memchr
 .text.memcpy   0x08006f82       0x12 D:/STM32CubeIDE_1.15.0/STM32CubeIDE/plugins/com.st.stm32cube.ide.mcu.externaltools.gnu-tools-for-stm32.12.3.rel1.win32_1.0.100.202403111256/tools/bin/../lib/gcc/arm-none-eabi/12.3.1/../../../../arm-none-eabi/lib/thumb/v6-m/nofp\libc_nano.a(libc_a-memcpy-stub.o)
                0x08006f82                memcpy
 .text._realloc_r
                0x08006f94       0x5e D:/STM32CubeIDE_1.15.0/STM32CubeIDE/plugins/com.st.stm32cube.ide.mcu.externaltools.gnu-tools-for-stm32.12.3.rel1.win32_1.0.100.202403111256/tools/bin/../lib/gcc/arm-none-eabi/12.3.1/../../../../arm-none-eabi/lib/thumb/v6-m/nofp\libc_nano.a(libc_a-reallocr.o)
                0x08006f94                _realloc_r
 .text._malloc_usable_size_r
                0x08006ff2       0x10 D:/STM32CubeIDE_1.15.0/STM32CubeIDE/plugins/com.st.stm32cube.ide.mcu.externaltools.gnu-tools-for-stm32.12.3.rel1.win32_1.0.100.202403111256/tools/bin/../lib/gcc/arm-none-eabi/12.3.1/../../../../arm-none-eabi/lib/thumb/v6-m/nofp\libc_nano.a(libc_a-msizer.o)
                0x08006ff2                _malloc_usable_size_r
 *(.glue_7)
 .glue_7        0x08007002        0x0 linker stubs
 *(.glue_7t)
 .glue_7t       0x08007002        0x0 linker stubs
 *(.eh_frame)
 *fill*         0x08007002        0x2 
 .eh_frame      0x08007004        0x0 D:/STM32CubeIDE_1.15.0/STM32CubeIDE/plugins/com.st.stm32cube.ide.mcu.externaltools.gnu-tools-for-stm32.12.3.rel1.win32_1.0.100.202403111256/tools/bin/../lib/gcc/arm-none-eabi/12.3.1/thumb/v6-m/nofp/crtbegin.o
 *(.init)
 .init          0x08007004        0x4 D:/STM32CubeIDE_1.15.0/STM32CubeIDE/plugins/com.st.stm32cube.ide.mcu.externaltools.gnu-tools-for-stm32.12.3.rel1.win32_1.0.100.202403111256/tools/bin/../lib/gcc/arm-none-eabi/12.3.1/thumb/v6-m/nofp/crti.o
                0x08007004                _init
 .init          0x08007008        0x8 D:/STM32CubeIDE_1.15.0/STM32CubeIDE/plugins/com.st.stm32cube.ide.mcu.externaltools.gnu-tools-for-stm32.12.3.rel1.win32_1.0.100.202403111256/tools/bin/../lib/gcc/arm-none-eabi/12.3.1/thumb/v6-m/nofp/crtn.o
 *(.fini)
 .fini          0x08007010        0x4 D:/STM32CubeIDE_1.15.0/STM32CubeIDE/plugins/com.st.stm32cube.ide.mcu.externaltools.gnu-tools-for-stm32.12.3.rel1.win32_1.0.100.202403111256/tools/bin/../lib/gcc/arm-none-eabi/12.3.1/thumb/v6-m/nofp/crti.o
                0x08007010                _fini
 .fini          0x08007014        0x8 D:/STM32CubeIDE_1.15.0/STM32CubeIDE/plugins/com.st.stm32cube.ide.mcu.externaltools.gnu-tools-for-stm32.12.3.rel1.win32_1.0.100.202403111256/tools/bin/../lib/gcc/arm-none-eabi/12.3.1/thumb/v6-m/nofp/crtn.o
                0x0800701c                        . = ALIGN (0x4)
                0x0800701c                        _etext = .

.vfp11_veneer   0x0800701c        0x0
 .vfp11_veneer  0x0800701c        0x0 linker stubs

.v4_bx          0x0800701c        0x0
 .v4_bx         0x0800701c        0x0 linker stubs

.iplt           0x0800701c        0x0
 .iplt          0x0800701c        0x0 D:/STM32CubeIDE_1.15.0/STM32CubeIDE/plugins/com.st.stm32cube.ide.mcu.externaltools.gnu-tools-for-stm32.12.3.rel1.win32_1.0.100.202403111256/tools/bin/../lib/gcc/arm-none-eabi/12.3.1/thumb/v6-m/nofp/crtbegin.o

.rodata         0x0800701c     0x1a38
                0x0800701c                        . = ALIGN (0x4)
 *(.rodata)
 .rodata        0x0800701c       0x5b ./Core/Src/main.o
 *(.rodata*)
 *fill*         0x08007077        0x1 
 .rodata.Font12_Table
                0x08007078      0x7cb ./Core/BSP/Components/gde021a1/font12epd.o
                0x08007078                Font12_Table
 *fill*         0x08007843        0x1 
 .rodata.Font8_Table
                0x08007844      0x3b6 ./Core/BSP/Components/gde021a1/font8epd.o
                0x08007844                Font8_Table
 *fill*         0x08007bfa        0x2 
 .rodata.WF_LUT
                0x08007bfc       0x5a ./Core/BSP/Components/gde021a1/gde021a1.o
                0x08007bfc                WF_LUT
 *fill*         0x08007c56        0x2 
 .rodata.Font11x18
                0x08007c58      0xd5c ./Core/SSD1306/fonts.o
                0x08007c58                Font11x18
 .rodata.AHBPrescTable
                0x080089b4       0x10 ./Core/Src/system_stm32l0xx.o
                0x080089b4                AHBPrescTable
 .rodata.APBPrescTable
                0x080089c4        0x8 ./Core/Src/system_stm32l0xx.o
                0x080089c4                APBPrescTable
 .rodata.PLLMulTable
                0x080089cc        0x9 ./Core/Src/system_stm32l0xx.o
                0x080089cc                PLLMulTable
 *fill*         0x080089d5        0x3 
 .rodata.UART_SetConfig
                0x080089d8       0x48 ./Drivers/STM32L0xx_HAL_Driver/Src/stm32l0xx_hal_uart.o
 .rodata._svfprintf_r.str1.1
                0x08008a20       0x11 D:/STM32CubeIDE_1.15.0/STM32CubeIDE/plugins/com.st.stm32cube.ide.mcu.externaltools.gnu-tools-for-stm32.12.3.rel1.win32_1.0.100.202403111256/tools/bin/../lib/gcc/arm-none-eabi/12.3.1/../../../../arm-none-eabi/lib/thumb/v6-m/nofp\libc_nano.a(libc_a-nano-svfprintf.o)
 .rodata._printf_i.str1.1
                0x08008a31       0x22 D:/STM32CubeIDE_1.15.0/STM32CubeIDE/plugins/com.st.stm32cube.ide.mcu.externaltools.gnu-tools-for-stm32.12.3.rel1.win32_1.0.100.202403111256/tools/bin/../lib/gcc/arm-none-eabi/12.3.1/../../../../arm-none-eabi/lib/thumb/v6-m/nofp\libc_nano.a(libc_a-nano-vfprintf_i.o)
                0x08008a54                        . = ALIGN (0x4)
 *fill*         0x08008a53        0x1 

.ARM.extab      0x08008a54        0x0
                0x08008a54                        . = ALIGN (0x4)
 *(.ARM.extab* .gnu.linkonce.armextab.*)
                0x08008a54                        . = ALIGN (0x4)

.ARM            0x08008a54        0x8
                0x08008a54                        . = ALIGN (0x4)
                0x08008a54                        __exidx_start = .
 *(.ARM.exidx*)
 .ARM.exidx     0x08008a54        0x8 D:/STM32CubeIDE_1.15.0/STM32CubeIDE/plugins/com.st.stm32cube.ide.mcu.externaltools.gnu-tools-for-stm32.12.3.rel1.win32_1.0.100.202403111256/tools/bin/../lib/gcc/arm-none-eabi/12.3.1/thumb/v6-m/nofp\libgcc.a(_udivmoddi4.o)
                0x08008a5c                        __exidx_end = .
                0x08008a5c                        . = ALIGN (0x4)

.preinit_array  0x08008a5c        0x0
                0x08008a5c                        . = ALIGN (0x4)
                0x08008a5c                        PROVIDE (__preinit_array_start = .)
 *(.preinit_array*)
                0x08008a5c                        PROVIDE (__preinit_array_end = .)
                0x08008a5c                        . = ALIGN (0x4)

.init_array     0x08008a5c        0x4
                0x08008a5c                        . = ALIGN (0x4)
                0x08008a5c                        PROVIDE (__init_array_start = .)
 *(SORT_BY_NAME(.init_array.*))
 *(.init_array*)
 .init_array    0x08008a5c        0x4 D:/STM32CubeIDE_1.15.0/STM32CubeIDE/plugins/com.st.stm32cube.ide.mcu.externaltools.gnu-tools-for-stm32.12.3.rel1.win32_1.0.100.202403111256/tools/bin/../lib/gcc/arm-none-eabi/12.3.1/thumb/v6-m/nofp/crtbegin.o
                0x08008a60                        PROVIDE (__init_array_end = .)
                0x08008a60                        . = ALIGN (0x4)

.fini_array     0x08008a60        0x4
                0x08008a60                        . = ALIGN (0x4)
                [!provide]                        PROVIDE (__fini_array_start = .)
 *(SORT_BY_NAME(.fini_array.*))
 *(.fini_array*)
 .fini_array    0x08008a60        0x4 D:/STM32CubeIDE_1.15.0/STM32CubeIDE/plugins/com.st.stm32cube.ide.mcu.externaltools.gnu-tools-for-stm32.12.3.rel1.win32_1.0.100.202403111256/tools/bin/../lib/gcc/arm-none-eabi/12.3.1/thumb/v6-m/nofp/crtbegin.o
                [!provide]                        PROVIDE (__fini_array_end = .)
                0x08008a64                        . = ALIGN (0x4)
                0x08008a64                        _sidata = LOADADDR (.data)

.rel.dyn        0x08008a64        0x0
 .rel.iplt      0x08008a64        0x0 D:/STM32CubeIDE_1.15.0/STM32CubeIDE/plugins/com.st.stm32cube.ide.mcu.externaltools.gnu-tools-for-stm32.12.3.rel1.win32_1.0.100.202403111256/tools/bin/../lib/gcc/arm-none-eabi/12.3.1/thumb/v6-m/nofp/crtbegin.o

.data           0x20000000      0x6b0 load address 0x08008a64
                0x20000000                        . = ALIGN (0x4)
                0x20000000                        _sdata = .
 *(.data)
 *(.data*)
 .data.Font12   0x20000000        0x8 ./Core/BSP/Components/gde021a1/font12epd.o
                0x20000000                Font12
 .data.Font8    0x20000008        0x8 ./Core/BSP/Components/gde021a1/font8epd.o
                0x20000008                Font8
 .data.gde021a1_drv
                0x20000010       0x20 ./Core/BSP/Components/gde021a1/gde021a1.o
                0x20000010                gde021a1_drv
 .data.Font_11x18
                0x20000030        0x8 ./Core/SSD1306/fonts.o
                0x20000030                Font_11x18
 .data.k        0x20000038        0x4 ./Core/Src/main.o
                0x20000038                k
 .data.Logo     0x2000003c      0x60c ./Core/Src/main.o
                0x2000003c                Logo
 .data.SystemCoreClock
                0x20000648        0x4 ./Core/Src/system_stm32l0xx.o
                0x20000648                SystemCoreClock
 .data.uwTickPrio
                0x2000064c        0x4 ./Drivers/STM32L0xx_HAL_Driver/Src/stm32l0xx_hal.o
                0x2000064c                uwTickPrio
 .data.uwTickFreq
                0x20000650        0x1 ./Drivers/STM32L0xx_HAL_Driver/Src/stm32l0xx_hal.o
                0x20000650                uwTickFreq
 *fill*         0x20000651        0x3 
 .data.__sglue  0x20000654        0xc D:/STM32CubeIDE_1.15.0/STM32CubeIDE/plugins/com.st.stm32cube.ide.mcu.externaltools.gnu-tools-for-stm32.12.3.rel1.win32_1.0.100.202403111256/tools/bin/../lib/gcc/arm-none-eabi/12.3.1/../../../../arm-none-eabi/lib/thumb/v6-m/nofp\libc_nano.a(libc_a-findfp.o)
                0x20000654                __sglue
 .data._impure_ptr
                0x20000660        0x4 D:/STM32CubeIDE_1.15.0/STM32CubeIDE/plugins/com.st.stm32cube.ide.mcu.externaltools.gnu-tools-for-stm32.12.3.rel1.win32_1.0.100.202403111256/tools/bin/../lib/gcc/arm-none-eabi/12.3.1/../../../../arm-none-eabi/lib/thumb/v6-m/nofp\libc_nano.a(libc_a-impure.o)
                0x20000660                _impure_ptr
 .data._impure_data
                0x20000664       0x4c D:/STM32CubeIDE_1.15.0/STM32CubeIDE/plugins/com.st.stm32cube.ide.mcu.externaltools.gnu-tools-for-stm32.12.3.rel1.win32_1.0.100.202403111256/tools/bin/../lib/gcc/arm-none-eabi/12.3.1/../../../../arm-none-eabi/lib/thumb/v6-m/nofp\libc_nano.a(libc_a-impure.o)
                0x20000664                _impure_data
 *(.RamFunc)
 *(.RamFunc*)
                0x200006b0                        . = ALIGN (0x4)
                0x200006b0                        _edata = .

.igot.plt       0x200006b0        0x0 load address 0x08009114
 .igot.plt      0x200006b0        0x0 D:/STM32CubeIDE_1.15.0/STM32CubeIDE/plugins/com.st.stm32cube.ide.mcu.externaltools.gnu-tools-for-stm32.12.3.rel1.win32_1.0.100.202403111256/tools/bin/../lib/gcc/arm-none-eabi/12.3.1/thumb/v6-m/nofp/crtbegin.o
                0x200006b0                        . = ALIGN (0x4)

.bss            0x200006b0      0xd1c load address 0x08009114
                0x200006b0                        _sbss = .
                0x200006b0                        __bss_start__ = _sbss
 *(.bss)
 .bss           0x200006b0       0x1c D:/STM32CubeIDE_1.15.0/STM32CubeIDE/plugins/com.st.stm32cube.ide.mcu.externaltools.gnu-tools-for-stm32.12.3.rel1.win32_1.0.100.202403111256/tools/bin/../lib/gcc/arm-none-eabi/12.3.1/thumb/v6-m/nofp/crtbegin.o
 *(.bss*)
 .bss.SpiHandle
                0x200006cc       0x58 ./Core/BSP/Components/gde021a1/stm32l0538_discovery.o
 .bss.pFont     0x20000724        0x4 ./Core/BSP/Components/gde021a1/stm32l0538_discovery_epd.o
 .bss.epd_drv   0x20000728        0x4 ./Core/BSP/Components/gde021a1/stm32l0538_discovery_epd.o
 .bss.SSD1306_Buffer
                0x2000072c      0x400 ./Core/SSD1306/ssd1306.o
 .bss.SSD1306   0x20000b2c        0x6 ./Core/SSD1306/ssd1306.o
 *fill*         0x20000b32        0x2 
 .bss.flaga     0x20000b34        0x4 ./Core/Src/main.o
                0x20000b34                flaga
 .bss.buffer    0x20000b38      0x60c ./Core/Src/main.o
                0x20000b38                buffer
 .bss.hi2c1     0x20001144       0x54 ./Core/Src/main.o
                0x20001144                hi2c1
 .bss.hspi1     0x20001198       0x58 ./Core/Src/main.o
                0x20001198                hspi1
 .bss.huart1    0x200011f0       0x88 ./Core/Src/main.o
                0x200011f0                huart1
 .bss.__sbrk_heap_end
                0x20001278        0x4 ./Core/Src/sysmem.o
 .bss.uwTick    0x2000127c        0x4 ./Drivers/STM32L0xx_HAL_Driver/Src/stm32l0xx_hal.o
                0x2000127c                uwTick
 .bss.__sf      0x20001280      0x138 D:/STM32CubeIDE_1.15.0/STM32CubeIDE/plugins/com.st.stm32cube.ide.mcu.externaltools.gnu-tools-for-stm32.12.3.rel1.win32_1.0.100.202403111256/tools/bin/../lib/gcc/arm-none-eabi/12.3.1/../../../../arm-none-eabi/lib/thumb/v6-m/nofp\libc_nano.a(libc_a-findfp.o)
                0x20001280                __sf
 .bss.__stdio_exit_handler
                0x200013b8        0x4 D:/STM32CubeIDE_1.15.0/STM32CubeIDE/plugins/com.st.stm32cube.ide.mcu.externaltools.gnu-tools-for-stm32.12.3.rel1.win32_1.0.100.202403111256/tools/bin/../lib/gcc/arm-none-eabi/12.3.1/../../../../arm-none-eabi/lib/thumb/v6-m/nofp\libc_nano.a(libc_a-findfp.o)
                0x200013b8                __stdio_exit_handler
 .bss.errno     0x200013bc        0x4 D:/STM32CubeIDE_1.15.0/STM32CubeIDE/plugins/com.st.stm32cube.ide.mcu.externaltools.gnu-tools-for-stm32.12.3.rel1.win32_1.0.100.202403111256/tools/bin/../lib/gcc/arm-none-eabi/12.3.1/../../../../arm-none-eabi/lib/thumb/v6-m/nofp\libc_nano.a(libc_a-reent.o)
                0x200013bc                errno
 .bss.__lock___malloc_recursive_mutex
                0x200013c0        0x1 D:/STM32CubeIDE_1.15.0/STM32CubeIDE/plugins/com.st.stm32cube.ide.mcu.externaltools.gnu-tools-for-stm32.12.3.rel1.win32_1.0.100.202403111256/tools/bin/../lib/gcc/arm-none-eabi/12.3.1/../../../../arm-none-eabi/lib/thumb/v6-m/nofp\libc_nano.a(libc_a-lock.o)
                0x200013c0                __lock___malloc_recursive_mutex
 .bss.__lock___sfp_recursive_mutex
                0x200013c1        0x1 D:/STM32CubeIDE_1.15.0/STM32CubeIDE/plugins/com.st.stm32cube.ide.mcu.externaltools.gnu-tools-for-stm32.12.3.rel1.win32_1.0.100.202403111256/tools/bin/../lib/gcc/arm-none-eabi/12.3.1/../../../../arm-none-eabi/lib/thumb/v6-m/nofp\libc_nano.a(libc_a-lock.o)
                0x200013c1                __lock___sfp_recursive_mutex
 *fill*         0x200013c2        0x2 
 .bss.__malloc_sbrk_start
                0x200013c4        0x4 D:/STM32CubeIDE_1.15.0/STM32CubeIDE/plugins/com.st.stm32cube.ide.mcu.externaltools.gnu-tools-for-stm32.12.3.rel1.win32_1.0.100.202403111256/tools/bin/../lib/gcc/arm-none-eabi/12.3.1/../../../../arm-none-eabi/lib/thumb/v6-m/nofp\libc_nano.a(libc_a-mallocr.o)
                0x200013c4                __malloc_sbrk_start
 .bss.__malloc_free_list
                0x200013c8        0x4 D:/STM32CubeIDE_1.15.0/STM32CubeIDE/plugins/com.st.stm32cube.ide.mcu.externaltools.gnu-tools-for-stm32.12.3.rel1.win32_1.0.100.202403111256/tools/bin/../lib/gcc/arm-none-eabi/12.3.1/../../../../arm-none-eabi/lib/thumb/v6-m/nofp\libc_nano.a(libc_a-mallocr.o)
                0x200013c8                __malloc_free_list
 *(COMMON)
                0x200013cc                        . = ALIGN (0x4)
                0x200013cc                        _ebss = .
                0x200013cc                        __bss_end__ = _ebss

._user_heap_stack
                0x200013cc      0x604 load address 0x08009114
                0x200013d0                        . = ALIGN (0x8)
 *fill*         0x200013cc        0x4 
                [!provide]                        PROVIDE (end = .)
                0x200013d0                        PROVIDE (_end = .)
                0x200015d0                        . = (. + _Min_Heap_Size)
 *fill*         0x200013d0      0x200 
                0x200019d0                        . = (. + _Min_Stack_Size)
 *fill*         0x200015d0      0x400 
                0x200019d0                        . = ALIGN (0x8)

/DISCARD/
 libc.a(*)
 libm.a(*)
 libgcc.a(*)

.ARM.attributes
                0x00000000       0x28
 *(.ARM.attributes)
 .ARM.attributes
                0x00000000       0x1e D:/STM32CubeIDE_1.15.0/STM32CubeIDE/plugins/com.st.stm32cube.ide.mcu.externaltools.gnu-tools-for-stm32.12.3.rel1.win32_1.0.100.202403111256/tools/bin/../lib/gcc/arm-none-eabi/12.3.1/thumb/v6-m/nofp/crti.o
 .ARM.attributes
                0x0000001e       0x2c D:/STM32CubeIDE_1.15.0/STM32CubeIDE/plugins/com.st.stm32cube.ide.mcu.externaltools.gnu-tools-for-stm32.12.3.rel1.win32_1.0.100.202403111256/tools/bin/../lib/gcc/arm-none-eabi/12.3.1/thumb/v6-m/nofp/crtbegin.o
 .ARM.attributes
                0x0000004a       0x2c ./Core/BSP/Components/gde021a1/font12epd.o
 .ARM.attributes
                0x00000076       0x2c ./Core/BSP/Components/gde021a1/font8epd.o
 .ARM.attributes
                0x000000a2       0x2c ./Core/BSP/Components/gde021a1/gde021a1.o
 .ARM.attributes
                0x000000ce       0x2c ./Core/BSP/Components/gde021a1/stm32l0538_discovery.o
 .ARM.attributes
                0x000000fa       0x2c ./Core/BSP/Components/gde021a1/stm32l0538_discovery_epd.o
 .ARM.attributes
                0x00000126       0x2c ./Core/SSD1306/fonts.o
 .ARM.attributes
                0x00000152       0x2c ./Core/SSD1306/ssd1306.o
 .ARM.attributes
                0x0000017e       0x2c ./Core/Src/main.o
 .ARM.attributes
                0x000001aa       0x2c ./Core/Src/stm32l0xx_hal_msp.o
 .ARM.attributes
                0x000001d6       0x2c ./Core/Src/stm32l0xx_it.o
 .ARM.attributes
                0x00000202       0x2c ./Core/Src/syscalls.o
 .ARM.attributes
                0x0000022e       0x2c ./Core/Src/sysmem.o
 .ARM.attributes
                0x0000025a       0x2c ./Core/Src/system_stm32l0xx.o
 .ARM.attributes
                0x00000286       0x22 ./Core/Startup/startup_stm32l053c8tx.o
 .ARM.attributes
                0x000002a8       0x2c ./Drivers/STM32L0xx_HAL_Driver/Src/stm32l0xx_hal.o
 .ARM.attributes
                0x000002d4       0x2c ./Drivers/STM32L0xx_HAL_Driver/Src/stm32l0xx_hal_cortex.o
 .ARM.attributes
                0x00000300       0x2c ./Drivers/STM32L0xx_HAL_Driver/Src/stm32l0xx_hal_dma.o
 .ARM.attributes
                0x0000032c       0x2c ./Drivers/STM32L0xx_HAL_Driver/Src/stm32l0xx_hal_gpio.o
 .ARM.attributes
                0x00000358       0x2c ./Drivers/STM32L0xx_HAL_Driver/Src/stm32l0xx_hal_i2c.o
 .ARM.attributes
                0x00000384       0x2c ./Drivers/STM32L0xx_HAL_Driver/Src/stm32l0xx_hal_i2c_ex.o
 .ARM.attributes
                0x000003b0       0x2c ./Drivers/STM32L0xx_HAL_Driver/Src/stm32l0xx_hal_rcc.o
 .ARM.attributes
                0x000003dc       0x2c ./Drivers/STM32L0xx_HAL_Driver/Src/stm32l0xx_hal_rcc_ex.o
 .ARM.attributes
                0x00000408       0x2c ./Drivers/STM32L0xx_HAL_Driver/Src/stm32l0xx_hal_spi.o
 .ARM.attributes
                0x00000434       0x2c ./Drivers/STM32L0xx_HAL_Driver/Src/stm32l0xx_hal_uart.o
 .ARM.attributes
                0x00000460       0x2c ./Drivers/STM32L0xx_HAL_Driver/Src/stm32l0xx_hal_uart_ex.o
 .ARM.attributes
                0x0000048c       0x2c D:/STM32CubeIDE_1.15.0/STM32CubeIDE/plugins/com.st.stm32cube.ide.mcu.externaltools.gnu-tools-for-stm32.12.3.rel1.win32_1.0.100.202403111256/tools/bin/../lib/gcc/arm-none-eabi/12.3.1/../../../../arm-none-eabi/lib/thumb/v6-m/nofp\libc_nano.a(libc_a-findfp.o)
 .ARM.attributes
                0x000004b8       0x2c D:/STM32CubeIDE_1.15.0/STM32CubeIDE/plugins/com.st.stm32cube.ide.mcu.externaltools.gnu-tools-for-stm32.12.3.rel1.win32_1.0.100.202403111256/tools/bin/../lib/gcc/arm-none-eabi/12.3.1/../../../../arm-none-eabi/lib/thumb/v6-m/nofp\libc_nano.a(libc_a-fwalk.o)
 .ARM.attributes
                0x000004e4       0x2c D:/STM32CubeIDE_1.15.0/STM32CubeIDE/plugins/com.st.stm32cube.ide.mcu.externaltools.gnu-tools-for-stm32.12.3.rel1.win32_1.0.100.202403111256/tools/bin/../lib/gcc/arm-none-eabi/12.3.1/../../../../arm-none-eabi/lib/thumb/v6-m/nofp\libc_nano.a(libc_a-puts.o)
 .ARM.attributes
                0x00000510       0x2c D:/STM32CubeIDE_1.15.0/STM32CubeIDE/plugins/com.st.stm32cube.ide.mcu.externaltools.gnu-tools-for-stm32.12.3.rel1.win32_1.0.100.202403111256/tools/bin/../lib/gcc/arm-none-eabi/12.3.1/../../../../arm-none-eabi/lib/thumb/v6-m/nofp\libc_nano.a(libc_a-snprintf.o)
 .ARM.attributes
                0x0000053c       0x2c D:/STM32CubeIDE_1.15.0/STM32CubeIDE/plugins/com.st.stm32cube.ide.mcu.externaltools.gnu-tools-for-stm32.12.3.rel1.win32_1.0.100.202403111256/tools/bin/../lib/gcc/arm-none-eabi/12.3.1/../../../../arm-none-eabi/lib/thumb/v6-m/nofp\libc_nano.a(libc_a-stdio.o)
 .ARM.attributes
                0x00000568       0x2c D:/STM32CubeIDE_1.15.0/STM32CubeIDE/plugins/com.st.stm32cube.ide.mcu.externaltools.gnu-tools-for-stm32.12.3.rel1.win32_1.0.100.202403111256/tools/bin/../lib/gcc/arm-none-eabi/12.3.1/../../../../arm-none-eabi/lib/thumb/v6-m/nofp\libc_nano.a(libc_a-wbuf.o)
 .ARM.attributes
                0x00000594       0x2c D:/STM32CubeIDE_1.15.0/STM32CubeIDE/plugins/com.st.stm32cube.ide.mcu.externaltools.gnu-tools-for-stm32.12.3.rel1.win32_1.0.100.202403111256/tools/bin/../lib/gcc/arm-none-eabi/12.3.1/../../../../arm-none-eabi/lib/thumb/v6-m/nofp\libc_nano.a(libc_a-wsetup.o)
 .ARM.attributes
                0x000005c0       0x2c D:/STM32CubeIDE_1.15.0/STM32CubeIDE/plugins/com.st.stm32cube.ide.mcu.externaltools.gnu-tools-for-stm32.12.3.rel1.win32_1.0.100.202403111256/tools/bin/../lib/gcc/arm-none-eabi/12.3.1/../../../../arm-none-eabi/lib/thumb/v6-m/nofp\libc_nano.a(libc_a-memset.o)
 .ARM.attributes
                0x000005ec       0x2c D:/STM32CubeIDE_1.15.0/STM32CubeIDE/plugins/com.st.stm32cube.ide.mcu.externaltools.gnu-tools-for-stm32.12.3.rel1.win32_1.0.100.202403111256/tools/bin/../lib/gcc/arm-none-eabi/12.3.1/../../../../arm-none-eabi/lib/thumb/v6-m/nofp\libc_nano.a(libc_a-closer.o)
 .ARM.attributes
                0x00000618       0x2c D:/STM32CubeIDE_1.15.0/STM32CubeIDE/plugins/com.st.stm32cube.ide.mcu.externaltools.gnu-tools-for-stm32.12.3.rel1.win32_1.0.100.202403111256/tools/bin/../lib/gcc/arm-none-eabi/12.3.1/../../../../arm-none-eabi/lib/thumb/v6-m/nofp\libc_nano.a(libc_a-reent.o)
 .ARM.attributes
                0x00000644       0x2c D:/STM32CubeIDE_1.15.0/STM32CubeIDE/plugins/com.st.stm32cube.ide.mcu.externaltools.gnu-tools-for-stm32.12.3.rel1.win32_1.0.100.202403111256/tools/bin/../lib/gcc/arm-none-eabi/12.3.1/../../../../arm-none-eabi/lib/thumb/v6-m/nofp\libc_nano.a(libc_a-impure.o)
 .ARM.attributes
                0x00000670       0x2c D:/STM32CubeIDE_1.15.0/STM32CubeIDE/plugins/com.st.stm32cube.ide.mcu.externaltools.gnu-tools-for-stm32.12.3.rel1.win32_1.0.100.202403111256/tools/bin/../lib/gcc/arm-none-eabi/12.3.1/../../../../arm-none-eabi/lib/thumb/v6-m/nofp\libc_nano.a(libc_a-lseekr.o)
 .ARM.attributes
                0x0000069c       0x2c D:/STM32CubeIDE_1.15.0/STM32CubeIDE/plugins/com.st.stm32cube.ide.mcu.externaltools.gnu-tools-for-stm32.12.3.rel1.win32_1.0.100.202403111256/tools/bin/../lib/gcc/arm-none-eabi/12.3.1/../../../../arm-none-eabi/lib/thumb/v6-m/nofp\libc_nano.a(libc_a-readr.o)
 .ARM.attributes
                0x000006c8       0x2c D:/STM32CubeIDE_1.15.0/STM32CubeIDE/plugins/com.st.stm32cube.ide.mcu.externaltools.gnu-tools-for-stm32.12.3.rel1.win32_1.0.100.202403111256/tools/bin/../lib/gcc/arm-none-eabi/12.3.1/../../../../arm-none-eabi/lib/thumb/v6-m/nofp\libc_nano.a(libc_a-writer.o)
 .ARM.attributes
                0x000006f4       0x2c D:/STM32CubeIDE_1.15.0/STM32CubeIDE/plugins/com.st.stm32cube.ide.mcu.externaltools.gnu-tools-for-stm32.12.3.rel1.win32_1.0.100.202403111256/tools/bin/../lib/gcc/arm-none-eabi/12.3.1/../../../../arm-none-eabi/lib/thumb/v6-m/nofp\libc_nano.a(libc_a-errno.o)
 .ARM.attributes
                0x00000720       0x2c D:/STM32CubeIDE_1.15.0/STM32CubeIDE/plugins/com.st.stm32cube.ide.mcu.externaltools.gnu-tools-for-stm32.12.3.rel1.win32_1.0.100.202403111256/tools/bin/../lib/gcc/arm-none-eabi/12.3.1/../../../../arm-none-eabi/lib/thumb/v6-m/nofp\libc_nano.a(libc_a-init.o)
 .ARM.attributes
                0x0000074c       0x2c D:/STM32CubeIDE_1.15.0/STM32CubeIDE/plugins/com.st.stm32cube.ide.mcu.externaltools.gnu-tools-for-stm32.12.3.rel1.win32_1.0.100.202403111256/tools/bin/../lib/gcc/arm-none-eabi/12.3.1/../../../../arm-none-eabi/lib/thumb/v6-m/nofp\libc_nano.a(libc_a-lock.o)
 .ARM.attributes
                0x00000778       0x2c D:/STM32CubeIDE_1.15.0/STM32CubeIDE/plugins/com.st.stm32cube.ide.mcu.externaltools.gnu-tools-for-stm32.12.3.rel1.win32_1.0.100.202403111256/tools/bin/../lib/gcc/arm-none-eabi/12.3.1/../../../../arm-none-eabi/lib/thumb/v6-m/nofp\libc_nano.a(libc_a-freer.o)
 .ARM.attributes
                0x000007a4       0x2c D:/STM32CubeIDE_1.15.0/STM32CubeIDE/plugins/com.st.stm32cube.ide.mcu.externaltools.gnu-tools-for-stm32.12.3.rel1.win32_1.0.100.202403111256/tools/bin/../lib/gcc/arm-none-eabi/12.3.1/../../../../arm-none-eabi/lib/thumb/v6-m/nofp\libc_nano.a(libc_a-mallocr.o)
 .ARM.attributes
                0x000007d0       0x2c D:/STM32CubeIDE_1.15.0/STM32CubeIDE/plugins/com.st.stm32cube.ide.mcu.externaltools.gnu-tools-for-stm32.12.3.rel1.win32_1.0.100.202403111256/tools/bin/../lib/gcc/arm-none-eabi/12.3.1/../../../../arm-none-eabi/lib/thumb/v6-m/nofp\libc_nano.a(libc_a-mlock.o)
 .ARM.attributes
                0x000007fc       0x2c D:/STM32CubeIDE_1.15.0/STM32CubeIDE/plugins/com.st.stm32cube.ide.mcu.externaltools.gnu-tools-for-stm32.12.3.rel1.win32_1.0.100.202403111256/tools/bin/../lib/gcc/arm-none-eabi/12.3.1/../../../../arm-none-eabi/lib/thumb/v6-m/nofp\libc_nano.a(libc_a-nano-svfprintf.o)
 .ARM.attributes
                0x00000828       0x2c D:/STM32CubeIDE_1.15.0/STM32CubeIDE/plugins/com.st.stm32cube.ide.mcu.externaltools.gnu-tools-for-stm32.12.3.rel1.win32_1.0.100.202403111256/tools/bin/../lib/gcc/arm-none-eabi/12.3.1/../../../../arm-none-eabi/lib/thumb/v6-m/nofp\libc_nano.a(libc_a-nano-vfprintf_i.o)
 .ARM.attributes
                0x00000854       0x2c D:/STM32CubeIDE_1.15.0/STM32CubeIDE/plugins/com.st.stm32cube.ide.mcu.externaltools.gnu-tools-for-stm32.12.3.rel1.win32_1.0.100.202403111256/tools/bin/../lib/gcc/arm-none-eabi/12.3.1/../../../../arm-none-eabi/lib/thumb/v6-m/nofp\libc_nano.a(libc_a-fflush.o)
 .ARM.attributes
                0x00000880       0x2c D:/STM32CubeIDE_1.15.0/STM32CubeIDE/plugins/com.st.stm32cube.ide.mcu.externaltools.gnu-tools-for-stm32.12.3.rel1.win32_1.0.100.202403111256/tools/bin/../lib/gcc/arm-none-eabi/12.3.1/../../../../arm-none-eabi/lib/thumb/v6-m/nofp\libc_nano.a(libc_a-makebuf.o)
 .ARM.attributes
                0x000008ac       0x2c D:/STM32CubeIDE_1.15.0/STM32CubeIDE/plugins/com.st.stm32cube.ide.mcu.externaltools.gnu-tools-for-stm32.12.3.rel1.win32_1.0.100.202403111256/tools/bin/../lib/gcc/arm-none-eabi/12.3.1/../../../../arm-none-eabi/lib/thumb/v6-m/nofp\libc_nano.a(libc_a-memmove.o)
 .ARM.attributes
                0x000008d8       0x2c D:/STM32CubeIDE_1.15.0/STM32CubeIDE/plugins/com.st.stm32cube.ide.mcu.externaltools.gnu-tools-for-stm32.12.3.rel1.win32_1.0.100.202403111256/tools/bin/../lib/gcc/arm-none-eabi/12.3.1/../../../../arm-none-eabi/lib/thumb/v6-m/nofp\libc_nano.a(libc_a-fstatr.o)
 .ARM.attributes
                0x00000904       0x2c D:/STM32CubeIDE_1.15.0/STM32CubeIDE/plugins/com.st.stm32cube.ide.mcu.externaltools.gnu-tools-for-stm32.12.3.rel1.win32_1.0.100.202403111256/tools/bin/../lib/gcc/arm-none-eabi/12.3.1/../../../../arm-none-eabi/lib/thumb/v6-m/nofp\libc_nano.a(libc_a-isattyr.o)
 .ARM.attributes
                0x00000930       0x2c D:/STM32CubeIDE_1.15.0/STM32CubeIDE/plugins/com.st.stm32cube.ide.mcu.externaltools.gnu-tools-for-stm32.12.3.rel1.win32_1.0.100.202403111256/tools/bin/../lib/gcc/arm-none-eabi/12.3.1/../../../../arm-none-eabi/lib/thumb/v6-m/nofp\libc_nano.a(libc_a-sbrkr.o)
 .ARM.attributes
                0x0000095c       0x2c D:/STM32CubeIDE_1.15.0/STM32CubeIDE/plugins/com.st.stm32cube.ide.mcu.externaltools.gnu-tools-for-stm32.12.3.rel1.win32_1.0.100.202403111256/tools/bin/../lib/gcc/arm-none-eabi/12.3.1/../../../../arm-none-eabi/lib/thumb/v6-m/nofp\libc_nano.a(libc_a-memchr-stub.o)
 .ARM.attributes
                0x00000988       0x2c D:/STM32CubeIDE_1.15.0/STM32CubeIDE/plugins/com.st.stm32cube.ide.mcu.externaltools.gnu-tools-for-stm32.12.3.rel1.win32_1.0.100.202403111256/tools/bin/../lib/gcc/arm-none-eabi/12.3.1/../../../../arm-none-eabi/lib/thumb/v6-m/nofp\libc_nano.a(libc_a-memcpy-stub.o)
 .ARM.attributes
                0x000009b4       0x2c D:/STM32CubeIDE_1.15.0/STM32CubeIDE/plugins/com.st.stm32cube.ide.mcu.externaltools.gnu-tools-for-stm32.12.3.rel1.win32_1.0.100.202403111256/tools/bin/../lib/gcc/arm-none-eabi/12.3.1/../../../../arm-none-eabi/lib/thumb/v6-m/nofp\libc_nano.a(libc_a-reallocr.o)
 .ARM.attributes
                0x000009e0       0x2c D:/STM32CubeIDE_1.15.0/STM32CubeIDE/plugins/com.st.stm32cube.ide.mcu.externaltools.gnu-tools-for-stm32.12.3.rel1.win32_1.0.100.202403111256/tools/bin/../lib/gcc/arm-none-eabi/12.3.1/../../../../arm-none-eabi/lib/thumb/v6-m/nofp\libc_nano.a(libc_a-msizer.o)
 .ARM.attributes
                0x00000a0c       0x1e D:/STM32CubeIDE_1.15.0/STM32CubeIDE/plugins/com.st.stm32cube.ide.mcu.externaltools.gnu-tools-for-stm32.12.3.rel1.win32_1.0.100.202403111256/tools/bin/../lib/gcc/arm-none-eabi/12.3.1/thumb/v6-m/nofp\libgcc.a(_thumb1_case_shi.o)
 .ARM.attributes
                0x00000a2a       0x1e D:/STM32CubeIDE_1.15.0/STM32CubeIDE/plugins/com.st.stm32cube.ide.mcu.externaltools.gnu-tools-for-stm32.12.3.rel1.win32_1.0.100.202403111256/tools/bin/../lib/gcc/arm-none-eabi/12.3.1/thumb/v6-m/nofp\libgcc.a(_udivsi3.o)
 .ARM.attributes
                0x00000a48       0x1e D:/STM32CubeIDE_1.15.0/STM32CubeIDE/plugins/com.st.stm32cube.ide.mcu.externaltools.gnu-tools-for-stm32.12.3.rel1.win32_1.0.100.202403111256/tools/bin/../lib/gcc/arm-none-eabi/12.3.1/thumb/v6-m/nofp\libgcc.a(_dvmd_tls.o)
 .ARM.attributes
                0x00000a66       0x1e D:/STM32CubeIDE_1.15.0/STM32CubeIDE/plugins/com.st.stm32cube.ide.mcu.externaltools.gnu-tools-for-stm32.12.3.rel1.win32_1.0.100.202403111256/tools/bin/../lib/gcc/arm-none-eabi/12.3.1/thumb/v6-m/nofp\libgcc.a(_aeabi_uldivmod.o)
 .ARM.attributes
                0x00000a84       0x2c D:/STM32CubeIDE_1.15.0/STM32CubeIDE/plugins/com.st.stm32cube.ide.mcu.externaltools.gnu-tools-for-stm32.12.3.rel1.win32_1.0.100.202403111256/tools/bin/../lib/gcc/arm-none-eabi/12.3.1/thumb/v6-m/nofp\libgcc.a(_muldi3.o)
 .ARM.attributes
                0x00000ab0       0x2c D:/STM32CubeIDE_1.15.0/STM32CubeIDE/plugins/com.st.stm32cube.ide.mcu.externaltools.gnu-tools-for-stm32.12.3.rel1.win32_1.0.100.202403111256/tools/bin/../lib/gcc/arm-none-eabi/12.3.1/thumb/v6-m/nofp\libgcc.a(_udivmoddi4.o)
 .ARM.attributes
                0x00000adc       0x1e D:/STM32CubeIDE_1.15.0/STM32CubeIDE/plugins/com.st.stm32cube.ide.mcu.externaltools.gnu-tools-for-stm32.12.3.rel1.win32_1.0.100.202403111256/tools/bin/../lib/gcc/arm-none-eabi/12.3.1/thumb/v6-m/nofp\libgcc.a(_clzdi2.o)
 .ARM.attributes
                0x00000afa       0x1e D:/STM32CubeIDE_1.15.0/STM32CubeIDE/plugins/com.st.stm32cube.ide.mcu.externaltools.gnu-tools-for-stm32.12.3.rel1.win32_1.0.100.202403111256/tools/bin/../lib/gcc/arm-none-eabi/12.3.1/thumb/v6-m/nofp\libgcc.a(_clzsi2.o)
 .ARM.attributes
                0x00000b18       0x1e D:/STM32CubeIDE_1.15.0/STM32CubeIDE/plugins/com.st.stm32cube.ide.mcu.externaltools.gnu-tools-for-stm32.12.3.rel1.win32_1.0.100.202403111256/tools/bin/../lib/gcc/arm-none-eabi/12.3.1/thumb/v6-m/nofp/crtn.o
OUTPUT(STM_UART_PLIKI_DANYCH.elf elf32-littlearm)
LOAD linker stubs
LOAD D:/STM32CubeIDE_1.15.0/STM32CubeIDE/plugins/com.st.stm32cube.ide.mcu.externaltools.gnu-tools-for-stm32.12.3.rel1.win32_1.0.100.202403111256/tools/bin/../lib/gcc/arm-none-eabi/12.3.1/../../../../arm-none-eabi/lib/thumb/v6-m/nofp\libc.a
LOAD D:/STM32CubeIDE_1.15.0/STM32CubeIDE/plugins/com.st.stm32cube.ide.mcu.externaltools.gnu-tools-for-stm32.12.3.rel1.win32_1.0.100.202403111256/tools/bin/../lib/gcc/arm-none-eabi/12.3.1/../../../../arm-none-eabi/lib/thumb/v6-m/nofp\libm.a
LOAD D:/STM32CubeIDE_1.15.0/STM32CubeIDE/plugins/com.st.stm32cube.ide.mcu.externaltools.gnu-tools-for-stm32.12.3.rel1.win32_1.0.100.202403111256/tools/bin/../lib/gcc/arm-none-eabi/12.3.1/thumb/v6-m/nofp\libgcc.a

.debug_info     0x00000000    0x11fa3
 .debug_info    0x00000000      0x125 ./Core/BSP/Components/gde021a1/font12epd.o
 .debug_info    0x00000125      0x125 ./Core/BSP/Components/gde021a1/font8epd.o
 .debug_info    0x0000024a      0x3fa ./Core/BSP/Components/gde021a1/gde021a1.o
 .debug_info    0x00000644      0xe58 ./Core/BSP/Components/gde021a1/stm32l0538_discovery.o
 .debug_info    0x0000149c      0x7ce ./Core/BSP/Components/gde021a1/stm32l0538_discovery_epd.o
 .debug_info    0x00001c6a      0x255 ./Core/SSD1306/fonts.o
 .debug_info    0x00001ebf     0x107a ./Core/SSD1306/ssd1306.o
 .debug_info    0x00002f39     0x16e7 ./Core/Src/main.o
 .debug_info    0x00004620     0x108e ./Core/Src/stm32l0xx_hal_msp.o
 .debug_info    0x000056ae      0x6a8 ./Core/Src/stm32l0xx_it.o
 .debug_info    0x00005d56      0x6a3 ./Core/Src/syscalls.o
 .debug_info    0x000063f9      0x168 ./Core/Src/sysmem.o
 .debug_info    0x00006561      0x2d0 ./Core/Src/system_stm32l0xx.o
 .debug_info    0x00006831       0x30 ./Core/Startup/startup_stm32l053c8tx.o
 .debug_info    0x00006861      0x863 ./Drivers/STM32L0xx_HAL_Driver/Src/stm32l0xx_hal.o
 .debug_info    0x000070c4      0x84f ./Drivers/STM32L0xx_HAL_Driver/Src/stm32l0xx_hal_cortex.o
 .debug_info    0x00007913      0x70b ./Drivers/STM32L0xx_HAL_Driver/Src/stm32l0xx_hal_dma.o
 .debug_info    0x0000801e      0x624 ./Drivers/STM32L0xx_HAL_Driver/Src/stm32l0xx_hal_gpio.o
 .debug_info    0x00008642     0x205f ./Drivers/STM32L0xx_HAL_Driver/Src/stm32l0xx_hal_i2c.o
 .debug_info    0x0000a6a1      0x884 ./Drivers/STM32L0xx_HAL_Driver/Src/stm32l0xx_hal_i2c_ex.o
 .debug_info    0x0000af25      0x9fd ./Drivers/STM32L0xx_HAL_Driver/Src/stm32l0xx_hal_rcc.o
 .debug_info    0x0000b922      0x7e6 ./Drivers/STM32L0xx_HAL_Driver/Src/stm32l0xx_hal_rcc_ex.o
 .debug_info    0x0000c108     0x15ca ./Drivers/STM32L0xx_HAL_Driver/Src/stm32l0xx_hal_spi.o
 .debug_info    0x0000d6d2     0x3b30 ./Drivers/STM32L0xx_HAL_Driver/Src/stm32l0xx_hal_uart.o
 .debug_info    0x00011202      0xda1 ./Drivers/STM32L0xx_HAL_Driver/Src/stm32l0xx_hal_uart_ex.o

.debug_abbrev   0x00000000     0x31d0
 .debug_abbrev  0x00000000       0xb1 ./Core/BSP/Components/gde021a1/font12epd.o
 .debug_abbrev  0x000000b1       0xb1 ./Core/BSP/Components/gde021a1/font8epd.o
 .debug_abbrev  0x00000162      0x217 ./Core/BSP/Components/gde021a1/gde021a1.o
 .debug_abbrev  0x00000379      0x2e0 ./Core/BSP/Components/gde021a1/stm32l0538_discovery.o
 .debug_abbrev  0x00000659      0x2bf ./Core/BSP/Components/gde021a1/stm32l0538_discovery_epd.o
 .debug_abbrev  0x00000918      0x11c ./Core/SSD1306/fonts.o
 .debug_abbrev  0x00000a34      0x329 ./Core/SSD1306/ssd1306.o
 .debug_abbrev  0x00000d5d      0x388 ./Core/Src/main.o
 .debug_abbrev  0x000010e5      0x1f3 ./Core/Src/stm32l0xx_hal_msp.o
 .debug_abbrev  0x000012d8      0x184 ./Core/Src/stm32l0xx_it.o
 .debug_abbrev  0x0000145c      0x1b6 ./Core/Src/syscalls.o
 .debug_abbrev  0x00001612       0xbc ./Core/Src/sysmem.o
 .debug_abbrev  0x000016ce      0x11c ./Core/Src/system_stm32l0xx.o
 .debug_abbrev  0x000017ea       0x24 ./Core/Startup/startup_stm32l053c8tx.o
 .debug_abbrev  0x0000180e      0x2a0 ./Drivers/STM32L0xx_HAL_Driver/Src/stm32l0xx_hal.o
 .debug_abbrev  0x00001aae      0x29b ./Drivers/STM32L0xx_HAL_Driver/Src/stm32l0xx_hal_cortex.o
 .debug_abbrev  0x00001d49      0x1cd ./Drivers/STM32L0xx_HAL_Driver/Src/stm32l0xx_hal_dma.o
 .debug_abbrev  0x00001f16      0x1ca ./Drivers/STM32L0xx_HAL_Driver/Src/stm32l0xx_hal_gpio.o
 .debug_abbrev  0x000020e0      0x270 ./Drivers/STM32L0xx_HAL_Driver/Src/stm32l0xx_hal_i2c.o
 .debug_abbrev  0x00002350      0x1b9 ./Drivers/STM32L0xx_HAL_Driver/Src/stm32l0xx_hal_i2c_ex.o
 .debug_abbrev  0x00002509      0x296 ./Drivers/STM32L0xx_HAL_Driver/Src/stm32l0xx_hal_rcc.o
 .debug_abbrev  0x0000279f      0x219 ./Drivers/STM32L0xx_HAL_Driver/Src/stm32l0xx_hal_rcc_ex.o
 .debug_abbrev  0x000029b8      0x27e ./Drivers/STM32L0xx_HAL_Driver/Src/stm32l0xx_hal_spi.o
 .debug_abbrev  0x00002c36      0x2e0 ./Drivers/STM32L0xx_HAL_Driver/Src/stm32l0xx_hal_uart.o
 .debug_abbrev  0x00002f16      0x2ba ./Drivers/STM32L0xx_HAL_Driver/Src/stm32l0xx_hal_uart_ex.o

.debug_aranges  0x00000000     0x1060
 .debug_aranges
                0x00000000       0x18 ./Core/BSP/Components/gde021a1/font12epd.o
 .debug_aranges
                0x00000018       0x18 ./Core/BSP/Components/gde021a1/font8epd.o
 .debug_aranges
                0x00000030       0x68 ./Core/BSP/Components/gde021a1/gde021a1.o
 .debug_aranges
                0x00000098       0xa0 ./Core/BSP/Components/gde021a1/stm32l0538_discovery.o
 .debug_aranges
                0x00000138       0xa0 ./Core/BSP/Components/gde021a1/stm32l0538_discovery_epd.o
 .debug_aranges
                0x000001d8       0x20 ./Core/SSD1306/fonts.o
 .debug_aranges
                0x000001f8       0xf8 ./Core/SSD1306/ssd1306.o
 .debug_aranges
                0x000002f0       0x70 ./Core/Src/main.o
 .debug_aranges
                0x00000360       0x50 ./Core/Src/stm32l0xx_hal_msp.o
 .debug_aranges
                0x000003b0       0x48 ./Core/Src/stm32l0xx_it.o
 .debug_aranges
                0x000003f8       0xa8 ./Core/Src/syscalls.o
 .debug_aranges
                0x000004a0       0x20 ./Core/Src/sysmem.o
 .debug_aranges
                0x000004c0       0x28 ./Core/Src/system_stm32l0xx.o
 .debug_aranges
                0x000004e8       0x28 ./Core/Startup/startup_stm32l053c8tx.o
 .debug_aranges
                0x00000510      0x110 ./Drivers/STM32L0xx_HAL_Driver/Src/stm32l0xx_hal.o
 .debug_aranges
                0x00000620       0xd8 ./Drivers/STM32L0xx_HAL_Driver/Src/stm32l0xx_hal_cortex.o
 .debug_aranges
                0x000006f8       0x80 ./Drivers/STM32L0xx_HAL_Driver/Src/stm32l0xx_hal_dma.o
 .debug_aranges
                0x00000778       0x58 ./Drivers/STM32L0xx_HAL_Driver/Src/stm32l0xx_hal_gpio.o
 .debug_aranges
                0x000007d0      0x2a0 ./Drivers/STM32L0xx_HAL_Driver/Src/stm32l0xx_hal_i2c.o
 .debug_aranges
                0x00000a70       0x48 ./Drivers/STM32L0xx_HAL_Driver/Src/stm32l0xx_hal_i2c_ex.o
 .debug_aranges
                0x00000ab8       0x80 ./Drivers/STM32L0xx_HAL_Driver/Src/stm32l0xx_hal_rcc.o
 .debug_aranges
                0x00000b38       0xb0 ./Drivers/STM32L0xx_HAL_Driver/Src/stm32l0xx_hal_rcc_ex.o
 .debug_aranges
                0x00000be8      0x1d0 ./Drivers/STM32L0xx_HAL_Driver/Src/stm32l0xx_hal_spi.o
 .debug_aranges
                0x00000db8      0x228 ./Drivers/STM32L0xx_HAL_Driver/Src/stm32l0xx_hal_uart.o
 .debug_aranges
                0x00000fe0       0x80 ./Drivers/STM32L0xx_HAL_Driver/Src/stm32l0xx_hal_uart_ex.o

.debug_macro    0x00000000    0x16336
 .debug_macro   0x00000000       0x73 ./Core/BSP/Components/gde021a1/font12epd.o
 .debug_macro   0x00000073      0xa8a ./Core/BSP/Components/gde021a1/font12epd.o
 .debug_macro   0x00000afd       0x22 ./Core/BSP/Components/gde021a1/font12epd.o
 .debug_macro   0x00000b1f       0x8e ./Core/BSP/Components/gde021a1/font12epd.o
 .debug_macro   0x00000bad       0x51 ./Core/BSP/Components/gde021a1/font12epd.o
 .debug_macro   0x00000bfe      0x103 ./Core/BSP/Components/gde021a1/font12epd.o
 .debug_macro   0x00000d01       0x6a ./Core/BSP/Components/gde021a1/font12epd.o
 .debug_macro   0x00000d6b      0x1df ./Core/BSP/Components/gde021a1/font12epd.o
 .debug_macro   0x00000f4a       0x73 ./Core/BSP/Components/gde021a1/font8epd.o
 .debug_macro   0x00000fbd       0x7c ./Core/BSP/Components/gde021a1/gde021a1.o
 .debug_macro   0x00001039       0xf4 ./Core/BSP/Components/gde021a1/gde021a1.o
 .debug_macro   0x0000112d      0x1f1 ./Core/BSP/Components/gde021a1/stm32l0538_discovery.o
 .debug_macro   0x0000131e      0x125 ./Core/BSP/Components/gde021a1/stm32l0538_discovery.o
 .debug_macro   0x00001443       0x2e ./Core/BSP/Components/gde021a1/stm32l0538_discovery.o
 .debug_macro   0x00001471       0x28 ./Core/BSP/Components/gde021a1/stm32l0538_discovery.o
 .debug_macro   0x00001499       0x1c ./Core/BSP/Components/gde021a1/stm32l0538_discovery.o
 .debug_macro   0x000014b5       0x22 ./Core/BSP/Components/gde021a1/stm32l0538_discovery.o
 .debug_macro   0x000014d7       0xaf ./Core/BSP/Components/gde021a1/stm32l0538_discovery.o
 .debug_macro   0x00001586      0x4da ./Core/BSP/Components/gde021a1/stm32l0538_discovery.o
 .debug_macro   0x00001a60      0x11f ./Core/BSP/Components/gde021a1/stm32l0538_discovery.o
 .debug_macro   0x00001b7f     0x9d22 ./Core/BSP/Components/gde021a1/stm32l0538_discovery.o
 .debug_macro   0x0000b8a1       0x66 ./Core/BSP/Components/gde021a1/stm32l0538_discovery.o
 .debug_macro   0x0000b907     0x3590 ./Core/BSP/Components/gde021a1/stm32l0538_discovery.o
 .debug_macro   0x0000ee97      0x189 ./Core/BSP/Components/gde021a1/stm32l0538_discovery.o
 .debug_macro   0x0000f020       0x5c ./Core/BSP/Components/gde021a1/stm32l0538_discovery.o
 .debug_macro   0x0000f07c      0x8e4 ./Core/BSP/Components/gde021a1/stm32l0538_discovery.o
 .debug_macro   0x0000f960      0x9d2 ./Core/BSP/Components/gde021a1/stm32l0538_discovery.o
 .debug_macro   0x00010332      0x190 ./Core/BSP/Components/gde021a1/stm32l0538_discovery.o
 .debug_macro   0x000104c2      0x13f ./Core/BSP/Components/gde021a1/stm32l0538_discovery.o
 .debug_macro   0x00010601      0x17d ./Core/BSP/Components/gde021a1/stm32l0538_discovery.o
 .debug_macro   0x0001077e       0x82 ./Core/BSP/Components/gde021a1/stm32l0538_discovery.o
 .debug_macro   0x00010800      0x28e ./Core/BSP/Components/gde021a1/stm32l0538_discovery.o
 .debug_macro   0x00010a8e      0x1e9 ./Core/BSP/Components/gde021a1/stm32l0538_discovery.o
 .debug_macro   0x00010c77      0x128 ./Core/BSP/Components/gde021a1/stm32l0538_discovery.o
 .debug_macro   0x00010d9f      0x2ab ./Core/BSP/Components/gde021a1/stm32l0538_discovery.o
 .debug_macro   0x0001104a      0x22c ./Core/BSP/Components/gde021a1/stm32l0538_discovery.o
 .debug_macro   0x00011276       0x5b ./Core/BSP/Components/gde021a1/stm32l0538_discovery.o
 .debug_macro   0x000112d1       0xa5 ./Core/BSP/Components/gde021a1/stm32l0538_discovery.o
 .debug_macro   0x00011376      0x180 ./Core/BSP/Components/gde021a1/stm32l0538_discovery.o
 .debug_macro   0x000114f6       0x16 ./Core/BSP/Components/gde021a1/stm32l0538_discovery.o
 .debug_macro   0x0001150c      0x22c ./Core/BSP/Components/gde021a1/stm32l0538_discovery.o
 .debug_macro   0x00011738      0x5cf ./Core/BSP/Components/gde021a1/stm32l0538_discovery.o
 .debug_macro   0x00011d07       0x44 ./Core/BSP/Components/gde021a1/stm32l0538_discovery.o
 .debug_macro   0x00011d4b      0x16c ./Core/BSP/Components/gde021a1/stm32l0538_discovery.o
 .debug_macro   0x00011eb7      0x192 ./Core/BSP/Components/gde021a1/stm32l0538_discovery.o
 .debug_macro   0x00012049      0x1fe ./Core/BSP/Components/gde021a1/stm32l0538_discovery_epd.o
 .debug_macro   0x00012247       0x10 ./Core/BSP/Components/gde021a1/stm32l0538_discovery_epd.o
 .debug_macro   0x00012257       0x22 ./Core/BSP/Components/gde021a1/stm32l0538_discovery_epd.o
 .debug_macro   0x00012279      0x198 ./Core/BSP/Components/gde021a1/stm32l0538_discovery_epd.o
 .debug_macro   0x00012411      0x29c ./Core/SSD1306/fonts.o
 .debug_macro   0x000126ad       0x61 ./Core/SSD1306/fonts.o
 .debug_macro   0x0001270e       0x24 ./Core/SSD1306/fonts.o
 .debug_macro   0x00012732       0x43 ./Core/SSD1306/fonts.o
 .debug_macro   0x00012775       0x34 ./Core/SSD1306/fonts.o
 .debug_macro   0x000127a9       0x16 ./Core/SSD1306/fonts.o
 .debug_macro   0x000127bf       0x43 ./Core/SSD1306/fonts.o
 .debug_macro   0x00012802       0x34 ./Core/SSD1306/fonts.o
 .debug_macro   0x00012836       0x10 ./Core/SSD1306/fonts.o
 .debug_macro   0x00012846       0x58 ./Core/SSD1306/fonts.o
 .debug_macro   0x0001289e       0x8e ./Core/SSD1306/fonts.o
 .debug_macro   0x0001292c       0x1c ./Core/SSD1306/fonts.o
 .debug_macro   0x00012948      0x177 ./Core/SSD1306/fonts.o
 .debug_macro   0x00012abf      0x369 ./Core/SSD1306/fonts.o
 .debug_macro   0x00012e28       0x10 ./Core/SSD1306/fonts.o
 .debug_macro   0x00012e38       0x35 ./Core/SSD1306/fonts.o
 .debug_macro   0x00012e6d       0x20 ./Core/SSD1306/fonts.o
 .debug_macro   0x00012e8d      0x327 ./Core/SSD1306/ssd1306.o
 .debug_macro   0x000131b4       0x16 ./Core/SSD1306/ssd1306.o
 .debug_macro   0x000131ca       0x16 ./Core/SSD1306/ssd1306.o
 .debug_macro   0x000131e0       0x29 ./Core/SSD1306/ssd1306.o
 .debug_macro   0x00013209       0x1d ./Core/SSD1306/ssd1306.o
 .debug_macro   0x00013226      0x38a ./Core/Src/main.o
 .debug_macro   0x000135b0       0x34 ./Core/Src/main.o
 .debug_macro   0x000135e4       0x1c ./Core/Src/main.o
 .debug_macro   0x00013600       0x10 ./Core/Src/main.o
 .debug_macro   0x00013610       0x1c ./Core/Src/main.o
 .debug_macro   0x0001362c       0x16 ./Core/Src/main.o
 .debug_macro   0x00013642      0x146 ./Core/Src/main.o
 .debug_macro   0x00013788       0x4c ./Core/Src/main.o
 .debug_macro   0x000137d4      0x19b ./Core/Src/main.o
 .debug_macro   0x0001396f      0x1d3 ./Core/Src/stm32l0xx_hal_msp.o
 .debug_macro   0x00013b42      0x1dd ./Core/Src/stm32l0xx_it.o
 .debug_macro   0x00013d1f      0x274 ./Core/Src/syscalls.o
 .debug_macro   0x00013f93       0x5b ./Core/Src/syscalls.o
 .debug_macro   0x00013fee       0x94 ./Core/Src/syscalls.o
 .debug_macro   0x00014082       0x57 ./Core/Src/syscalls.o
 .debug_macro   0x000140d9       0x10 ./Core/Src/syscalls.o
 .debug_macro   0x000140e9       0x10 ./Core/Src/syscalls.o
 .debug_macro   0x000140f9       0x10 ./Core/Src/syscalls.o
 .debug_macro   0x00014109       0x10 ./Core/Src/syscalls.o
 .debug_macro   0x00014119       0x1c ./Core/Src/syscalls.o
 .debug_macro   0x00014135       0x52 ./Core/Src/syscalls.o
 .debug_macro   0x00014187       0x22 ./Core/Src/syscalls.o
 .debug_macro   0x000141a9       0x10 ./Core/Src/syscalls.o
 .debug_macro   0x000141b9       0x52 ./Core/Src/syscalls.o
 .debug_macro   0x0001420b       0xcf ./Core/Src/syscalls.o
 .debug_macro   0x000142da       0x1c ./Core/Src/syscalls.o
 .debug_macro   0x000142f6       0x3d ./Core/Src/syscalls.o
 .debug_macro   0x00014333       0x35 ./Core/Src/syscalls.o
 .debug_macro   0x00014368      0x12c ./Core/Src/syscalls.o
 .debug_macro   0x00014494       0x10 ./Core/Src/syscalls.o
 .debug_macro   0x000144a4      0x242 ./Core/Src/syscalls.o
 .debug_macro   0x000146e6       0x10 ./Core/Src/syscalls.o
 .debug_macro   0x000146f6      0x18a ./Core/Src/syscalls.o
 .debug_macro   0x00014880       0x16 ./Core/Src/syscalls.o
 .debug_macro   0x00014896       0xce ./Core/Src/syscalls.o
 .debug_macro   0x00014964       0xff ./Core/Src/sysmem.o
 .debug_macro   0x00014a63      0x23c ./Core/Src/sysmem.o
 .debug_macro   0x00014c9f      0x1c4 ./Core/Src/system_stm32l0xx.o
 .debug_macro   0x00014e63      0x1e8 ./Drivers/STM32L0xx_HAL_Driver/Src/stm32l0xx_hal.o
 .debug_macro   0x0001504b      0x1c4 ./Drivers/STM32L0xx_HAL_Driver/Src/stm32l0xx_hal_cortex.o
 .debug_macro   0x0001520f      0x1c4 ./Drivers/STM32L0xx_HAL_Driver/Src/stm32l0xx_hal_dma.o
 .debug_macro   0x000153d3      0x1cb ./Drivers/STM32L0xx_HAL_Driver/Src/stm32l0xx_hal_gpio.o
 .debug_macro   0x0001559e      0x290 ./Drivers/STM32L0xx_HAL_Driver/Src/stm32l0xx_hal_i2c.o
 .debug_macro   0x0001582e      0x1c4 ./Drivers/STM32L0xx_HAL_Driver/Src/stm32l0xx_hal_i2c_ex.o
 .debug_macro   0x000159f2      0x1fa ./Drivers/STM32L0xx_HAL_Driver/Src/stm32l0xx_hal_rcc.o
 .debug_macro   0x00015bec      0x1c4 ./Drivers/STM32L0xx_HAL_Driver/Src/stm32l0xx_hal_rcc_ex.o
 .debug_macro   0x00015db0      0x1d3 ./Drivers/STM32L0xx_HAL_Driver/Src/stm32l0xx_hal_spi.o
 .debug_macro   0x00015f83      0x1ef ./Drivers/STM32L0xx_HAL_Driver/Src/stm32l0xx_hal_uart.o
 .debug_macro   0x00016172      0x1c4 ./Drivers/STM32L0xx_HAL_Driver/Src/stm32l0xx_hal_uart_ex.o

.debug_line     0x00000000    0x156f9
 .debug_line    0x00000000      0x415 ./Core/BSP/Components/gde021a1/font12epd.o
 .debug_line    0x00000415      0x414 ./Core/BSP/Components/gde021a1/font8epd.o
 .debug_line    0x00000829      0x7ce ./Core/BSP/Components/gde021a1/gde021a1.o
 .debug_line    0x00000ff7      0x9e2 ./Core/BSP/Components/gde021a1/stm32l0538_discovery.o
 .debug_line    0x000019d9      0xb4e ./Core/BSP/Components/gde021a1/stm32l0538_discovery_epd.o