../Core/Src/main.c:231:6:sendHexData	1584	static
../Core/Src/main.c:294:6:refreash_display	16	static
../Core/Src/main.c:302:5:_write	24	static
../Core/Src/main.c:313:5:main	48	static
../Core/Src/main.c:422:6:SystemClock_Config	128	static
../Core/Src/main.c:474:13:MX_I2C1_Init	8	static
../Core/Src/main.c:522:13:MX_SPI1_Init	8	static
../Core/Src/main.c:560:13:MX_USART1_UART_Init	8	static
../Core/Src/main.c:595:13:MX_GPIO_Init	48	static
../Core/Src/main.c:634:6:HAL_UART_RxCpltCallback	16	static
../Core/Src/main.c:650:6:Error_Handler	8	static,ignoring_inline_asm
