../Core/Src/main.c:231:6:sendHexData	1584	static
../Core/Src/main.c:294:6:refreash_display	24	static
../Core/Src/main.c:304:6:clear_ssd1306	8	static
../Core/Src/main.c:310:5:_write	24	static
../Core/Src/main.c:321:5:main	48	static
../Core/Src/main.c:430:6:SystemClock_Config	128	static
../Core/Src/main.c:482:13:MX_I2C1_Init	8	static
../Core/Src/main.c:530:13:MX_SPI1_Init	8	static
../Core/Src/main.c:568:13:MX_USART1_UART_Init	8	static
../Core/Src/main.c:603:13:MX_GPIO_Init	48	static
../Core/Src/main.c:642:6:HAL_UART_RxCpltCallback	16	static
../Core/Src/main.c:658:6:Error_Handler	8	static,ignoring_inline_asm
