../Core/BSP/Components/gde021a1/stm32l0538_discovery.c:137:10:BSP_GetVersion	8	static
../Core/BSP/Components/gde021a1/stm32l0538_discovery.c:150:6:BSP_LED_Init	40	static
../Core/BSP/Components/gde021a1/stm32l0538_discovery.c:175:6:BSP_LED_On	16	static
../Core/BSP/Components/gde021a1/stm32l0538_discovery.c:188:6:BSP_LED_Off	16	static
../Core/BSP/Components/gde021a1/stm32l0538_discovery.c:201:6:BSP_LED_Toggle	16	static
../Core/BSP/Components/gde021a1/stm32l0538_discovery.c:217:6:BSP_PB_Init	40	static
../Core/BSP/Components/gde021a1/stm32l0538_discovery.c:254:10:BSP_PB_GetState	16	static
../Core/BSP/Components/gde021a1/stm32l0538_discovery.c:269:13:SPIx_Init	8	static
../Core/BSP/Components/gde021a1/stm32l0538_discovery.c:301:17:SPIx_Read	40	static
../Core/BSP/Components/gde021a1/stm32l0538_discovery.c:324:13:SPIx_Write	32	static
../Core/BSP/Components/gde021a1/stm32l0538_discovery.c:343:13:SPIx_Error	8	static
../Core/BSP/Components/gde021a1/stm32l0538_discovery.c:357:13:SPIx_MspInit	48	static
../Core/BSP/Components/gde021a1/stm32l0538_discovery.c:391:6:EPD_IO_Init	56	static
../Core/BSP/Components/gde021a1/stm32l0538_discovery.c:447:6:EPD_IO_WriteData	16	static
../Core/BSP/Components/gde021a1/stm32l0538_discovery.c:467:6:EPD_IO_WriteReg	16	static
../Core/BSP/Components/gde021a1/stm32l0538_discovery.c:487:10:EPD_IO_ReadData	8	static
../Core/BSP/Components/gde021a1/stm32l0538_discovery.c:504:6:EPD_Delay	16	static
